Component: ARM Compiler 5.06 update 5 (build 528) Tool: armlink [4d35e2]

==============================================================================

Section Cross References

    startup_stm32f767xx.o(RESET) refers to startup_stm32f767xx.o(STACK) for __initial_sp
    startup_stm32f767xx.o(RESET) refers to startup_stm32f767xx.o(.text) for Reset_Handler
    startup_stm32f767xx.o(RESET) refers to stm32f7xx_it.o(i.NMI_Handler) for NMI_Handler
    startup_stm32f767xx.o(RESET) refers to stm32f7xx_it.o(i.HardFault_Handler) for HardFault_Handler
    startup_stm32f767xx.o(RESET) refers to stm32f7xx_it.o(i.MemManage_Handler) for MemManage_Handler
    startup_stm32f767xx.o(RESET) refers to stm32f7xx_it.o(i.BusFault_Handler) for BusFault_Handler
    startup_stm32f767xx.o(RESET) refers to stm32f7xx_it.o(i.UsageFault_Handler) for UsageFault_Handler
    startup_stm32f767xx.o(RESET) refers to stm32f7xx_it.o(i.SVC_Handler) for SVC_Handler
    startup_stm32f767xx.o(RESET) refers to stm32f7xx_it.o(i.DebugMon_Handler) for DebugMon_Handler
    startup_stm32f767xx.o(RESET) refers to stm32f7xx_it.o(i.PendSV_Handler) for PendSV_Handler
    startup_stm32f767xx.o(RESET) refers to stm32f7xx_it.o(i.SysTick_Handler) for SysTick_Handler
    startup_stm32f767xx.o(RESET) refers to stm32f7xx_it.o(i.DMA1_Stream0_IRQHandler) for DMA1_Stream0_IRQHandler
    startup_stm32f767xx.o(RESET) refers to stm32f7xx_it.o(i.DMA1_Stream1_IRQHandler) for DMA1_Stream1_IRQHandler
    startup_stm32f767xx.o(RESET) refers to stm32f7xx_it.o(i.TIM8_TRG_COM_TIM14_IRQHandler) for TIM8_TRG_COM_TIM14_IRQHandler
    startup_stm32f767xx.o(RESET) refers to stm32f7xx_it.o(i.DMA2_Stream0_IRQHandler) for DMA2_Stream0_IRQHandler
    startup_stm32f767xx.o(RESET) refers to stm32f7xx_it.o(i.DMA2_Stream3_IRQHandler) for DMA2_Stream3_IRQHandler
    startup_stm32f767xx.o(RESET) refers to stm32f7xx_it.o(i.OTG_FS_IRQHandler) for OTG_FS_IRQHandler
    startup_stm32f767xx.o(RESET) refers to stm32f7xx_it.o(i.DMA2_Stream5_IRQHandler) for DMA2_Stream5_IRQHandler
    startup_stm32f767xx.o(RESET) refers to stm32f7xx_it.o(i.DMA2_Stream6_IRQHandler) for DMA2_Stream6_IRQHandler
    startup_stm32f767xx.o(.text) refers to system_stm32f7xx.o(i.SystemInit) for SystemInit
    startup_stm32f767xx.o(.text) refers to entry.o(.ARM.Collect$$$$00000000) for __main
    main.o(i.MX_DMA_Init) refers to stm32f7xx_hal_cortex.o(i.HAL_NVIC_SetPriority) for HAL_NVIC_SetPriority
    main.o(i.MX_DMA_Init) refers to stm32f7xx_hal_cortex.o(i.HAL_NVIC_EnableIRQ) for HAL_NVIC_EnableIRQ
    main.o(i.MX_GPIO_Init) refers to stm32f7xx_hal_gpio.o(i.HAL_GPIO_WritePin) for HAL_GPIO_WritePin
    main.o(i.MX_GPIO_Init) refers to stm32f7xx_hal_gpio.o(i.HAL_GPIO_Init) for HAL_GPIO_Init
    main.o(i.MX_SPI2_Init) refers to stm32f7xx_hal_spi.o(i.HAL_SPI_Init) for HAL_SPI_Init
    main.o(i.MX_SPI2_Init) refers to main.o(.bss) for .bss
    main.o(i.MX_SPI3_Init) refers to stm32f7xx_hal_spi.o(i.HAL_SPI_Init) for HAL_SPI_Init
    main.o(i.MX_SPI3_Init) refers to main.o(.bss) for .bss
    main.o(i.MX_SPI4_Init) refers to stm32f7xx_hal_spi.o(i.HAL_SPI_Init) for HAL_SPI_Init
    main.o(i.MX_SPI4_Init) refers to main.o(.bss) for .bss
    main.o(i.MX_SPI5_Init) refers to stm32f7xx_hal_spi.o(i.HAL_SPI_Init) for HAL_SPI_Init
    main.o(i.MX_SPI5_Init) refers to main.o(.bss) for .bss
    main.o(i.MX_SPI6_Init) refers to stm32f7xx_hal_spi.o(i.HAL_SPI_Init) for HAL_SPI_Init
    main.o(i.MX_SPI6_Init) refers to main.o(.bss) for .bss
    main.o(i.SystemClock_Config) refers to stm32f7xx_hal_rcc.o(i.HAL_RCC_OscConfig) for HAL_RCC_OscConfig
    main.o(i.SystemClock_Config) refers to stm32f7xx_hal_pwr_ex.o(i.HAL_PWREx_EnableOverDrive) for HAL_PWREx_EnableOverDrive
    main.o(i.SystemClock_Config) refers to stm32f7xx_hal_rcc.o(i.HAL_RCC_ClockConfig) for HAL_RCC_ClockConfig
    main.o(i.SystemClock_Config) refers to stm32f7xx_hal_rcc_ex.o(i.HAL_RCCEx_PeriphCLKConfig) for HAL_RCCEx_PeriphCLKConfig
    main.o(i.SystemClock_Config) refers to stm32f7xx_hal_rcc.o(i.HAL_RCC_MCOConfig) for HAL_RCC_MCOConfig
    main.o(i.SystemClock_Config) refers to stm32f7xx_hal_rcc.o(i.HAL_RCC_GetHCLKFreq) for HAL_RCC_GetHCLKFreq
    main.o(i.SystemClock_Config) refers to stm32f7xx_hal_cortex.o(i.HAL_SYSTICK_Config) for HAL_SYSTICK_Config
    main.o(i.SystemClock_Config) refers to stm32f7xx_hal_cortex.o(i.HAL_SYSTICK_CLKSourceConfig) for HAL_SYSTICK_CLKSourceConfig
    main.o(i.SystemClock_Config) refers to stm32f7xx_hal_cortex.o(i.HAL_NVIC_SetPriority) for HAL_NVIC_SetPriority
    main.o(i.main) refers to stm32f7xx_hal.o(i.HAL_Init) for HAL_Init
    main.o(i.main) refers to main.o(i.SystemClock_Config) for SystemClock_Config
    main.o(i.main) refers to main.o(i.MX_GPIO_Init) for MX_GPIO_Init
    main.o(i.main) refers to main.o(i.MX_DMA_Init) for MX_DMA_Init
    main.o(i.main) refers to main.o(i.MX_SPI3_Init) for MX_SPI3_Init
    main.o(i.main) refers to main.o(i.MX_SPI2_Init) for MX_SPI2_Init
    main.o(i.main) refers to main.o(i.MX_SPI6_Init) for MX_SPI6_Init
[...]
    Files                                    0x200286f4   Data          80  ff.o(.bss)
    .bss                                     0x20028744   Section       12  ff_gen_drv.o(.bss)
    HEAP                                     0x20028750   Section    61440  startup_stm32f767xx.o(HEAP)
    STACK                                    0x20037750   Section    61440  startup_stm32f767xx.o(STACK)

    Global Symbols

    Symbol Name                              Value     Ov Type        Size  Object(Section)

    BuildAttributes$$THM_ISAv4$E$P$D$K$B$S$7EM$VFPv5_D16$PE$PLD8$A:L22UL41UL21$X:L11$S22US41US21$IEEE1$IW$USESV6$~STKCKD$USESV7$~SHL$OSPACE$EBA8$MICROLIB$REQ8$PRES8$EABIv2 0x00000000   Number         0  anon$$obj.o ABSOLUTE
    __ARM_use_no_argv                        0x00000000   Number         0  main.o ABSOLUTE
    __cpp_initialize__aeabi_                  - Undefined Weak Reference
    __cxa_finalize                            - Undefined Weak Reference
    _clock_init                               - Undefined Weak Reference
    _microlib_exit                            - Undefined Weak Reference
    __Vectors_Size                           0x000001f8   Number         0  startup_stm32f767xx.o ABSOLUTE
    __Vectors                                0x08000000   Data           4  startup_stm32f767xx.o(RESET)
    __Vectors_End                            0x080001f8   Data           0  startup_stm32f767xx.o(RESET)
    __main                                   0x080001f9   Thumb Code     0  entry.o(.ARM.Collect$$$$00000000)
    _main_stk                                0x080001f9   Thumb Code     0  entry2.o(.ARM.Collect$$$$00000001)
    _main_scatterload                        0x080001fd   Thumb Code     0  entry5.o(.ARM.Collect$$$$00000004)
    __main_after_scatterload                 0x08000201   Thumb Code     0  entry5.o(.ARM.Collect$$$$00000004)
    _main_clock                              0x08000201   Thumb Code     0  entry7b.o(.ARM.Collect$$$$00000008)
    _main_cpp_init                           0x08000201   Thumb Code     0  entry8b.o(.ARM.Collect$$$$0000000A)
    _main_init                               0x08000201   Thumb Code     0  entry9a.o(.ARM.Collect$$$$0000000B)
    __rt_final_cpp                           0x08000209   Thumb Code     0  entry10a.o(.ARM.Collect$$$$0000000D)
    __rt_final_exit                          0x08000209   Thumb Code     0  entry11a.o(.ARM.Collect$$$$0000000F)
    Reset_Handler                            0x0800020d   Thumb Code     8  startup_stm32f767xx.o(.text)
    ADC_IRQHandler                           0x08000227   Thumb Code     0  startup_stm32f767xx.o(.text)
    CAN1_RX0_IRQHandler                      0x08000227   Thumb Code     0  startup_stm32f767xx.o(.text)
    CAN1_RX1_IRQHandler                      0x08000227   Thumb Code     0  startup_stm32f767xx.o(.text)
    CAN1_SCE_IRQHandler                      0x08000227   Thumb Code     0  startup_stm32f767xx.o(.text)
    CAN1_TX_IRQHandler                       0x08000227   Thumb Code     0  startup_stm32f767xx.o(.text)
    CAN2_RX0_IRQHandler                      0x08000227   Thumb Code     0  startup_stm32f767xx.o(.text)
    CAN2_RX1_IRQHandler                      0x08000227   Thumb Code     0  startup_stm32f767xx.o(.text)
    CAN2_SCE_IRQHandler                      0x08000227   Thumb Code     0  startup_stm32f767xx.o(.text)
    CAN2_TX_IRQHandler                       0x08000227   Thumb Code     0  startup_stm32f767xx.o(.text)
    CAN3_RX0_IRQHandler                      0x08000227   Thumb Code     0  startup_stm32f767xx.o(.text)
    CAN3_RX1_IRQHandler                      0x08000227   Thumb Code     0  startup_stm32f767xx.o(.text)
    CAN3_SCE_IRQHandler                      0x08000227   Thumb Code     0  startup_stm32f767xx.o(.text)
    CAN3_TX_IRQHandler                       0x08000227   Thumb Code     0  startup_stm32f767xx.o(.text)
    CEC_IRQHandler                           0x08000227   Thumb Code     0  startup_stm32f767xx.o(.text)
    DCMI_IRQHandler                          0x08000227   Thumb Code     0  startup_stm32f767xx.o(.text)
    DFSDM1_FLT0_IRQHandler                   0x08000227   Thumb Code     0  startup_stm32f767xx.o(.text)
    DFSDM1_FLT1_IRQHandler                   0x08000227   Thumb Code     0  startup_stm32f767xx.o(.text)
    DFSDM1_FLT2_IRQHandler                   0x08000227   Thumb Code     0  startup_stm32f767xx.o(.text)
    DFSDM1_FLT3_IRQHandler                   0x08000227   Thumb Code     0  startup_stm32f767xx.o(.text)
    DMA1_Stream2_IRQHandler                  0x08000227   Thumb Code     0  startup_stm32f767xx.o(.text)
    DMA1_Stream3_IRQHandler                  0x08000227   Thumb Code     0  startup_stm32f767xx.o(.text)
    DMA1_Stream4_IRQHandler                  0x08000227   Thumb Code     0  startup_stm32f767xx.o(.text)
    DMA1_Stream5_IRQHandler                  0x08000227   Thumb Code     0  startup_stm32f767xx.o(.text)
    DMA1_Stream6_IRQHandler                  0x08000227   Thumb Code     0  startup_stm32f767xx.o(.text)
    DMA1_Stream7_IRQHandler                  0x08000227   Thumb Code     0  startup_stm32f767xx.o(.text)
    DMA2D_IRQHandler                         0x08000227   Thumb Code     0  startup_stm32f767xx.o(.text)
    DMA2_Stream1_IRQHandler                  0x08000227   Thumb Code     0  startup_stm32f767xx.o(.text)
    DMA2_Stream2_IRQHandler                  0x08000227   Thumb Code     0  startup_stm32f767xx.o(.text)
    DMA2_Stream4_IRQHandler                  0x08000227   Thumb Code     0  startup_stm32f767xx.o(.text)
    DMA2_Stream7_IRQHandler                  0x08000227   Thumb Code     0  startup_stm32f767xx.o(.text)
    ETH_IRQHandler                           0x08000227   Thumb Code     0  startup_stm32f767xx.o(.text)
    ETH_WKUP_IRQHandler                      0x08000227   Thumb Code     0  startup_stm32f767xx.o(.text)
    EXTI0_IRQHandler                         0x08000227   Thumb Code     0  startup_stm32f767xx.o(.text)
    EXTI15_10_IRQHandler                     0x08000227   Thumb Code     0  startup_stm32f767xx.o(.text)
    EXTI1_IRQHandler                         0x08000227   Thumb Code     0  startup_stm32f767xx.o(.text)
    EXTI2_IRQHandler                         0x08000227   Thumb Code     0  startup_stm32f767xx.o(.text)
    EXTI3_IRQHandler                         0x08000227   Thumb Code     0  startup_stm32f767xx.o(.text)
    EXTI4_IRQHandler                         0x08000227   Thumb Code     0  startup_stm32f767xx.o(.text)
    EXTI9_5_IRQHandler                       0x08000227   Thumb Code     0  startup_stm32f767xx.o(.text)
    FLASH_IRQHandler                         0x08000227   Thumb Code     0  startup_stm32f767xx.o(.text)
    FMC_IRQHandler                           0x08000227   Thumb Code     0  startup_stm32f767xx.o(.text)
    FPU_IRQHandler                           0x08000227   Thumb Code     0  startup_stm32f767xx.o(.text)
    I2C1_ER_IRQHandler                       0x08000227   Thumb Code     0  startup_stm32f767xx.o(.text)
    I2C1_EV_IRQHandler                       0x08000227   Thumb Code     0  startup_stm32f767xx.o(.text)
    I2C2_ER_IRQHandler                       0x08000227   Thumb Code     0  startup_stm32f767xx.o(.text)
    I2C2_EV_IRQHandler                       0x08000227   Thumb Code     0  startup_stm32f767xx.o(.text)
    I2C3_ER_IRQHandler                       0x08000227   Thumb Code     0  startup_stm32f767xx.o(.text)
    I2C3_EV_IRQHandler                       0x08000227   Thumb Code     0  startup_stm32f767xx.o(.text)
    I2C4_ER_IRQHandler                       0x08000227   Thumb Code     0  startup_stm32f767xx.o(.text)
    I2C4_EV_IRQHandler                       0x08000227   Thumb Code     0  startup_stm32f767xx.o(.text)
    JPEG_IRQHandler                          0x08000227   Thumb Code     0  startup_stm32f767xx.o(.text)
    LPTIM1_IRQHandler                        0x08000227   Thumb Code     0  startup_stm32f767xx.o(.text)
    LTDC_ER_IRQHandler                       0x08000227   Thumb Code     0  startup_stm32f767xx.o(.text)
    LTDC_IRQHandler                          0x08000227   Thumb Code     0  startup_stm32f767xx.o(.text)
    MDIOS_IRQHandler                         0x08000227   Thumb Code     0  startup_stm32f767xx.o(.text)
    OTG_FS_WKUP_IRQHandler                   0x08000227   Thumb Code     0  startup_stm32f767xx.o(.text)
    OTG_HS_EP1_IN_IRQHandler                 0x08000227   Thumb Code     0  startup_stm32f767xx.o(.text)
    OTG_HS_EP1_OUT_IRQHandler                0x08000227   Thumb Code     0  startup_stm32f767xx.o(.text)
    OTG_HS_IRQHandler                        0x08000227   Thumb Code     0  startup_stm32f767xx.o(.text)
    OTG_HS_WKUP_IRQHandler                   0x08000227   Thumb Code     0  startup_stm32f767xx.o(.text)
    PVD_IRQHandler                           0x08000227   Thumb Code     0  startup_stm32f767xx.o(.text)
    QUADSPI_IRQHandler                       0x08000227   Thumb Code     0  startup_stm32f767xx.o(.text)
    RCC_IRQHandler                           0x08000227   Thumb Code     0  startup_stm32f767xx.o(.text)
    RNG_IRQHandler                           0x08000227   Thumb Code     0  startup_stm32f767xx.o(.text)
    RTC_Alarm_IRQHandler                     0x08000227   Thumb Code     0  startup_stm32f767xx.o(.text)
    RTC_WKUP_IRQHandler                      0x08000227   Thumb Code     0  startup_stm32f767xx.o(.text)
    SAI1_IRQHandler                          0x08000227   Thumb Code     0  startup_stm32f767xx.o(.text)
    SAI2_IRQHandler                          0x08000227   Thumb Code     0  startup_stm32f767xx.o(.text)
    SDMMC1_IRQHandler                        0x08000227   Thumb Code     0  startup_stm32f767xx.o(.text)
    SDMMC2_IRQHandler                        0x08000227   Thumb Code     0  startup_stm32f767xx.o(.text)
    SPDIF_RX_IRQHandler                      0x08000227   Thumb Code     0  startup_stm32f767xx.o(.text)
    SPI1_IRQHandler                          0x08000227   Thumb Code     0  startup_stm32f767xx.o(.text)
    SPI2_IRQHandler                          0x08000227   Thumb Code     0  startup_stm32f767xx.o(.text)
    SPI3_IRQHandler                          0x08000227   Thumb Code     0  startup_stm32f767xx.o(.text)
    SPI4_IRQHandler                          0x08000227   Thumb Code     0  startup_stm32f767xx.o(.text)
    SPI5_IRQHandler                          0x08000227   Thumb Code     0  startup_stm32f767xx.o(.text)
    SPI6_IRQHandler                          0x08000227   Thumb Code     0  startup_stm32f767xx.o(.text)
    TAMP_STAMP_IRQHandler                    0x08000227   Thumb Code     0  startup_stm32f767xx.o(.text)
    TIM1_BRK_TIM9_IRQHandler                 0x08000227   Thumb Code     0  startup_stm32f767xx.o(.text)
    TIM1_CC_IRQHandler                       0x08000227   Thumb Code     0  startup_stm32f767xx.o(.text)
    TIM1_TRG_COM_TIM11_IRQHandler            0x08000227   Thumb Code     0  startup_stm32f767xx.o(.text)
    TIM1_UP_TIM10_IRQHandler                 0x08000227   Thumb Code     0  startup_stm32f767xx.o(.text)
    TIM2_IRQHandler                          0x08000227   Thumb Code     0  startup_stm32f767xx.o(.text)
    TIM3_IRQHandler                          0x08000227   Thumb Code     0  startup_stm32f767xx.o(.text)
    TIM4_IRQHandler                          0x08000227   Thumb Code     0  startup_stm32f767xx.o(.text)
    TIM5_IRQHandler                          0x08000227   Thumb Code     0  startup_stm32f767xx.o(.text)
    TIM6_DAC_IRQHandler                      0x08000227   Thumb Code     0  startup_stm32f767xx.o(.text)
    TIM7_IRQHandler                          0x08000227   Thumb Code     0  startup_stm32f767xx.o(.text)
    TIM8_BRK_TIM12_IRQHandler                0x08000227   Thumb Code     0  startup_stm32f767xx.o(.text)
    TIM8_CC_IRQHandler                       0x08000227   Thumb Code     0  startup_stm32f767xx.o(.text)
    TIM8_UP_TIM13_IRQHandler                 0x08000227   Thumb Code     0  startup_stm32f767xx.o(.text)
    UART4_IRQHandler                         0x08000227   Thumb Code     0  startup_stm32f767xx.o(.text)
    UART5_IRQHandler                         0x08000227   Thumb Code     0  startup_stm32f767xx.o(.text)
    UART7_IRQHandler                         0x08000227   Thumb Code     0  startup_stm32f767xx.o(.text)
    UART8_IRQHandler                         0x08000227   Thumb Code     0  startup_stm32f767xx.o(.text)
    USART1_IRQHandler                        0x08000227   Thumb Code     0  startup_stm32f767xx.o(.text)
    USART2_IRQHandler                        0x08000227   Thumb Code     0  startup_stm32f767xx.o(.text)
    USART3_IRQHandler                        0x08000227   Thumb Code     0  startup_stm32f767xx.o(.text)
    USART6_IRQHandler                        0x08000227   Thumb Code     0  startup_stm32f767xx.o(.text)
    WWDG_IRQHandler                          0x08000227   Thumb Code     0  startup_stm32f767xx.o(.text)
    __aeabi_uldivmod                         0x08000231   Thumb Code    98  uldiv.o(.text)
    __aeabi_memcpy                           0x08000293   Thumb Code    36  memcpya.o(.text)
    __aeabi_memcpy4                          0x08000293   Thumb Code     0  memcpya.o(.text)
    __aeabi_memcpy8                          0x08000293   Thumb Code     0  memcpya.o(.text)
    __aeabi_memset                           0x080002b7   Thumb Code    14  memseta.o(.text)
    __aeabi_memset4                          0x080002b7   Thumb Code     0  memseta.o(.text)
    __aeabi_memset8                          0x080002b7   Thumb Code     0  memseta.o(.text)
    __aeabi_memclr                           0x080002c5   Thumb Code     4  memseta.o(.text)
    __aeabi_memclr4                          0x080002c5   Thumb Code     0  memseta.o(.text)
    __aeabi_memclr8                          0x080002c5   Thumb Code     0  memseta.o(.text)
    _memset$wrapper                          0x080002c9   Thumb Code    18  memseta.o(.text)
    __aeabi_llsl                             0x080002db   Thumb Code    30  llshl.o(.text)
    _ll_shift_l                              0x080002db   Thumb Code     0  llshl.o(.text)
    __aeabi_llsr                             0x080002f9   Thumb Code    32  llushr.o(.text)
    _ll_ushift_r                             0x080002f9   Thumb Code     0  llushr.o(.text)
    __scatterload                            0x08000319   Thumb Code    28  init.o(.text)
    __scatterload_rt2                        0x08000319   Thumb Code     0  init.o(.text)
    __decompress                             0x0800033d   Thumb Code     0  __dczerorl2.o(.text)
    __decompress1                            0x0800033d   Thumb Code    86  __dczerorl2.o(.text)
    BSP_SD_GetCardInfo                       0x080003b1   Thumb Code     8  bsp_driver_sd.o(i.BSP_SD_GetCardInfo)
    BSP_SD_GetCardState                      0x080003bd   Thumb Code    20  bsp_driver_sd.o(i.BSP_SD_GetCardState)
    BSP_SD_Init                              0x080003d5   Thumb Code    48  bsp_driver_sd.o(i.BSP_SD_Init)
    BSP_SD_ReadBlocks                        0x08000409   Thumb Code    26  bsp_driver_sd.o(i.BSP_SD_ReadBlocks)
    BSP_SD_WriteBlocks                       0x08000429   Thumb Code    26  bsp_driver_sd.o(i.BSP_SD_WriteBlocks)
    BusFault_Handler                         0x08000449   Thumb Code     2  stm32f7xx_it.o(i.BusFault_Handler)
    DMA1_Stream0_IRQHandler                  0x0800044d   Thumb Code     6  stm32f7xx_it.o(i.DMA1_Stream0_IRQHandler)
    DMA1_Stream1_IRQHandler                  0x08000459   Thumb Code     6  stm32f7xx_it.o(i.DMA1_Stream1_IRQHandler)
    DMA2_Stream0_IRQHandler                  0x08000465   Thumb Code     6  stm32f7xx_it.o(i.DMA2_Stream0_IRQHandler)
    DMA2_Stream3_IRQHandler                  0x08000471   Thumb Code     6  stm32f7xx_it.o(i.DMA2_Stream3_IRQHandler)
    DMA2_Stream5_IRQHandler                  0x0800047d   Thumb Code     6  stm32f7xx_it.o(i.DMA2_Stream5_IRQHandler)
    DMA2_Stream6_IRQHandler                  0x08000489   Thumb Code     6  stm32f7xx_it.o(i.DMA2_Stream6_IRQHandler)
    DebugMon_Handler                         0x08000539   Thumb Code     2  stm32f7xx_it.o(i.DebugMon_Handler)
    FATFS_LinkDriver                         0x0800053b   Thumb Code     6  ff_gen_drv.o(i.FATFS_LinkDriver)
    FATFS_LinkDriverEx                       0x08000541   Thumb Code    58  ff_gen_drv.o(i.FATFS_LinkDriverEx)
    HAL_DMA_IRQHandler                       0x08000581   Thumb Code   412  stm32f7xx_hal_dma.o(i.HAL_DMA_IRQHandler)
    HAL_DMA_Init                             0x08000721   Thumb Code   222  stm32f7xx_hal_dma.o(i.HAL_DMA_Init)
    HAL_DMA_Start_IT                         0x08000805   Thumb Code   122  stm32f7xx_hal_dma.o(i.HAL_DMA_Start_IT)
    HAL_Delay                                0x08000881   Thumb Code    32  stm32f7xx_hal.o(i.HAL_Delay)
    HAL_GPIO_Init                            0x080008a5   Thumb Code   418  stm32f7xx_hal_gpio.o(i.HAL_GPIO_Init)
    HAL_GPIO_WritePin                        0x08000a7d   Thumb Code    10  stm32f7xx_hal_gpio.o(i.HAL_GPIO_WritePin)
    HAL_GetTick                              0x08000a89   Thumb Code     6  stm32f7xx_hal.o(i.HAL_GetTick)
    HAL_IncTick                              0x08000a95   Thumb Code    12  stm32f7xx_hal.o(i.HAL_IncTick)
    HAL_Init                                 0x08000aa5   Thumb Code    22  stm32f7xx_hal.o(i.HAL_Init)
    HAL_InitTick                             0x08000abd   Thumb Code    54  stm32f7xx_hal.o(i.HAL_InitTick)
    HAL_MspInit                              0x08000afd   Thumb Code   126  stm32f7xx_hal_msp.o(i.HAL_MspInit)
    HAL_NVIC_EnableIRQ                       0x08000b81   Thumb Code    22  stm32f7xx_hal_cortex.o(i.HAL_NVIC_EnableIRQ)
    HAL_NVIC_SetPriority                     0x08000b99   Thumb Code    60  stm32f7xx_hal_cortex.o(i.HAL_NVIC_SetPriority)
    HAL_NVIC_SetPriorityGrouping             0x08000bd9   Thumb Code    28  stm32f7xx_hal_cortex.o(i.HAL_NVIC_SetPriorityGrouping)
    HAL_PCDEx_ActivateLPM                    0x08000bfd   Thumb Code    34  stm32f7xx_hal_pcd_ex.o(i.HAL_PCDEx_ActivateLPM)
    HAL_PCDEx_LPM_Callback                   0x08000c25   Thumb Code     2  stm32f7xx_hal_pcd_ex.o(i.HAL_PCDEx_LPM_Callback)
    HAL_PCDEx_SetRxFiFo                      0x08000c27   Thumb Code     8  stm32f7xx_hal_pcd_ex.o(i.HAL_PCDEx_SetRxFiFo)
    HAL_PCDEx_SetTxFiFo                      0x08000c2f   Thumb Code    72  stm32f7xx_hal_pcd_ex.o(i.HAL_PCDEx_SetTxFiFo)
    HAL_PCD_ConnectCallback                  0x08000c77   Thumb Code     8  usbd_conf.o(i.HAL_PCD_ConnectCallback)
    HAL_PCD_DataInStageCallback              0x08000c7f   Thumb Code    18  usbd_conf.o(i.HAL_PCD_DataInStageCallback)
    HAL_PCD_DataOutStageCallback             0x08000c91   Thumb Code    20  usbd_conf.o(i.HAL_PCD_DataOutStageCallback)
    HAL_PCD_DisconnectCallback               0x08000ca5   Thumb Code     8  usbd_conf.o(i.HAL_PCD_DisconnectCallback)
    HAL_PCD_EP_Close                         0x08000cad   Thumb Code    68  stm32f7xx_hal_pcd.o(i.HAL_PCD_EP_Close)
    HAL_PCD_EP_ClrStall                      0x08000cf1   Thumb Code    94  stm32f7xx_hal_pcd.o(i.HAL_PCD_EP_ClrStall)
    HAL_PCD_EP_Open                          0x08000d4f   Thumb Code    86  stm32f7xx_hal_pcd.o(i.HAL_PCD_EP_Open)
    HAL_PCD_EP_Receive                       0x08000da5   Thumb Code    68  stm32f7xx_hal_pcd.o(i.HAL_PCD_EP_Receive)
    HAL_PCD_EP_SetStall                      0x08000de9   Thumb Code   110  stm32f7xx_hal_pcd.o(i.HAL_PCD_EP_SetStall)
    HAL_PCD_EP_Transmit                      0x08000e57   Thumb Code    68  stm32f7xx_hal_pcd.o(i.HAL_PCD_EP_Transmit)
    HAL_PCD_IRQHandler                       0x08000e9d   Thumb Code  1344  stm32f7xx_hal_pcd.o(i.HAL_PCD_IRQHandler)
    HAL_PCD_ISOINIncompleteCallback          0x08001425   Thumb Code     8  usbd_conf.o(i.HAL_PCD_ISOINIncompleteCallback)
    HAL_PCD_ISOOUTIncompleteCallback         0x0800142d   Thumb Code     8  usbd_conf.o(i.HAL_PCD_ISOOUTIncompleteCallback)
    HAL_PCD_Init                             0x08001435   Thumb Code   208  stm32f7xx_hal_pcd.o(i.HAL_PCD_Init)
    HAL_PCD_MspInit                          0x08001505   Thumb Code    94  usbd_conf.o(i.HAL_PCD_MspInit)
    HAL_PCD_ResetCallback                    0x0800156d   Thumb Code    32  usbd_conf.o(i.HAL_PCD_ResetCallback)
    HAL_PCD_ResumeCallback                   0x0800158d   Thumb Code     8  usbd_conf.o(i.HAL_PCD_ResumeCallback)
    HAL_PCD_SOFCallback                      0x08001595   Thumb Code     8  usbd_conf.o(i.HAL_PCD_SOFCallback)
    HAL_PCD_SetAddress                       0x0800159d   Thumb Code    36  stm32f7xx_hal_pcd.o(i.HAL_PCD_SetAddress)
    HAL_PCD_SetupStageCallback               0x080015c1   Thumb Code    14  usbd_conf.o(i.HAL_PCD_SetupStageCallback)
    HAL_PCD_Start                            0x080015cf   Thumb Code    42  stm32f7xx_hal_pcd.o(i.HAL_PCD_Start)
    HAL_PCD_SuspendCallback                  0x080015f9   Thumb Code    44  usbd_conf.o(i.HAL_PCD_SuspendCallback)
    HAL_PWREx_EnableOverDrive                0x08001629   Thumb Code   100  stm32f7xx_hal_pwr_ex.o(i.HAL_PWREx_EnableOverDrive)
    HAL_RCCEx_PeriphCLKConfig                0x08001695   Thumb Code  1336  stm32f7xx_hal_rcc_ex.o(i.HAL_RCCEx_PeriphCLKConfig)
    HAL_RCC_ClockConfig                      0x08001bd1   Thumb Code   282  stm32f7xx_hal_rcc.o(i.HAL_RCC_ClockConfig)
    HAL_RCC_GetHCLKFreq                      0x08001cfd   Thumb Code     6  stm32f7xx_hal_rcc.o(i.HAL_RCC_GetHCLKFreq)
    HAL_RCC_GetSysClockFreq                  0x08001d09   Thumb Code    88  stm32f7xx_hal_rcc.o(i.HAL_RCC_GetSysClockFreq)
    HAL_RCC_MCOConfig                        0x08001d6d   Thumb Code   130  stm32f7xx_hal_rcc.o(i.HAL_RCC_MCOConfig)
    HAL_RCC_OscConfig                        0x08001e01   Thumb Code   814  stm32f7xx_hal_rcc.o(i.HAL_RCC_OscConfig)
    HAL_SD_ConfigWideBusOperation            0x0800213d   Thumb Code   120  stm32f7xx_hal_sd.o(i.HAL_SD_ConfigWideBusOperation)
    HAL_SD_GetCardCSD                        0x080021b5   Thumb Code   506  stm32f7xx_hal_sd.o(i.HAL_SD_GetCardCSD)
    HAL_SD_GetCardInfo                       0x080023af   Thumb Code    36  stm32f7xx_hal_sd.o(i.HAL_SD_GetCardInfo)
    HAL_SD_GetCardState                      0x080023d3   Thumb Code    44  stm32f7xx_hal_sd.o(i.HAL_SD_GetCardState)
    HAL_SD_Init                              0x080023ff   Thumb Code    54  stm32f7xx_hal_sd.o(i.HAL_SD_Init)
    HAL_SD_InitCard                          0x08002435   Thumb Code    92  stm32f7xx_hal_sd.o(i.HAL_SD_InitCard)
    HAL_SD_MspInit                           0x08002491   Thumb Code   176  stm32f7xx_hal_msp.o(i.HAL_SD_MspInit)
    HAL_SD_ReadBlocks                        0x08002575   Thumb Code   432  stm32f7xx_hal_sd.o(i.HAL_SD_ReadBlocks)
    HAL_SD_WriteBlocks                       0x08002725   Thumb Code   418  stm32f7xx_hal_sd.o(i.HAL_SD_WriteBlocks)
    HAL_SPI_DMAPause                         0x080028c7   Thumb Code    38  stm32f7xx_hal_spi.o(i.HAL_SPI_DMAPause)
    HAL_SPI_ErrorCallback                    0x080028ed   Thumb Code     2  stm32f7xx_hal_spi.o(i.HAL_SPI_ErrorCallback)
    HAL_SPI_Init                             0x080028ef   Thumb Code   196  stm32f7xx_hal_spi.o(i.HAL_SPI_Init)
    HAL_SPI_MspInit                          0x080029b5   Thumb Code   492  stm32f7xx_hal_msp.o(i.HAL_SPI_MspInit)
    HAL_SPI_Receive_DMA                      0x08002c05   Thumb Code   258  stm32f7xx_hal_spi.o(i.HAL_SPI_Receive_DMA)
    HAL_SPI_RxCpltCallback                   0x08002d15   Thumb Code   294  stm32f7xx_it.o(i.HAL_SPI_RxCpltCallback)
    HAL_SPI_RxHalfCpltCallback               0x08002e6d   Thumb Code   168  stm32f7xx_it.o(i.HAL_SPI_RxHalfCpltCallback)
    HAL_SPI_TransmitReceive_DMA              0x08002f3d   Thumb Code   410  stm32f7xx_hal_spi.o(i.HAL_SPI_TransmitReceive_DMA)
    HAL_SPI_TxRxCpltCallback                 0x080030ed   Thumb Code     2  stm32f7xx_hal_spi.o(i.HAL_SPI_TxRxCpltCallback)
    HAL_SPI_TxRxHalfCpltCallback             0x080030ef   Thumb Code     2  stm32f7xx_hal_spi.o(i.HAL_SPI_TxRxHalfCpltCallback)
    HAL_SYSTICK_CLKSourceConfig              0x080030f1   Thumb Code    24  stm32f7xx_hal_cortex.o(i.HAL_SYSTICK_CLKSourceConfig)
    HAL_SYSTICK_Callback                     0x08003109   Thumb Code     2  stm32f7xx_hal_cortex.o(i.HAL_SYSTICK_Callback)
    HAL_SYSTICK_Config                       0x0800310b   Thumb Code    38  stm32f7xx_hal_cortex.o(i.HAL_SYSTICK_Config)
    HAL_SYSTICK_IRQHandler                   0x08003131   Thumb Code     8  stm32f7xx_hal_cortex.o(i.HAL_SYSTICK_IRQHandler)
    HAL_TIMEx_BreakCallback                  0x08003139   Thumb Code     2  stm32f7xx_hal_tim_ex.o(i.HAL_TIMEx_BreakCallback)
    HAL_TIMEx_CommutationCallback            0x0800313b   Thumb Code     2  stm32f7xx_hal_tim_ex.o(i.HAL_TIMEx_CommutationCallback)
    HAL_TIM_Base_Init                        0x0800313d   Thumb Code    54  stm32f7xx_hal_tim.o(i.HAL_TIM_Base_Init)
    HAL_TIM_Base_MspInit                     0x08003175   Thumb Code    50  stm32f7xx_hal_msp.o(i.HAL_TIM_Base_MspInit)
    HAL_TIM_IC_CaptureCallback               0x080031b1   Thumb Code     2  stm32f7xx_hal_tim.o(i.HAL_TIM_IC_CaptureCallback)
    HAL_TIM_IRQHandler                       0x080031b3   Thumb Code   382  stm32f7xx_hal_tim.o(i.HAL_TIM_IRQHandler)
    HAL_TIM_OC_DelayElapsedCallback          0x08003331   Thumb Code     2  stm32f7xx_hal_tim.o(i.HAL_TIM_OC_DelayElapsedCallback)
    HAL_TIM_PWM_PulseFinishedCallback        0x08003333   Thumb Code     2  stm32f7xx_hal_tim.o(i.HAL_TIM_PWM_PulseFinishedCallback)
    HAL_TIM_PeriodElapsedCallback            0x08003335   Thumb Code     2  stm32f7xx_hal_tim.o(i.HAL_TIM_PeriodElapsedCallback)
    HAL_TIM_TriggerCallback                  0x08003337   Thumb Code     2  stm32f7xx_hal_tim.o(i.HAL_TIM_TriggerCallback)
    HardFault_Handler                        0x08003339   Thumb Code     2  stm32f7xx_it.o(i.HardFault_Handler)
    MX_FATFS_Init                            0x080033c9   Thumb Code    18  fatfs.o(i.MX_FATFS_Init)
    MX_USB_DEVICE_Init                       0x08003705   Thumb Code    38  usb_device.o(i.MX_USB_DEVICE_Init)
    MemManage_Handler                        0x0800373d   Thumb Code     2  stm32f7xx_it.o(i.MemManage_Handler)
    NMI_Handler                              0x0800373f   Thumb Code     2  stm32f7xx_it.o(i.NMI_Handler)
    OTG_FS_IRQHandler                        0x08003765   Thumb Code     6  stm32f7xx_it.o(i.OTG_FS_IRQHandler)
    PendSV_Handler                           0x08003807   Thumb Code     2  stm32f7xx_it.o(i.PendSV_Handler)
    SDMMC_CmdAppCommand                      0x08003809   Thumb Code    50  stm32f7xx_ll_sdmmc.o(i.SDMMC_CmdAppCommand)
    SDMMC_CmdAppOperCommand                  0x0800383d   Thumb Code    48  stm32f7xx_ll_sdmmc.o(i.SDMMC_CmdAppOperCommand)
    SDMMC_CmdBlockLength                     0x08003871   Thumb Code    50  stm32f7xx_ll_sdmmc.o(i.SDMMC_CmdBlockLength)
    SDMMC_CmdBusWidth                        0x080038a3   Thumb Code    50  stm32f7xx_ll_sdmmc.o(i.SDMMC_CmdBusWidth)
    SDMMC_CmdGoIdleState                     0x080038d5   Thumb Code    76  stm32f7xx_ll_sdmmc.o(i.SDMMC_CmdGoIdleState)
    SDMMC_CmdOperCond                        0x08003925   Thumb Code    94  stm32f7xx_ll_sdmmc.o(i.SDMMC_CmdOperCond)
    SDMMC_CmdReadMultiBlock                  0x08003989   Thumb Code    50  stm32f7xx_ll_sdmmc.o(i.SDMMC_CmdReadMultiBlock)
    SDMMC_CmdReadSingleBlock                 0x080039bb   Thumb Code    50  stm32f7xx_ll_sdmmc.o(i.SDMMC_CmdReadSingleBlock)
    SDMMC_CmdSelDesel                        0x080039ed   Thumb Code    48  stm32f7xx_ll_sdmmc.o(i.SDMMC_CmdSelDesel)
    SDMMC_CmdSendCID                         0x08003a1d   Thumb Code    42  stm32f7xx_ll_sdmmc.o(i.SDMMC_CmdSendCID)
    SDMMC_CmdSendCSD                         0x08003a47   Thumb Code    46  stm32f7xx_ll_sdmmc.o(i.SDMMC_CmdSendCSD)
    SDMMC_CmdSendSCR                         0x08003a75   Thumb Code    48  stm32f7xx_ll_sdmmc.o(i.SDMMC_CmdSendSCR)
    SDMMC_CmdSendStatus                      0x08003aa5   Thumb Code    50  stm32f7xx_ll_sdmmc.o(i.SDMMC_CmdSendStatus)
    SDMMC_CmdSetRelAdd                       0x08003ad7   Thumb Code    48  stm32f7xx_ll_sdmmc.o(i.SDMMC_CmdSetRelAdd)
    SDMMC_CmdStopTransfer                    0x08003b09   Thumb Code    46  stm32f7xx_ll_sdmmc.o(i.SDMMC_CmdStopTransfer)
    SDMMC_CmdWriteMultiBlock                 0x08003b3d   Thumb Code    50  stm32f7xx_ll_sdmmc.o(i.SDMMC_CmdWriteMultiBlock)
    SDMMC_CmdWriteSingleBlock                0x08003b6f   Thumb Code    50  stm32f7xx_ll_sdmmc.o(i.SDMMC_CmdWriteSingleBlock)
    SDMMC_ConfigData                         0x08003ba1   Thumb Code    38  stm32f7xx_ll_sdmmc.o(i.SDMMC_ConfigData)
    SDMMC_GetPowerState                      0x08003df9   Thumb Code     8  stm32f7xx_ll_sdmmc.o(i.SDMMC_GetPowerState)
    SDMMC_GetResponse                        0x08003e01   Thumb Code    12  stm32f7xx_ll_sdmmc.o(i.SDMMC_GetResponse)
    SDMMC_Init                               0x08003e0d   Thumb Code    34  stm32f7xx_ll_sdmmc.o(i.SDMMC_Init)
    SDMMC_PowerState_ON                      0x08003e2f   Thumb Code     8  stm32f7xx_ll_sdmmc.o(i.SDMMC_PowerState_ON)
    SDMMC_ReadFIFO                           0x08003e37   Thumb Code     6  stm32f7xx_ll_sdmmc.o(i.SDMMC_ReadFIFO)
    SDMMC_SendCommand                        0x08003e3d   Thumb Code    34  stm32f7xx_ll_sdmmc.o(i.SDMMC_SendCommand)
    SDMMC_WriteFIFO                          0x08003e5f   Thumb Code    10  stm32f7xx_ll_sdmmc.o(i.SDMMC_WriteFIFO)
    SD_initialize                            0x08004189   Thumb Code    28  sd_diskio.o(i.SD_initialize)
    SD_ioctl                                 0x080041a9   Thumb Code    84  sd_diskio.o(i.SD_ioctl)
    SD_read                                  0x08004201   Thumb Code    38  sd_diskio.o(i.SD_read)
    SD_status                                0x08004227   Thumb Code     4  sd_diskio.o(i.SD_status)
    SD_write                                 0x0800422d   Thumb Code    38  sd_diskio.o(i.SD_write)
    SVC_Handler                              0x08004523   Thumb Code     2  stm32f7xx_it.o(i.SVC_Handler)
    SysTick_Handler                          0x08004525   Thumb Code    14  stm32f7xx_it.o(i.SysTick_Handler)
    SystemClock_Config                       0x08004535   Thumb Code   218  main.o(i.SystemClock_Config)
    SystemInit                               0x08004619   Thumb Code    68  system_stm32f7xx.o(i.SystemInit)
    TIM8_TRG_COM_TIM14_IRQHandler            0x0800466d   Thumb Code     6  stm32f7xx_it.o(i.TIM8_TRG_COM_TIM14_IRQHandler)
    TIM_Base_SetConfig                       0x08004679   Thumb Code   158  stm32f7xx_hal_tim.o(i.TIM_Base_SetConfig)
    USBD_AUDIO_RegisterInterface             0x08004865   Thumb Code    10  usbd_audio.o(i.USBD_AUDIO_RegisterInterface)
    USBD_ClrClassConfig                      0x08004969   Thumb Code    14  usbd_core.o(i.USBD_ClrClassConfig)
    USBD_CtlContinueRx                       0x08004977   Thumb Code    16  usbd_ioreq.o(i.USBD_CtlContinueRx)
    USBD_CtlContinueSendData                 0x08004987   Thumb Code    16  usbd_ioreq.o(i.USBD_CtlContinueSendData)
    USBD_CtlError                            0x08004997   Thumb Code    22  usbd_ctlreq.o(i.USBD_CtlError)
    USBD_CtlPrepareRx                        0x080049ad   Thumb Code    30  usbd_ioreq.o(i.USBD_CtlPrepareRx)
    USBD_CtlReceiveStatus                    0x080049cb   Thumb Code    22  usbd_ioreq.o(i.USBD_CtlReceiveStatus)
    USBD_CtlSendData                         0x080049e1   Thumb Code    26  usbd_ioreq.o(i.USBD_CtlSendData)
    USBD_CtlSendStatus                       0x080049fb   Thumb Code    22  usbd_ioreq.o(i.USBD_CtlSendStatus)
    USBD_FS_ConfigStrDescriptor              0x08004a11   Thumb Code    16  usbd_desc.o(i.USBD_FS_ConfigStrDescriptor)
    USBD_FS_DeviceDescriptor                 0x08004a35   Thumb Code     8  usbd_desc.o(i.USBD_FS_DeviceDescriptor)
    USBD_FS_InterfaceStrDescriptor           0x08004a41   Thumb Code    16  usbd_desc.o(i.USBD_FS_InterfaceStrDescriptor)
    USBD_FS_LangIDStrDescriptor              0x08004a65   Thumb Code     8  usbd_desc.o(i.USBD_FS_LangIDStrDescriptor)
    USBD_FS_ManufacturerStrDescriptor        0x08004a71   Thumb Code    16  usbd_desc.o(i.USBD_FS_ManufacturerStrDescriptor)
    USBD_FS_ProductStrDescriptor             0x08004a99   Thumb Code    16  usbd_desc.o(i.USBD_FS_ProductStrDescriptor)
    USBD_FS_SerialStrDescriptor              0x08004ac1   Thumb Code    16  usbd_desc.o(i.USBD_FS_SerialStrDescriptor)
    USBD_GetString                           0x08004bc5   Thumb Code    72  usbd_ctlreq.o(i.USBD_GetString)
    USBD_Init                                0x08004c0d   Thumb Code    42  usbd_core.o(i.USBD_Init)
    USBD_LL_ClearStallEP                     0x08004c37   Thumb Code    32  usbd_conf.o(i.USBD_LL_ClearStallEP)
    USBD_LL_CloseEP                          0x08004c57   Thumb Code    32  usbd_conf.o(i.USBD_LL_CloseEP)
    USBD_LL_DataInStage                      0x08004c77   Thumb Code   170  usbd_core.o(i.USBD_LL_DataInStage)
    USBD_LL_DataOutStage                     0x08004d21   Thumb Code   106  usbd_core.o(i.USBD_LL_DataOutStage)
    USBD_LL_DevConnected                     0x08004d8b   Thumb Code     4  usbd_core.o(i.USBD_LL_DevConnected)
    USBD_LL_DevDisconnected                  0x08004d8f   Thumb Code    22  usbd_core.o(i.USBD_LL_DevDisconnected)
    USBD_LL_Init                             0x08004da5   Thumb Code   102  usbd_conf.o(i.USBD_LL_Init)
    USBD_LL_IsStallEP                        0x08004e25   Thumb Code    32  usbd_conf.o(i.USBD_LL_IsStallEP)
    USBD_LL_IsoINIncomplete                  0x08004e45   Thumb Code     4  usbd_core.o(i.USBD_LL_IsoINIncomplete)
    USBD_LL_IsoOUTIncomplete                 0x08004e49   Thumb Code     4  usbd_core.o(i.USBD_LL_IsoOUTIncomplete)
    USBD_LL_OpenEP                           0x08004e4d   Thumb Code    38  usbd_conf.o(i.USBD_LL_OpenEP)
    USBD_LL_PrepareReceive                   0x08004e73   Thumb Code    32  usbd_conf.o(i.USBD_LL_PrepareReceive)
    USBD_LL_Reset                            0x08004e93   Thumb Code    64  usbd_core.o(i.USBD_LL_Reset)
    USBD_LL_Resume                           0x08004ed3   Thumb Code    12  usbd_core.o(i.USBD_LL_Resume)
    USBD_LL_SOF                              0x08004edf   Thumb Code    24  usbd_core.o(i.USBD_LL_SOF)
    USBD_LL_SetSpeed                         0x08004ef7   Thumb Code     6  usbd_core.o(i.USBD_LL_SetSpeed)
    USBD_LL_SetUSBAddress                    0x08004efd   Thumb Code    32  usbd_conf.o(i.USBD_LL_SetUSBAddress)
    USBD_LL_SetupStage                       0x08004f1d   Thumb Code    86  usbd_core.o(i.USBD_LL_SetupStage)
    USBD_LL_StallEP                          0x08004f73   Thumb Code    32  usbd_conf.o(i.USBD_LL_StallEP)
    USBD_LL_Start                            0x08004f93   Thumb Code    32  usbd_conf.o(i.USBD_LL_Start)
    USBD_LL_Suspend                          0x08004fb3   Thumb Code    18  usbd_core.o(i.USBD_LL_Suspend)
    USBD_LL_Transmit                         0x08004fc5   Thumb Code    32  usbd_conf.o(i.USBD_LL_Transmit)
    USBD_ParseSetupRequest                   0x08004fe5   Thumb Code    40  usbd_ctlreq.o(i.USBD_ParseSetupRequest)
    USBD_RegisterClass                       0x0800500d   Thumb Code    18  usbd_core.o(i.USBD_RegisterClass)
    USBD_SetClassConfig                      0x0800501f   Thumb Code    22  usbd_core.o(i.USBD_SetClassConfig)
    USBD_Start                               0x080050a9   Thumb Code    10  usbd_core.o(i.USBD_Start)
    USBD_StdDevReq                           0x080050b3   Thumb Code   242  usbd_ctlreq.o(i.USBD_StdDevReq)
    USBD_StdEPReq                            0x080051a5   Thumb Code   222  usbd_ctlreq.o(i.USBD_StdEPReq)
    USBD_StdItfReq                           0x08005283   Thumb Code    52  usbd_ctlreq.o(i.USBD_StdItfReq)
    USB_ActivateEndpoint                     0x080052b9   Thumb Code   124  stm32f7xx_ll_usb.o(i.USB_ActivateEndpoint)
    USB_ActivateSetup                        0x08005339   Thumb Code    52  stm32f7xx_ll_usb.o(i.USB_ActivateSetup)
    USB_CoreInit                             0x0800536d   Thumb Code   106  stm32f7xx_ll_usb.o(i.USB_CoreInit)
    USB_DeactivateEndpoint                   0x08005415   Thumb Code   110  stm32f7xx_ll_usb.o(i.USB_DeactivateEndpoint)
    USB_DevConnect                           0x08005483   Thumb Code    24  stm32f7xx_ll_usb.o(i.USB_DevConnect)
    USB_DevDisconnect                        0x0800549b   Thumb Code    24  stm32f7xx_ll_usb.o(i.USB_DevDisconnect)
    USB_DevInit                              0x080054b5   Thumb Code   342  stm32f7xx_ll_usb.o(i.USB_DevInit)
    USB_DisableGlobalInt                     0x0800561d   Thumb Code    12  stm32f7xx_ll_usb.o(i.USB_DisableGlobalInt)
    USB_EP0StartXfer                         0x08005629   Thumb Code   316  stm32f7xx_ll_usb.o(i.USB_EP0StartXfer)
    USB_EP0_OutStart                         0x08005769   Thumb Code    62  stm32f7xx_ll_usb.o(i.USB_EP0_OutStart)
    USB_EPClearStall                         0x080057a7   Thumb Code   100  stm32f7xx_ll_usb.o(i.USB_EPClearStall)
    USB_EPSetStall                           0x0800580b   Thumb Code    94  stm32f7xx_ll_usb.o(i.USB_EPSetStall)
    USB_EPStartXfer                          0x08005869   Thumb Code   534  stm32f7xx_ll_usb.o(i.USB_EPStartXfer)
    USB_EnableGlobalInt                      0x08005a85   Thumb Code    12  stm32f7xx_ll_usb.o(i.USB_EnableGlobalInt)
    USB_FlushRxFifo                          0x08005a91   Thumb Code    28  stm32f7xx_ll_usb.o(i.USB_FlushRxFifo)
    USB_FlushTxFifo                          0x08005ab1   Thumb Code    32  stm32f7xx_ll_usb.o(i.USB_FlushTxFifo)
    USB_GetDevSpeed                          0x08005ad5   Thumb Code    62  stm32f7xx_ll_usb.o(i.USB_GetDevSpeed)
    USB_GetMode                              0x08005b13   Thumb Code     8  stm32f7xx_ll_usb.o(i.USB_GetMode)
    USB_ReadDevAllInEpInterrupt              0x08005b1b   Thumb Code    14  stm32f7xx_ll_usb.o(i.USB_ReadDevAllInEpInterrupt)
    USB_ReadDevAllOutEpInterrupt             0x08005b29   Thumb Code    14  stm32f7xx_ll_usb.o(i.USB_ReadDevAllOutEpInterrupt)
    USB_ReadDevInEPInterrupt                 0x08005b37   Thumb Code    32  stm32f7xx_ll_usb.o(i.USB_ReadDevInEPInterrupt)
    USB_ReadDevOutEPInterrupt                0x08005b57   Thumb Code    16  stm32f7xx_ll_usb.o(i.USB_ReadDevOutEPInterrupt)
    USB_ReadInterrupts                       0x08005b67   Thumb Code     8  stm32f7xx_ll_usb.o(i.USB_ReadInterrupts)
    USB_ReadPacket                           0x08005b6f   Thumb Code    30  stm32f7xx_ll_usb.o(i.USB_ReadPacket)
    USB_SetCurrentMode                       0x08005b8d   Thumb Code    44  stm32f7xx_ll_usb.o(i.USB_SetCurrentMode)
    USB_SetDevAddress                        0x08005bb9   Thumb Code    34  stm32f7xx_ll_usb.o(i.USB_SetDevAddress)
    USB_WritePacket                          0x08005bdd   Thumb Code    44  stm32f7xx_ll_usb.o(i.USB_WritePacket)
    UsageFault_Handler                       0x08005c09   Thumb Code     2  stm32f7xx_it.o(i.UsageFault_Handler)
    _Error_Handler                           0x08005c0b   Thumb Code     2  main.o(i._Error_Handler)
    __scatterload_copy                       0x08005c0d   Thumb Code    14  handlers.o(i.__scatterload_copy)
    __scatterload_null                       0x08005c1b   Thumb Code     2  handlers.o(i.__scatterload_null)
    __scatterload_zeroinit                   0x08005c1d   Thumb Code    14  handlers.o(i.__scatterload_zeroinit)
    disk_initialize                          0x0800614d   Thumb Code    34  diskio.o(i.disk_initialize)
    disk_ioctl                               0x08006175   Thumb Code    20  diskio.o(i.disk_ioctl)
    disk_read                                0x0800618d   Thumb Code    22  diskio.o(i.disk_read)
    disk_status                              0x080061a9   Thumb Code    16  diskio.o(i.disk_status)
    disk_write                               0x080061bd   Thumb Code    22  diskio.o(i.disk_write)
    f_close                                  0x080061d9   Thumb Code    40  ff.o(i.f_close)
    f_mount                                  0x08006201   Thumb Code    84  ff.o(i.f_mount)
    f_open                                   0x08006259   Thumb Code   534  ff.o(i.f_open)
    f_sync                                   0x08006475   Thumb Code   142  ff.o(i.f_sync)
    f_write                                  0x08006503   Thumb Code   430  ff.o(i.f_write)
    fifo_init                                0x080066b1   Thumb Code    12  fifo.o(i.fifo_init)
    free                                     0x080069cd   Thumb Code    76  malloc.o(i.free)
    get_fattime                              0x08006b07   Thumb Code     4  fatfs.o(i.get_fattime)
    get_packet                               0x08006b49   Thumb Code    52  fifo.o(i.get_packet)
    main                                     0x08006c51   Thumb Code   270  main.o(i.main)
    malloc                                   0x08006da1   Thumb Code    92  malloc.o(i.malloc)
    put_sample                               0x08006f8d   Thumb Code    90  fifo.o(i.put_sample)
    SD_Driver                                0x080071b0   Data          20  sd_diskio.o(.constdata)
    AHBPrescTable                            0x080071cc   Data          16  system_stm32f7xx.o(.constdata)
    Region$$Table$$Base                      0x08007278   Number         0  anon$$obj.o(Region$$Table)
    Region$$Table$$Limit                     0x08007298   Number         0  anon$$obj.o(Region$$Table)
    mynewdiskPath                            0x20000000   Data           4  main.o(.data)
    retSD                                    0x20000005   Data           1  fatfs.o(.data)
    SDPath                                   0x20000006   Data           4  fatfs.o(.data)
    FS_Desc                                  0x2000000c   Data          28  usbd_desc.o(.data)
    USBD_LangIDDesc                          0x20000028   Data           4  usbd_desc.o(.data)
    USBD_FS_DeviceDesc                       0x2000002c   Data          18  usbd_desc.o(.data)
    USBD_AUDIO_fops_FS                       0x20000040   Data          28  usbd_audio_if.o(.data)
    flag5                                    0x2000005c   Data           4  stm32f7xx_it.o(.data)
    flag4                                    0x20000060   Data           4  stm32f7xx_it.o(.data)
    flag6                                    0x20000064   Data           4  stm32f7xx_it.o(.data)
    flag3                                    0x20000068   Data           4  stm32f7xx_it.o(.data)
    packetCounter                            0x2000006c   Data           4  stm32f7xx_it.o(.data)
    dataWriten                               0x20000070   Data           4  stm32f7xx_it.o(.data)
    uwTickFreq                               0x20000078   Data           1  stm32f7xx_hal.o(.data)
    uwTickPrio                               0x2000007c   Data           4  stm32f7xx_hal.o(.data)
    uwTick                                   0x20000080   Data           4  stm32f7xx_hal.o(.data)
    SystemCoreClock                          0x20000084   Data           4  system_stm32f7xx.o(.data)
    USBD_AUDIO                               0x20000094   Data          56  usbd_audio.o(.data)
    __microlib_freelist                      0x2000013c   Data           4  mvars.o(.data)
    __microlib_freelist_initialised          0x20000140   Data           4  mvars.o(.data)
    hsd2                                     0x20000144   Data         132  main.o(.bss)
    hspi2                                    0x200001c8   Data         100  main.o(.bss)
    hspi3                                    0x2000022c   Data         100  main.o(.bss)
    hspi4                                    0x20000290   Data         100  main.o(.bss)
    hspi5                                    0x200002f4   Data         100  main.o(.bss)
    hspi6                                    0x20000358   Data         100  main.o(.bss)
    htim14                                   0x200003bc   Data          64  main.o(.bss)
    receiveBuffer5                           0x200003fc   Data       19200  main.o(.bss)
    receiveBuffer4                           0x20004efc   Data       19200  main.o(.bss)
    receiveBuffer6                           0x200099fc   Data       19200  main.o(.bss)
    receiveBuffer3                           0x2000e4fc   Data       19200  main.o(.bss)
    mynewdiskFatFs                           0x20012ffc   Data        4148  main.o(.bss)
    File                                     0x20014030   Data        4144  main.o(.bss)
    hdma_sdmmc2_tx                           0x20015060   Data          96  main.o(.bss)
    hdma_spi2_rx                             0x200150c0   Data          96  main.o(.bss)
    hdma_spi3_rx                             0x20015120   Data          96  main.o(.bss)
    hdma_spi4_rx                             0x20015180   Data          96  main.o(.bss)
    hdma_spi5_rx                             0x200151e0   Data          96  main.o(.bss)
    hdma_spi6_rx                             0x20015240   Data          96  main.o(.bss)
    hUsbDeviceFS                             0x200152a0   Data         548  usb_device.o(.bss)
    hpcd_USB_OTG_FS                          0x200154c4   Data        1024  usbd_conf.o(.bss)
    USBD_StrDesc                             0x200158c4   Data         512  usbd_desc.o(.bss)
    storageBuffer                            0x20015ac4   Data       76800  stm32f7xx_it.o(.bss)
    zero_pad                                 0x200286c4   Data          48  fifo.o(.bss)
    disk                                     0x20028744   Data          12  ff_gen_drv.o(.bss)
    __heap_base                              0x20028750   Data           0  startup_stm32f767xx.o(HEAP)
    __heap_limit                             0x20037750   Data           0  startup_stm32f767xx.o(HEAP)
    __initial_sp                             0x20046750   Data           0  startup_stm32f767xx.o(STACK)



==============================================================================

Memory Map of the image

  Image Entry point : 0x080001f9

  Load Region LR_IROM1 (Base: 0x08000000, Size: 0x000073dc, Max: 0x00200000, ABSOLUTE, COMPRESSED[0x00007360])

    Execution Region ER_IROM1 (Exec base: 0x08000000, Load base: 0x08000000, Size: 0x00007298, Max: 0x00200000, ABSOLUTE)

    Exec Addr    Load Addr    Size         Type   Attr      Idx    E Section Name        Object

    0x08000000   0x08000000   0x000001f8   Data   RO            3    RESET               startup_stm32f767xx.o
    0x080001f8   0x080001f8   0x00000000   Code   RO         5826  * .ARM.Collect$$$$00000000  mc_w.l(entry.o)
    0x080001f8   0x080001f8   0x00000004   Code   RO         5865    .ARM.Collect$$$$00000001  mc_w.l(entry2.o)
    0x080001fc   0x080001fc   0x00000004   Code   RO         5868    .ARM.Collect$$$$00000004  mc_w.l(entry5.o)
    0x08000200   0x08000200   0x00000000   Code   RO         5870    .ARM.Collect$$$$00000008  mc_w.l(entry7b.o)
    0x08000200   0x08000200   0x00000000   Code   RO         5872    .ARM.Collect$$$$0000000A  mc_w.l(entry8b.o)
    0x08000200   0x08000200   0x00000008   Code   RO         5873    .ARM.Collect$$$$0000000B  mc_w.l(entry9a.o)
    0x08000208   0x08000208   0x00000000   Code   RO         5875    .ARM.Collect$$$$0000000D  mc_w.l(entry10a.o)
    0x08000208   0x08000208   0x00000000   Code   RO         5877    .ARM.Collect$$$$0000000F  mc_w.l(entry11a.o)
    0x08000208   0x08000208   0x00000004   Code   RO         5866    .ARM.Collect$$$$00002712  mc_w.l(entry2.o)
    0x0800020c   0x0800020c   0x00000024   Code   RO            4    .text               startup_stm32f767xx.o
    0x08000230   0x08000230   0x00000062   Code   RO         5829    .text               mc_w.l(uldiv.o)
    0x08000292   0x08000292   0x00000024   Code   RO         5831    .text               mc_w.l(memcpya.o)
    0x080002b6   0x080002b6   0x00000024   Code   RO         5833    .text               mc_w.l(memseta.o)
    0x080002da   0x080002da   0x0000001e   Code   RO         5879    .text               mc_w.l(llshl.o)
    0x080002f8   0x080002f8   0x00000020   Code   RO         5881    .text               mc_w.l(llushr.o)
    0x08000318   0x08000318   0x00000024   Code   RO         5885    .text               mc_w.l(init.o)
    0x0800033c   0x0800033c   0x00000056   Code   RO         5895    .text               mc_w.l(__dczerorl2.o)
    0x08000392   0x08000392   0x00000004   Code   RO          775    i.AUDIO_AudioCmd_FS  usbd_audio_if.o
    0x08000396   0x08000396   0x00000004   Code   RO          776    i.AUDIO_DeInit_FS   usbd_audio_if.o
    0x0800039a   0x0800039a   0x00000004   Code   RO          777    i.AUDIO_GetState_FS  usbd_audio_if.o
    0x0800039e   0x0800039e   0x00000004   Code   RO          778    i.AUDIO_Init_FS     usbd_audio_if.o
    0x080003a2   0x080003a2   0x00000004   Code   RO          779    i.AUDIO_MuteCtl_FS  usbd_audio_if.o
    0x080003a6   0x080003a6   0x00000004   Code   RO          780    i.AUDIO_PeriodicTC_FS  usbd_audio_if.o
    0x080003aa   0x080003aa   0x00000004   Code   RO          781    i.AUDIO_VolumeCtl_FS  usbd_audio_if.o
    0x080003ae   0x080003ae   0x00000002   PAD
    0x080003b0   0x080003b0   0x0000000c   Code   RO          257    i.BSP_SD_GetCardInfo  bsp_driver_sd.o
    0x080003bc   0x080003bc   0x00000018   Code   RO          258    i.BSP_SD_GetCardState  bsp_driver_sd.o
    0x080003d4   0x080003d4   0x00000034   Code   RO          260    i.BSP_SD_Init       bsp_driver_sd.o
    0x08000408   0x08000408   0x00000020   Code   RO          262    i.BSP_SD_ReadBlocks  bsp_driver_sd.o
    0x08000428   0x08000428   0x00000020   Code   RO          265    i.BSP_SD_WriteBlocks  bsp_driver_sd.o
    0x08000448   0x08000448   0x00000002   Code   RO          847    i.BusFault_Handler  stm32f7xx_it.o
    0x0800044a   0x0800044a   0x00000002   PAD
    0x0800044c   0x0800044c   0x0000000c   Code   RO          848    i.DMA1_Stream0_IRQHandler  stm32f7xx_it.o
    0x08000458   0x08000458   0x0000000c   Code   RO          849    i.DMA1_Stream1_IRQHandler  stm32f7xx_it.o
    0x08000464   0x08000464   0x0000000c   Code   RO          850    i.DMA2_Stream0_IRQHandler  stm32f7xx_it.o
    0x08000470   0x08000470   0x0000000c   Code   RO          851    i.DMA2_Stream3_IRQHandler  stm32f7xx_it.o
    0x0800047c   0x0800047c   0x0000000c   Code   RO          852    i.DMA2_Stream5_IRQHandler  stm32f7xx_it.o
    0x08000488   0x08000488   0x0000000c   Code   RO          853    i.DMA2_Stream6_IRQHandler  stm32f7xx_it.o
    0x08000494   0x08000494   0x00000028   Code   RO         3926    i.DMA_CalcBaseAndBitshift  stm32f7xx_hal_dma.o
    0x080004bc   0x080004bc   0x00000054   Code   RO         3927    i.DMA_CheckFifoParam  stm32f7xx_hal_dma.o
    0x08000510   0x08000510   0x00000028   Code   RO         3928    i.DMA_SetConfig     stm32f7xx_hal_dma.o
    0x08000538   0x08000538   0x00000002   Code   RO          854    i.DebugMon_Handler  stm32f7xx_it.o
    0x0800053a   0x0800053a   0x00000006   Code   RO         5419    i.FATFS_LinkDriver  ff_gen_drv.o
    0x08000540   0x08000540   0x00000040   Code   RO         5420    i.FATFS_LinkDriverEx  ff_gen_drv.o
    0x08000580   0x08000580   0x000001a0   Code   RO         3934    i.HAL_DMA_IRQHandler  stm32f7xx_hal_dma.o
    0x08000720   0x08000720   0x000000e4   Code   RO         3935    i.HAL_DMA_Init      stm32f7xx_hal_dma.o
    0x08000804   0x08000804   0x0000007a   Code   RO         3939    i.HAL_DMA_Start_IT  stm32f7xx_hal_dma.o
    0x0800087e   0x0800087e   0x00000002   PAD
    0x08000880   0x08000880   0x00000024   Code   RO         4296    i.HAL_Delay         stm32f7xx_hal.o
    0x080008a4   0x080008a4   0x000001d8   Code   RO         3863    i.HAL_GPIO_Init     stm32f7xx_hal_gpio.o
    0x08000a7c   0x08000a7c   0x0000000a   Code   RO         3867    i.HAL_GPIO_WritePin  stm32f7xx_hal_gpio.o
    0x08000a86   0x08000a86   0x00000002   PAD
    0x08000a88   0x08000a88   0x0000000c   Code   RO         4306    i.HAL_GetTick       stm32f7xx_hal.o
    0x08000a94   0x08000a94   0x00000010   Code   RO         4312    i.HAL_IncTick       stm32f7xx_hal.o
    0x08000aa4   0x08000aa4   0x00000016   Code   RO         4313    i.HAL_Init          stm32f7xx_hal.o
    0x08000aba   0x08000aba   0x00000002   PAD
    0x08000abc   0x08000abc   0x00000040   Code   RO         4314    i.HAL_InitTick      stm32f7xx_hal.o
    0x08000afc   0x08000afc   0x00000084   Code   RO          987    i.HAL_MspInit       stm32f7xx_hal_msp.o
    0x08000b80   0x08000b80   0x00000016   Code   RO         1647    i.HAL_NVIC_EnableIRQ  stm32f7xx_hal_cortex.o
    0x08000b96   0x08000b96   0x00000002   PAD
    0x08000b98   0x08000b98   0x00000040   Code   RO         1653    i.HAL_NVIC_SetPriority  stm32f7xx_hal_cortex.o
    0x08000bd8   0x08000bd8   0x00000024   Code   RO         1654    i.HAL_NVIC_SetPriorityGrouping  stm32f7xx_hal_cortex.o
    0x08000bfc   0x08000bfc   0x00000028   Code   RO         1312    i.HAL_PCDEx_ActivateLPM  stm32f7xx_hal_pcd_ex.o
    0x08000c24   0x08000c24   0x00000002   Code   RO         1314    i.HAL_PCDEx_LPM_Callback  stm32f7xx_hal_pcd_ex.o
    0x08000c26   0x08000c26   0x00000008   Code   RO         1315    i.HAL_PCDEx_SetRxFiFo  stm32f7xx_hal_pcd_ex.o
    0x08000c2e   0x08000c2e   0x00000048   Code   RO         1316    i.HAL_PCDEx_SetTxFiFo  stm32f7xx_hal_pcd_ex.o
    0x08000c76   0x08000c76   0x00000008   Code   RO          518    i.HAL_PCD_ConnectCallback  usbd_conf.o
    0x08000c7e   0x08000c7e   0x00000012   Code   RO          519    i.HAL_PCD_DataInStageCallback  usbd_conf.o
    0x08000c90   0x08000c90   0x00000014   Code   RO          520    i.HAL_PCD_DataOutStageCallback  usbd_conf.o
    0x08000ca4   0x08000ca4   0x00000008   Code   RO          521    i.HAL_PCD_DisconnectCallback  usbd_conf.o
    0x08000cac   0x08000cac   0x00000044   Code   RO         1106    i.HAL_PCD_EP_Close  stm32f7xx_hal_pcd.o
    0x08000cf0   0x08000cf0   0x0000005e   Code   RO         1107    i.HAL_PCD_EP_ClrStall  stm32f7xx_hal_pcd.o
    0x08000d4e   0x08000d4e   0x00000056   Code   RO         1110    i.HAL_PCD_EP_Open   stm32f7xx_hal_pcd.o
    0x08000da4   0x08000da4   0x00000044   Code   RO         1111    i.HAL_PCD_EP_Receive  stm32f7xx_hal_pcd.o
    0x08000de8   0x08000de8   0x0000006e   Code   RO         1112    i.HAL_PCD_EP_SetStall  stm32f7xx_hal_pcd.o
    0x08000e56   0x08000e56   0x00000044   Code   RO         1113    i.HAL_PCD_EP_Transmit  stm32f7xx_hal_pcd.o
    0x08000e9a   0x08000e9a   0x00000002   PAD
    0x08000e9c   0x08000e9c   0x00000588   Code   RO         1115    i.HAL_PCD_IRQHandler  stm32f7xx_hal_pcd.o
    0x08001424   0x08001424   0x00000008   Code   RO          522    i.HAL_PCD_ISOINIncompleteCallback  usbd_conf.o
    0x0800142c   0x0800142c   0x00000008   Code   RO          523    i.HAL_PCD_ISOOUTIncompleteCallback  usbd_conf.o
    0x08001434   0x08001434   0x000000d0   Code   RO         1118    i.HAL_PCD_Init      stm32f7xx_hal_pcd.o
    0x08001504   0x08001504   0x00000068   Code   RO          525    i.HAL_PCD_MspInit   usbd_conf.o
    0x0800156c   0x0800156c   0x00000020   Code   RO          526    i.HAL_PCD_ResetCallback  usbd_conf.o
    0x0800158c   0x0800158c   0x00000008   Code   RO          527    i.HAL_PCD_ResumeCallback  usbd_conf.o
    0x08001594   0x08001594   0x00000008   Code   RO          528    i.HAL_PCD_SOFCallback  usbd_conf.o
    0x0800159c   0x0800159c   0x00000024   Code   RO         1124    i.HAL_PCD_SetAddress  stm32f7xx_hal_pcd.o
    0x080015c0   0x080015c0   0x0000000e   Code   RO          529    i.HAL_PCD_SetupStageCallback  usbd_conf.o
    0x080015ce   0x080015ce   0x0000002a   Code   RO         1126    i.HAL_PCD_Start     stm32f7xx_hal_pcd.o
    0x080015f8   0x080015f8   0x00000030   Code   RO          530    i.HAL_PCD_SuspendCallback  usbd_conf.o
    0x08001628   0x08001628   0x0000006c   Code   RO         4203    i.HAL_PWREx_EnableOverDrive  stm32f7xx_hal_pwr_ex.o
    0x08001694   0x08001694   0x0000053c   Code   RO         3624    i.HAL_RCCEx_PeriphCLKConfig  stm32f7xx_hal_rcc_ex.o
    0x08001bd0   0x08001bd0   0x0000012c   Code   RO         3517    i.HAL_RCC_ClockConfig  stm32f7xx_hal_rcc.o
    0x08001cfc   0x08001cfc   0x0000000c   Code   RO         3522    i.HAL_RCC_GetHCLKFreq  stm32f7xx_hal_rcc.o
    0x08001d08   0x08001d08   0x00000064   Code   RO         3526    i.HAL_RCC_GetSysClockFreq  stm32f7xx_hal_rcc.o
    0x08001d6c   0x08001d6c   0x00000094   Code   RO         3527    i.HAL_RCC_MCOConfig  stm32f7xx_hal_rcc.o
    0x08001e00   0x08001e00   0x0000033c   Code   RO         3529    i.HAL_RCC_OscConfig  stm32f7xx_hal_rcc.o
    0x0800213c   0x0800213c   0x00000078   Code   RO         2044    i.HAL_SD_ConfigWideBusOperation  stm32f7xx_hal_sd.o
    0x080021b4   0x080021b4   0x000001fa   Code   RO         2049    i.HAL_SD_GetCardCSD  stm32f7xx_hal_sd.o
    0x080023ae   0x080023ae   0x00000024   Code   RO         2050    i.HAL_SD_GetCardInfo  stm32f7xx_hal_sd.o
    0x080023d2   0x080023d2   0x0000002c   Code   RO         2051    i.HAL_SD_GetCardState  stm32f7xx_hal_sd.o
    0x080023fe   0x080023fe   0x00000036   Code   RO         2056    i.HAL_SD_Init       stm32f7xx_hal_sd.o
    0x08002434   0x08002434   0x0000005c   Code   RO         2057    i.HAL_SD_InitCard   stm32f7xx_hal_sd.o
    0x08002490   0x08002490   0x000000e4   Code   RO          989    i.HAL_SD_MspInit    stm32f7xx_hal_msp.o
    0x08002574   0x08002574   0x000001b0   Code   RO         2060    i.HAL_SD_ReadBlocks  stm32f7xx_hal_sd.o
    0x08002724   0x08002724   0x000001a2   Code   RO         2065    i.HAL_SD_WriteBlocks  stm32f7xx_hal_sd.o
    0x080028c6   0x080028c6   0x00000026   Code   RO         2279    i.HAL_SPI_DMAPause  stm32f7xx_hal_spi.o
    0x080028ec   0x080028ec   0x00000002   Code   RO         2283    i.HAL_SPI_ErrorCallback  stm32f7xx_hal_spi.o
    0x080028ee   0x080028ee   0x000000c4   Code   RO         2287    i.HAL_SPI_Init      stm32f7xx_hal_spi.o
    0x080029b2   0x080029b2   0x00000002   PAD
    0x080029b4   0x080029b4   0x00000250   Code   RO          991    i.HAL_SPI_MspInit   stm32f7xx_hal_msp.o
    0x08002c04   0x08002c04   0x00000110   Code   RO         2291    i.HAL_SPI_Receive_DMA  stm32f7xx_hal_spi.o
    0x08002d14   0x08002d14   0x00000158   Code   RO          855    i.HAL_SPI_RxCpltCallback  stm32f7xx_it.o
    0x08002e6c   0x08002e6c   0x000000d0   Code   RO          856    i.HAL_SPI_RxHalfCpltCallback  stm32f7xx_it.o
    0x08002f3c   0x08002f3c   0x000001b0   Code   RO         2297    i.HAL_SPI_TransmitReceive_DMA  stm32f7xx_hal_spi.o
    0x080030ec   0x080030ec   0x00000002   Code   RO         2303    i.HAL_SPI_TxRxCpltCallback  stm32f7xx_hal_spi.o
    0x080030ee   0x080030ee   0x00000002   Code   RO         2304    i.HAL_SPI_TxRxHalfCpltCallback  stm32f7xx_hal_spi.o
    0x080030f0   0x080030f0   0x00000018   Code   RO         1656    i.HAL_SYSTICK_CLKSourceConfig  stm32f7xx_hal_cortex.o
    0x08003108   0x08003108   0x00000002   Code   RO         1657    i.HAL_SYSTICK_Callback  stm32f7xx_hal_cortex.o
    0x0800310a   0x0800310a   0x00000026   Code   RO         1658    i.HAL_SYSTICK_Config  stm32f7xx_hal_cortex.o
    0x08003130   0x08003130   0x00000008   Code   RO         1659    i.HAL_SYSTICK_IRQHandler  stm32f7xx_hal_cortex.o
    0x08003138   0x08003138   0x00000002   Code   RO         3237    i.HAL_TIMEx_BreakCallback  stm32f7xx_hal_tim_ex.o
    0x0800313a   0x0800313a   0x00000002   Code   RO         3238    i.HAL_TIMEx_CommutationCallback  stm32f7xx_hal_tim_ex.o
    0x0800313c   0x0800313c   0x00000036   Code   RO         2605    i.HAL_TIM_Base_Init  stm32f7xx_hal_tim.o
    0x08003172   0x08003172   0x00000002   PAD
    0x08003174   0x08003174   0x0000003c   Code   RO          993    i.HAL_TIM_Base_MspInit  stm32f7xx_hal_msp.o
    0x080031b0   0x080031b0   0x00000002   Code   RO         2634    i.HAL_TIM_IC_CaptureCallback  stm32f7xx_hal_tim.o
    0x080031b2   0x080031b2   0x0000017e   Code   RO         2647    i.HAL_TIM_IRQHandler  stm32f7xx_hal_tim.o
    0x08003330   0x08003330   0x00000002   Code   RO         2650    i.HAL_TIM_OC_DelayElapsedCallback  stm32f7xx_hal_tim.o
    0x08003332   0x08003332   0x00000002   Code   RO         2677    i.HAL_TIM_PWM_PulseFinishedCallback  stm32f7xx_hal_tim.o
    0x08003334   0x08003334   0x00000002   Code   RO         2684    i.HAL_TIM_PeriodElapsedCallback  stm32f7xx_hal_tim.o
    0x08003336   0x08003336   0x00000002   Code   RO         2688    i.HAL_TIM_TriggerCallback  stm32f7xx_hal_tim.o
    0x08003338   0x08003338   0x00000002   Code   RO          857    i.HardFault_Handler  stm32f7xx_it.o
    0x0800333a   0x0800333a   0x00000002   PAD
    0x0800333c   0x0800333c   0x0000008c   Code   RO           13    i.MX_DMA_Init       main.o
    0x080033c8   0x080033c8   0x0000001c   Code   RO          429    i.MX_FATFS_Init     fatfs.o
    0x080033e4   0x080033e4   0x000001b8   Code   RO           14    i.MX_GPIO_Init      main.o
    0x0800359c   0x0800359c   0x00000048   Code   RO           15    i.MX_SPI2_Init      main.o
    0x080035e4   0x080035e4   0x00000048   Code   RO           16    i.MX_SPI3_Init      main.o
    0x0800362c   0x0800362c   0x00000048   Code   RO           17    i.MX_SPI4_Init      main.o
    0x08003674   0x08003674   0x00000048   Code   RO           18    i.MX_SPI5_Init      main.o
    0x080036bc   0x080036bc   0x00000048   Code   RO           19    i.MX_SPI6_Init      main.o
    0x08003704   0x08003704   0x00000038   Code   RO          467    i.MX_USB_DEVICE_Init  usb_device.o
    0x0800373c   0x0800373c   0x00000002   Code   RO          858    i.MemManage_Handler  stm32f7xx_it.o
    0x0800373e   0x0800373e   0x00000002   Code   RO          859    i.NMI_Handler       stm32f7xx_it.o
    0x08003740   0x08003740   0x00000022   Code   RO         1660    i.NVIC_SetPriority  stm32f7xx_hal_cortex.o
    0x08003762   0x08003762   0x00000002   PAD
    0x08003764   0x08003764   0x0000000c   Code   RO          860    i.OTG_FS_IRQHandler  stm32f7xx_it.o
    0x08003770   0x08003770   0x00000096   Code   RO         1129    i.PCD_WriteEmptyTxFifo  stm32f7xx_hal_pcd.o
    0x08003806   0x08003806   0x00000002   Code   RO          861    i.PendSV_Handler    stm32f7xx_it.o
    0x08003808   0x08003808   0x00000032   Code   RO         1777    i.SDMMC_CmdAppCommand  stm32f7xx_ll_sdmmc.o
    0x0800383a   0x0800383a   0x00000002   PAD
    0x0800383c   0x0800383c   0x00000034   Code   RO         1778    i.SDMMC_CmdAppOperCommand  stm32f7xx_ll_sdmmc.o
    0x08003870   0x08003870   0x00000032   Code   RO         1779    i.SDMMC_CmdBlockLength  stm32f7xx_ll_sdmmc.o
    0x080038a2   0x080038a2   0x00000032   Code   RO         1780    i.SDMMC_CmdBusWidth  stm32f7xx_ll_sdmmc.o
    0x080038d4   0x080038d4   0x00000050   Code   RO         1784    i.SDMMC_CmdGoIdleState  stm32f7xx_ll_sdmmc.o
    0x08003924   0x08003924   0x00000064   Code   RO         1786    i.SDMMC_CmdOperCond  stm32f7xx_ll_sdmmc.o
    0x08003988   0x08003988   0x00000032   Code   RO         1787    i.SDMMC_CmdReadMultiBlock  stm32f7xx_ll_sdmmc.o
    0x080039ba   0x080039ba   0x00000032   Code   RO         1788    i.SDMMC_CmdReadSingleBlock  stm32f7xx_ll_sdmmc.o
    0x080039ec   0x080039ec   0x00000030   Code   RO         1791    i.SDMMC_CmdSelDesel  stm32f7xx_ll_sdmmc.o
    0x08003a1c   0x08003a1c   0x0000002a   Code   RO         1792    i.SDMMC_CmdSendCID  stm32f7xx_ll_sdmmc.o
    0x08003a46   0x08003a46   0x0000002e   Code   RO         1793    i.SDMMC_CmdSendCSD  stm32f7xx_ll_sdmmc.o
    0x08003a74   0x08003a74   0x00000030   Code   RO         1794    i.SDMMC_CmdSendSCR  stm32f7xx_ll_sdmmc.o
    0x08003aa4   0x08003aa4   0x00000032   Code   RO         1795    i.SDMMC_CmdSendStatus  stm32f7xx_ll_sdmmc.o
    0x08003ad6   0x08003ad6   0x00000030   Code   RO         1796    i.SDMMC_CmdSetRelAdd  stm32f7xx_ll_sdmmc.o
    0x08003b06   0x08003b06   0x00000002   PAD
    0x08003b08   0x08003b08   0x00000034   Code   RO         1798    i.SDMMC_CmdStopTransfer  stm32f7xx_ll_sdmmc.o
    0x08003b3c   0x08003b3c   0x00000032   Code   RO         1800    i.SDMMC_CmdWriteMultiBlock  stm32f7xx_ll_sdmmc.o
    0x08003b6e   0x08003b6e   0x00000032   Code   RO         1801    i.SDMMC_CmdWriteSingleBlock  stm32f7xx_ll_sdmmc.o
    0x08003ba0   0x08003ba0   0x00000026   Code   RO         1802    i.SDMMC_ConfigData  stm32f7xx_ll_sdmmc.o
    0x08003bc6   0x08003bc6   0x00000002   PAD
    0x08003bc8   0x08003bc8   0x0000011c   Code   RO         1803    i.SDMMC_GetCmdResp1  stm32f7xx_ll_sdmmc.o
    0x08003ce4   0x08003ce4   0x00000050   Code   RO         1804    i.SDMMC_GetCmdResp2  stm32f7xx_ll_sdmmc.o
    0x08003d34   0x08003d34   0x00000040   Code   RO         1805    i.SDMMC_GetCmdResp3  stm32f7xx_ll_sdmmc.o
    0x08003d74   0x08003d74   0x00000084   Code   RO         1806    i.SDMMC_GetCmdResp6  stm32f7xx_ll_sdmmc.o
    0x08003df8   0x08003df8   0x00000008   Code   RO         1810    i.SDMMC_GetPowerState  stm32f7xx_ll_sdmmc.o
    0x08003e00   0x08003e00   0x0000000c   Code   RO         1811    i.SDMMC_GetResponse  stm32f7xx_ll_sdmmc.o
    0x08003e0c   0x08003e0c   0x00000022   Code   RO         1812    i.SDMMC_Init        stm32f7xx_ll_sdmmc.o
    0x08003e2e   0x08003e2e   0x00000008   Code   RO         1814    i.SDMMC_PowerState_ON  stm32f7xx_ll_sdmmc.o
    0x08003e36   0x08003e36   0x00000006   Code   RO         1815    i.SDMMC_ReadFIFO    stm32f7xx_ll_sdmmc.o
    0x08003e3c   0x08003e3c   0x00000022   Code   RO         1816    i.SDMMC_SendCommand  stm32f7xx_ll_sdmmc.o
    0x08003e5e   0x08003e5e   0x0000000a   Code   RO         1818    i.SDMMC_WriteFIFO   stm32f7xx_ll_sdmmc.o
    0x08003e68   0x08003e68   0x00000020   Code   RO          369    i.SD_CheckStatus    sd_diskio.o
    0x08003e88   0x08003e88   0x000000d6   Code   RO         2073    i.SD_FindSCR        stm32f7xx_hal_sd.o
    0x08003f5e   0x08003f5e   0x000000e6   Code   RO         2074    i.SD_InitCard       stm32f7xx_hal_sd.o
    0x08004044   0x08004044   0x000000a6   Code   RO         2075    i.SD_PowerON        stm32f7xx_hal_sd.o
    0x080040ea   0x080040ea   0x0000004e   Code   RO         2077    i.SD_WideBus_Disable  stm32f7xx_hal_sd.o
    0x08004138   0x08004138   0x0000004e   Code   RO         2078    i.SD_WideBus_Enable  stm32f7xx_hal_sd.o
    0x08004186   0x08004186   0x00000002   PAD
    0x08004188   0x08004188   0x00000020   Code   RO          370    i.SD_initialize     sd_diskio.o
    0x080041a8   0x080041a8   0x00000058   Code   RO          371    i.SD_ioctl          sd_diskio.o
    0x08004200   0x08004200   0x00000026   Code   RO          372    i.SD_read           sd_diskio.o
    0x08004226   0x08004226   0x00000004   Code   RO          373    i.SD_status         sd_diskio.o
    0x0800422a   0x0800422a   0x00000002   PAD
    0x0800422c   0x0800422c   0x00000026   Code   RO          374    i.SD_write          sd_diskio.o
    0x08004252   0x08004252   0x00000022   Code   RO         2315    i.SPI_DMAError      stm32f7xx_hal_spi.o
    0x08004274   0x08004274   0x0000000a   Code   RO         2316    i.SPI_DMAHalfReceiveCplt  stm32f7xx_hal_spi.o
    0x0800427e   0x0800427e   0x0000000a   Code   RO         2318    i.SPI_DMAHalfTransmitReceiveCplt  stm32f7xx_hal_spi.o
    0x08004288   0x08004288   0x00000056   Code   RO         2319    i.SPI_DMAReceiveCplt  stm32f7xx_hal_spi.o
    0x080042de   0x080042de   0x0000005c   Code   RO         2322    i.SPI_DMATransmitReceiveCplt  stm32f7xx_hal_spi.o
    0x0800433a   0x0800433a   0x00000074   Code   RO         2324    i.SPI_EndRxTransaction  stm32f7xx_hal_spi.o
    0x080043ae   0x080043ae   0x00000048   Code   RO         2325    i.SPI_EndRxTxTransaction  stm32f7xx_hal_spi.o
    0x080043f6   0x080043f6   0x000000a0   Code   RO         2330    i.SPI_WaitFifoStateUntilTimeout  stm32f7xx_hal_spi.o
    0x08004496   0x08004496   0x0000008c   Code   RO         2331    i.SPI_WaitFlagStateUntilTimeout  stm32f7xx_hal_spi.o
    0x08004522   0x08004522   0x00000002   Code   RO          862    i.SVC_Handler       stm32f7xx_it.o
    0x08004524   0x08004524   0x0000000e   Code   RO          863    i.SysTick_Handler   stm32f7xx_it.o
    0x08004532   0x08004532   0x00000002   PAD
    0x08004534   0x08004534   0x000000e4   Code   RO           20    i.SystemClock_Config  main.o
    0x08004618   0x08004618   0x00000054   Code   RO         4967    i.SystemInit        system_stm32f7xx.o
    0x0800466c   0x0800466c   0x0000000c   Code   RO          864    i.TIM8_TRG_COM_TIM14_IRQHandler  stm32f7xx_it.o
    0x08004678   0x08004678   0x000000cc   Code   RO         2689    i.TIM_Base_SetConfig  stm32f7xx_hal_tim.o
    0x08004744   0x08004744   0x00000018   Code   RO         5732    i.USBD_AUDIO_DataIn  usbd_audio.o
    0x0800475c   0x0800475c   0x0000003c   Code   RO         5733    i.USBD_AUDIO_DataOut  usbd_audio.o
    0x08004798   0x08004798   0x0000002c   Code   RO         5734    i.USBD_AUDIO_DeInit  usbd_audio.o
    0x080047c4   0x080047c4   0x00000034   Code   RO         5735    i.USBD_AUDIO_EP0_RxReady  usbd_audio.o
    0x080047f8   0x080047f8   0x00000004   Code   RO         5736    i.USBD_AUDIO_EP0_TxReady  usbd_audio.o
    0x080047fc   0x080047fc   0x0000000c   Code   RO         5737    i.USBD_AUDIO_GetCfgDesc  usbd_audio.o
    0x08004808   0x08004808   0x0000000c   Code   RO         5738    i.USBD_AUDIO_GetDeviceQualifierDesc  usbd_audio.o
    0x08004814   0x08004814   0x00000048   Code   RO         5739    i.USBD_AUDIO_Init   usbd_audio.o
    0x0800485c   0x0800485c   0x00000004   Code   RO         5740    i.USBD_AUDIO_IsoINIncomplete  usbd_audio.o
    0x08004860   0x08004860   0x00000004   Code   RO         5741    i.USBD_AUDIO_IsoOutIncomplete  usbd_audio.o
    0x08004864   0x08004864   0x0000000a   Code   RO         5742    i.USBD_AUDIO_RegisterInterface  usbd_audio.o
    0x0800486e   0x0800486e   0x00000002   PAD
    0x08004870   0x08004870   0x00000024   Code   RO         5743    i.USBD_AUDIO_SOF    usbd_audio.o
    0x08004894   0x08004894   0x000000d4   Code   RO         5744    i.USBD_AUDIO_Setup  usbd_audio.o
    0x08004968   0x08004968   0x0000000e   Code   RO         5469    i.USBD_ClrClassConfig  usbd_core.o
    0x08004976   0x08004976   0x00000010   Code   RO         5672    i.USBD_CtlContinueRx  usbd_ioreq.o
    0x08004986   0x08004986   0x00000010   Code   RO         5673    i.USBD_CtlContinueSendData  usbd_ioreq.o
    0x08004996   0x08004996   0x00000016   Code   RO         5607    i.USBD_CtlError     usbd_ctlreq.o
    0x080049ac   0x080049ac   0x0000001e   Code   RO         5674    i.USBD_CtlPrepareRx  usbd_ioreq.o
    0x080049ca   0x080049ca   0x00000016   Code   RO         5675    i.USBD_CtlReceiveStatus  usbd_ioreq.o
    0x080049e0   0x080049e0   0x0000001a   Code   RO         5676    i.USBD_CtlSendData  usbd_ioreq.o
    0x080049fa   0x080049fa   0x00000016   Code   RO         5677    i.USBD_CtlSendStatus  usbd_ioreq.o
    0x08004a10   0x08004a10   0x00000024   Code   RO          707    i.USBD_FS_ConfigStrDescriptor  usbd_desc.o
    0x08004a34   0x08004a34   0x0000000c   Code   RO          708    i.USBD_FS_DeviceDescriptor  usbd_desc.o
    0x08004a40   0x08004a40   0x00000024   Code   RO          709    i.USBD_FS_InterfaceStrDescriptor  usbd_desc.o
    0x08004a64   0x08004a64   0x0000000c   Code   RO          710    i.USBD_FS_LangIDStrDescriptor  usbd_desc.o
    0x08004a70   0x08004a70   0x00000028   Code   RO          711    i.USBD_FS_ManufacturerStrDescriptor  usbd_desc.o
    0x08004a98   0x08004a98   0x00000028   Code   RO          712    i.USBD_FS_ProductStrDescriptor  usbd_desc.o
    0x08004ac0   0x08004ac0   0x00000024   Code   RO          713    i.USBD_FS_SerialStrDescriptor  usbd_desc.o
    0x08004ae4   0x08004ae4   0x000000e0   Code   RO         5608    i.USBD_GetDescriptor  usbd_ctlreq.o
    0x08004bc4   0x08004bc4   0x00000048   Code   RO         5609    i.USBD_GetString    usbd_ctlreq.o
    0x08004c0c   0x08004c0c   0x0000002a   Code   RO         5471    i.USBD_Init         usbd_core.o
    0x08004c36   0x08004c36   0x00000020   Code   RO          531    i.USBD_LL_ClearStallEP  usbd_conf.o
    0x08004c56   0x08004c56   0x00000020   Code   RO          532    i.USBD_LL_CloseEP   usbd_conf.o
    0x08004c76   0x08004c76   0x000000aa   Code   RO         5472    i.USBD_LL_DataInStage  usbd_core.o
    0x08004d20   0x08004d20   0x0000006a   Code   RO         5473    i.USBD_LL_DataOutStage  usbd_core.o
    0x08004d8a   0x08004d8a   0x00000004   Code   RO         5474    i.USBD_LL_DevConnected  usbd_core.o
    0x08004d8e   0x08004d8e   0x00000016   Code   RO         5475    i.USBD_LL_DevDisconnected  usbd_core.o
    0x08004da4   0x08004da4   0x00000080   Code   RO          537    i.USBD_LL_Init      usbd_conf.o
    0x08004e24   0x08004e24   0x00000020   Code   RO          538    i.USBD_LL_IsStallEP  usbd_conf.o
    0x08004e44   0x08004e44   0x00000004   Code   RO         5476    i.USBD_LL_IsoINIncomplete  usbd_core.o
    0x08004e48   0x08004e48   0x00000004   Code   RO         5477    i.USBD_LL_IsoOUTIncomplete  usbd_core.o
    0x08004e4c   0x08004e4c   0x00000026   Code   RO          539    i.USBD_LL_OpenEP    usbd_conf.o
    0x08004e72   0x08004e72   0x00000020   Code   RO          540    i.USBD_LL_PrepareReceive  usbd_conf.o
    0x08004e92   0x08004e92   0x00000040   Code   RO         5478    i.USBD_LL_Reset     usbd_core.o
    0x08004ed2   0x08004ed2   0x0000000c   Code   RO         5479    i.USBD_LL_Resume    usbd_core.o
    0x08004ede   0x08004ede   0x00000018   Code   RO         5480    i.USBD_LL_SOF       usbd_core.o
    0x08004ef6   0x08004ef6   0x00000006   Code   RO         5481    i.USBD_LL_SetSpeed  usbd_core.o
    0x08004efc   0x08004efc   0x00000020   Code   RO          541    i.USBD_LL_SetUSBAddress  usbd_conf.o
    0x08004f1c   0x08004f1c   0x00000056   Code   RO         5482    i.USBD_LL_SetupStage  usbd_core.o
    0x08004f72   0x08004f72   0x00000020   Code   RO          542    i.USBD_LL_StallEP   usbd_conf.o
    0x08004f92   0x08004f92   0x00000020   Code   RO          543    i.USBD_LL_Start     usbd_conf.o
    0x08004fb2   0x08004fb2   0x00000012   Code   RO         5483    i.USBD_LL_Suspend   usbd_core.o
    0x08004fc4   0x08004fc4   0x00000020   Code   RO          545    i.USBD_LL_Transmit  usbd_conf.o
    0x08004fe4   0x08004fe4   0x00000028   Code   RO         5610    i.USBD_ParseSetupRequest  usbd_ctlreq.o
    0x0800500c   0x0800500c   0x00000012   Code   RO         5484    i.USBD_RegisterClass  usbd_core.o
    0x0800501e   0x0800501e   0x00000016   Code   RO         5486    i.USBD_SetClassConfig  usbd_core.o
    0x08005034   0x08005034   0x00000074   Code   RO         5611    i.USBD_SetConfig    usbd_ctlreq.o
    0x080050a8   0x080050a8   0x0000000a   Code   RO         5487    i.USBD_Start        usbd_core.o
    0x080050b2   0x080050b2   0x000000f2   Code   RO         5612    i.USBD_StdDevReq    usbd_ctlreq.o
    0x080051a4   0x080051a4   0x000000de   Code   RO         5613    i.USBD_StdEPReq     usbd_ctlreq.o
    0x08005282   0x08005282   0x00000034   Code   RO         5614    i.USBD_StdItfReq    usbd_ctlreq.o
    0x080052b6   0x080052b6   0x00000002   PAD
    0x080052b8   0x080052b8   0x00000080   Code   RO         1361    i.USB_ActivateEndpoint  stm32f7xx_ll_usb.o
    0x08005338   0x08005338   0x00000034   Code   RO         1362    i.USB_ActivateSetup  stm32f7xx_ll_usb.o
    0x0800536c   0x0800536c   0x00000070   Code   RO         1364    i.USB_CoreInit      stm32f7xx_ll_usb.o
    0x080053dc   0x080053dc   0x00000038   Code   RO         1365    i.USB_CoreReset     stm32f7xx_ll_usb.o
    0x08005414   0x08005414   0x0000006e   Code   RO         1367    i.USB_DeactivateEndpoint  stm32f7xx_ll_usb.o
    0x08005482   0x08005482   0x00000018   Code   RO         1368    i.USB_DevConnect    stm32f7xx_ll_usb.o
    0x0800549a   0x0800549a   0x00000018   Code   RO         1369    i.USB_DevDisconnect  stm32f7xx_ll_usb.o
    0x080054b2   0x080054b2   0x00000002   PAD
    0x080054b4   0x080054b4   0x00000168   Code   RO         1370    i.USB_DevInit       stm32f7xx_ll_usb.o
    0x0800561c   0x0800561c   0x0000000c   Code   RO         1371    i.USB_DisableGlobalInt  stm32f7xx_ll_usb.o
    0x08005628   0x08005628   0x00000140   Code   RO         1374    i.USB_EP0StartXfer  stm32f7xx_ll_usb.o
    0x08005768   0x08005768   0x0000003e   Code   RO         1375    i.USB_EP0_OutStart  stm32f7xx_ll_usb.o
    0x080057a6   0x080057a6   0x00000064   Code   RO         1376    i.USB_EPClearStall  stm32f7xx_ll_usb.o
    0x0800580a   0x0800580a   0x0000005e   Code   RO         1377    i.USB_EPSetStall    stm32f7xx_ll_usb.o
    0x08005868   0x08005868   0x0000021c   Code   RO         1378    i.USB_EPStartXfer   stm32f7xx_ll_usb.o
    0x08005a84   0x08005a84   0x0000000c   Code   RO         1379    i.USB_EnableGlobalInt  stm32f7xx_ll_usb.o
    0x08005a90   0x08005a90   0x00000020   Code   RO         1380    i.USB_FlushRxFifo   stm32f7xx_ll_usb.o
    0x08005ab0   0x08005ab0   0x00000024   Code   RO         1381    i.USB_FlushTxFifo   stm32f7xx_ll_usb.o
    0x08005ad4   0x08005ad4   0x0000003e   Code   RO         1383    i.USB_GetDevSpeed   stm32f7xx_ll_usb.o
    0x08005b12   0x08005b12   0x00000008   Code   RO         1385    i.USB_GetMode       stm32f7xx_ll_usb.o
    0x08005b1a   0x08005b1a   0x0000000e   Code   RO         1392    i.USB_ReadDevAllInEpInterrupt  stm32f7xx_ll_usb.o
    0x08005b28   0x08005b28   0x0000000e   Code   RO         1393    i.USB_ReadDevAllOutEpInterrupt  stm32f7xx_ll_usb.o
    0x08005b36   0x08005b36   0x00000020   Code   RO         1394    i.USB_ReadDevInEPInterrupt  stm32f7xx_ll_usb.o
    0x08005b56   0x08005b56   0x00000010   Code   RO         1395    i.USB_ReadDevOutEPInterrupt  stm32f7xx_ll_usb.o
    0x08005b66   0x08005b66   0x00000008   Code   RO         1396    i.USB_ReadInterrupts  stm32f7xx_ll_usb.o
    0x08005b6e   0x08005b6e   0x0000001e   Code   RO         1397    i.USB_ReadPacket    stm32f7xx_ll_usb.o
    0x08005b8c   0x08005b8c   0x0000002c   Code   RO         1399    i.USB_SetCurrentMode  stm32f7xx_ll_usb.o
    0x08005bb8   0x08005bb8   0x00000022   Code   RO         1400    i.USB_SetDevAddress  stm32f7xx_ll_usb.o
    0x08005bda   0x08005bda   0x00000002   PAD
    0x08005bdc   0x08005bdc   0x0000002c   Code   RO         1404    i.USB_WritePacket   stm32f7xx_ll_usb.o
    0x08005c08   0x08005c08   0x00000002   Code   RO          865    i.UsageFault_Handler  stm32f7xx_it.o
    0x08005c0a   0x08005c0a   0x00000002   Code   RO           21    i._Error_Handler    main.o
    0x08005c0c   0x08005c0c   0x0000000e   Code   RO         5889    i.__scatterload_copy  mc_w.l(handlers.o)
    0x08005c1a   0x08005c1a   0x00000002   Code   RO         5890    i.__scatterload_null  mc_w.l(handlers.o)
    0x08005c1c   0x08005c1c   0x0000000e   Code   RO         5891    i.__scatterload_zeroinit  mc_w.l(handlers.o)
    0x08005c2a   0x08005c2a   0x00000002   PAD
    0x08005c2c   0x08005c2c   0x00000070   Code   RO         5083    i.check_fs          ff.o
    0x08005c9c   0x08005c9c   0x0000005c   Code   RO         5084    i.chk_lock          ff.o
    0x08005cf8   0x08005cf8   0x00000020   Code   RO         5085    i.clear_lock        ff.o
    0x08005d18   0x08005d18   0x00000026   Code   RO         5086    i.clmt_clust        ff.o
    0x08005d3e   0x08005d3e   0x00000018   Code   RO         5087    i.clust2sect        ff.o
    0x08005d56   0x08005d56   0x000000a6   Code   RO         5088    i.create_chain      ff.o
    0x08005dfc   0x08005dfc   0x000000bc   Code   RO         5089    i.create_name       ff.o
    0x08005eb8   0x08005eb8   0x00000034   Code   RO         5090    i.dec_lock          ff.o
    0x08005eec   0x08005eec   0x00000066   Code   RO         5091    i.dir_find          ff.o
    0x08005f52   0x08005f52   0x00000002   PAD
    0x08005f54   0x08005f54   0x00000102   Code   RO         5092    i.dir_next          ff.o
    0x08006056   0x08006056   0x00000066   Code   RO         5094    i.dir_register      ff.o
    0x080060bc   0x080060bc   0x0000008e   Code   RO         5096    i.dir_sdi           ff.o
    0x0800614a   0x0800614a   0x00000002   PAD
    0x0800614c   0x0800614c   0x00000028   Code   RO         5028    i.disk_initialize   diskio.o
    0x08006174   0x08006174   0x00000018   Code   RO         5029    i.disk_ioctl        diskio.o
    0x0800618c   0x0800618c   0x0000001c   Code   RO         5030    i.disk_read         diskio.o
    0x080061a8   0x080061a8   0x00000014   Code   RO         5031    i.disk_status       diskio.o
    0x080061bc   0x080061bc   0x0000001c   Code   RO         5032    i.disk_write        diskio.o
    0x080061d8   0x080061d8   0x00000028   Code   RO         5097    i.f_close           ff.o
    0x08006200   0x08006200   0x00000058   Code   RO         5104    i.f_mount           ff.o
    0x08006258   0x08006258   0x0000021c   Code   RO         5105    i.f_open            ff.o
    0x08006474   0x08006474   0x0000008e   Code   RO         5114    i.f_sync            ff.o
    0x08006502   0x08006502   0x000001ae   Code   RO         5117    i.f_write           ff.o
    0x080066b0   0x080066b0   0x00000014   Code   RO         1048    i.fifo_init         fifo.o
    0x080066c4   0x080066c4   0x0000028c   Code   RO         5118    i.find_volume       ff.o
    0x08006950   0x08006950   0x0000007a   Code   RO         5119    i.follow_path       ff.o
    0x080069ca   0x080069ca   0x00000002   PAD
    0x080069cc   0x080069cc   0x00000050   Code   RO         5837    i.free              mc_w.l(malloc.o)
    0x08006a1c   0x08006a1c   0x000000ea   Code   RO         5120    i.get_fat           ff.o
    0x08006b06   0x08006b06   0x00000004   Code   RO          430    i.get_fattime       fatfs.o
    0x08006b0a   0x08006b0a   0x0000003c   Code   RO         5122    i.get_ldnumber      ff.o
    0x08006b46   0x08006b46   0x00000002   PAD
    0x08006b48   0x08006b48   0x00000040   Code   RO         1049    i.get_packet        fifo.o
    0x08006b88   0x08006b88   0x00000080   Code   RO         5123    i.inc_lock          ff.o
    0x08006c08   0x08006c08   0x00000026   Code   RO         5124    i.ld_clust          ff.o
    0x08006c2e   0x08006c2e   0x00000016   Code   RO         5125    i.ld_dword          ff.o
    0x08006c44   0x08006c44   0x0000000a   Code   RO         5126    i.ld_word           ff.o
    0x08006c4e   0x08006c4e   0x00000002   PAD
    0x08006c50   0x08006c50   0x00000150   Code   RO           22    i.main              main.o
    0x08006da0   0x08006da0   0x0000006c   Code   RO         5838    i.malloc            mc_w.l(malloc.o)
    0x08006e0c   0x08006e0c   0x00000012   Code   RO         5127    i.mem_cpy           ff.o
    0x08006e1e   0x08006e1e   0x00000002   PAD
    0x08006e20   0x08006e20   0x0000000e   Code   RO         5128    i.mem_set           ff.o
    0x08006e2e   0x08006e2e   0x00000032   Code   RO         5129    i.move_window       ff.o
    0x08006e60   0x08006e60   0x0000012c   Code   RO         5130    i.put_fat           ff.o
    0x08006f8c   0x08006f8c   0x00000064   Code   RO         1050    i.put_sample        fifo.o
    0x08006ff0   0x08006ff0   0x00000074   Code   RO         5133    i.remove_chain      ff.o
    0x08007064   0x08007064   0x00000028   Code   RO         5134    i.st_clust          ff.o
    0x0800708c   0x0800708c   0x00000010   Code   RO         5135    i.st_dword          ff.o
    0x0800709c   0x0800709c   0x00000008   Code   RO         5136    i.st_word           ff.o
    0x080070a4   0x080070a4   0x00000088   Code   RO         5137    i.sync_fs           ff.o
    0x0800712c   0x0800712c   0x00000052   Code   RO         5138    i.sync_window       ff.o
    0x0800717e   0x0800717e   0x00000030   Code   RO         5139    i.validate          ff.o
    0x080071ae   0x080071ae   0x00000002   PAD
    0x080071b0   0x080071b0   0x00000014   Data   RO          375    .constdata          sd_diskio.o
    0x080071c4   0x080071c4   0x00000008   Data   RO         3941    .constdata          stm32f7xx_hal_dma.o
    0x080071cc   0x080071cc   0x00000010   Data   RO         4968    .constdata          system_stm32f7xx.o
    0x080071dc   0x080071dc   0x0000009c   Data   RO         5141    .constdata          ff.o
    0x08007278   0x08007278   0x00000020   Data   RO         5887    Region$$Table       anon$$obj.o


    Execution Region RW_IRAM1 (Exec base: 0x20000000, Load base: 0x08007298, Size: 0x00046750, Max: 0x00080000, ABSOLUTE, COMPRESSED[0x000000c8])

    Exec Addr    Load Addr    Size         Type   Attr      Idx    E Section Name        Object

    0x20000000   COMPRESSED   0x00000004   Data   RW           31    .data               main.o
    0x20000004   COMPRESSED   0x00000001   Data   RW          376    .data               sd_diskio.o
    0x20000005   COMPRESSED   0x00000005   Data   RW          433    .data               fatfs.o
    0x2000000a   COMPRESSED   0x00000002   PAD
    0x2000000c   COMPRESSED   0x0000001c   Data   RW          715    .data               usbd_desc.o
    0x20000028   COMPRESSED   0x00000016   Data   RW          716    .data               usbd_desc.o
    0x2000003e   COMPRESSED   0x00000002   PAD
    0x20000040   COMPRESSED   0x0000001c   Data   RW          784    .data               usbd_audio_if.o
    0x2000005c   COMPRESSED   0x00000018   Data   RW          867    .data               stm32f7xx_it.o
    0x20000074   COMPRESSED   0x00000004   Data   RW         1057    .data               fifo.o
    0x20000078   COMPRESSED   0x0000000c   Data   RW         4320    .data               stm32f7xx_hal.o
    0x20000084   COMPRESSED   0x00000004   Data   RW         4970    .data               system_stm32f7xx.o
    0x20000088   COMPRESSED   0x00000008   Data   RW         5142    .data               ff.o
    0x20000090   COMPRESSED   0x00000001   Data   RW         5615    .data               usbd_ctlreq.o
    0x20000091   COMPRESSED   0x00000003   PAD
    0x20000094   COMPRESSED   0x00000038   Data   RW         5746    .data               usbd_audio.o
    0x200000cc   COMPRESSED   0x0000006e   Data   RW         5747    .data               usbd_audio.o
    0x2000013a   COMPRESSED   0x00000002   PAD
    0x2000013c   COMPRESSED   0x00000004   Data   RW         5883    .data               mc_w.l(mvars.o)
    0x20000140   COMPRESSED   0x00000004   Data   RW         5884    .data               mc_w.l(mvars.o)
    0x20000144        -       0x00014f1c   Zero   RW           23    .bss                main.o
    0x20015060        -       0x00000060   Zero   RW           24    .bss                main.o
    0x200150c0        -       0x00000060   Zero   RW           25    .bss                main.o
    0x20015120        -       0x00000060   Zero   RW           26    .bss                main.o
    0x20015180        -       0x00000060   Zero   RW           27    .bss                main.o
    0x200151e0        -       0x00000060   Zero   RW           28    .bss                main.o
    0x20015240        -       0x00000060   Zero   RW           29    .bss                main.o
    0x200152a0        -       0x00000224   Zero   RW          468    .bss                usb_device.o
    0x200154c4        -       0x00000400   Zero   RW          546    .bss                usbd_conf.o
    0x200158c4        -       0x00000200   Zero   RW          714    .bss                usbd_desc.o
    0x20015ac4        -       0x00012c00   Zero   RW          866    .bss                stm32f7xx_it.o
    0x200286c4        -       0x00000030   Zero   RW         1052    .bss                fifo.o
    0x200286f4        -       0x00000050   Zero   RW         5140    .bss                ff.o
    0x20028744        -       0x0000000c   Zero   RW         5423    .bss                ff_gen_drv.o
    0x20028750        -       0x0000f000   Zero   RW            2    HEAP                startup_stm32f767xx.o
    0x20037750        -       0x0000f000   Zero   RW            1    STACK               startup_stm32f767xx.o


==============================================================================

Image component sizes


      Code (inc. data)   RO Data    RW Data    ZI Data      Debug   Object Name

       152         24          0          0          0       3535   bsp_driver_sd.o
       140         26          0          0          0       3745   diskio.o
        32         10          0          5          0       1480   fatfs.o
      4642         80        156          8         80      38161   ff.o
        70          6          0          0         12       1683   ff_gen_drv.o
       184         30          0          4         48       2389   fifo.o
      1506        152          0          4      86364     894830   main.o
       232         14         20          1          0       4456   sd_diskio.o
        36          8        504          0     122880        836   startup_stm32f767xx.o
       150         24          0         12          0       3981   stm32f7xx_hal.o
       228         12          0          0          0      37237   stm32f7xx_hal_cortex.o
       930         16          8          0          0       5851   stm32f7xx_hal_dma.o
       482         54          0          0          0       2572   stm32f7xx_hal_gpio.o
      1012        168          0          0          0       3714   stm32f7xx_hal_msp.o
      2346         72          0          0          0      11069   stm32f7xx_hal_pcd.o
       122          6          0          0          0       3065   stm32f7xx_hal_pcd_ex.o
       108          8          0          0          0       1268   stm32f7xx_hal_pwr_ex.o
      1388         68          0          0          0       5322   stm32f7xx_hal_rcc.o
      1340         22          0          0          0       2324   stm32f7xx_hal_rcc_ex.o
      2468          0          0          0          0      13316   stm32f7xx_hal_sd.o
      1664         36          0          0          0      12664   stm32f7xx_hal_spi.o
       650         46          0          0          0       6645   stm32f7xx_hal_tim.o
         4          0          0          0          0       1674   stm32f7xx_hal_tim_ex.o
       678        138          0         24      76800      11302   stm32f7xx_it.o
      1626         42          0          0          0      22912   stm32f7xx_ll_sdmmc.o
      2380         52          0          0          0      20531   stm32f7xx_ll_usb.o
        84         16         16          4          0       1231   system_stm32f7xx.o
        56         18          0          0        548       3253   usb_device.o
       546         22          0        166          0      12616   usbd_audio.o
        28          0          0         28          0       3808   usbd_audio_if.o
       706         40          0          0       1024      14046   usbd_conf.o
       626          0          0          0          0      12014   usbd_core.o
       990         28          0          1          0       8076   usbd_ctlreq.o
       212        116          0         50        512       5191   usbd_desc.o
       132          0          0          0          0       4544   usbd_ioreq.o

    ----------------------------------------------------------------------
     28006       1354        736        316     288268    1181341   Object Totals
         0          0         32          0          0          0   (incl. Generated)
        56          0          0          9          0          0   (incl. Padding)

    ----------------------------------------------------------------------

      Code (inc. data)   RO Data    RW Data    ZI Data      Debug   Library Member Name

        86          0          0          0          0          0   __dczerorl2.o
         0          0          0          0          0          0   entry.o
         0          0          0          0          0          0   entry10a.o
         0          0          0          0          0          0   entry11a.o
         8          4          0          0          0          0   entry2.o
         4          0          0          0          0          0   entry5.o
         0          0          0          0          0          0   entry7b.o
         0          0          0          0          0          0   entry8b.o
         8          4          0          0          0          0   entry9a.o
        30          0          0          0          0          0   handlers.o
        36          8          0          0          0         68   init.o
        30          0          0          0          0         68   llshl.o
        32          0          0          0          0         68   llushr.o
       188         20          0          0          0        160   malloc.o
        36          0          0          0          0         68   memcpya.o
        36          0          0          0          0        108   memseta.o
         0          0          0          8          0          0   mvars.o
        98          0          0          0          0         92   uldiv.o

    ----------------------------------------------------------------------
       594         36          0          8          0        632   Library Totals
         2          0          0          0          0          0   (incl. Padding)

    ----------------------------------------------------------------------

      Code (inc. data)   RO Data    RW Data    ZI Data      Debug   Library Name

       592         36          0          8          0        632   mc_w.l

    ----------------------------------------------------------------------
       594         36          0          8          0        632   Library Totals

    ----------------------------------------------------------------------

==============================================================================


      Code (inc. data)   RO Data    RW Data    ZI Data      Debug   

     28600       1390        736        324     288268    1151497   Grand Totals
     28600       1390        736        200     288268    1151497   ELF Image Totals (compressed)
     28600       1390        736        200          0          0   ROM Totals

==============================================================================

    Total RO  Size (Code + RO Data)                29336 (  28.65kB)
    Total RW  Size (RW Data + ZI Data)            288592 ( 281.83kB)
    Total ROM Size (Code + RO Data + RW Data)      29536 (  28.84kB)

==============================================================================

