Component: ARM Compiler 5.06 update 5 (build 528) Tool: armlink [4d35e2]

==============================================================================

Section Cross References

    startup_stm32f767xx.o(RESET) refers to startup_stm32f767xx.o(STACK) for __initial_sp
    startup_stm32f767xx.o(RESET) refers to startup_stm32f767xx.o(.text) for Reset_Handler
    startup_stm32f767xx.o(RESET) refers to stm32f7xx_it.o(i.NMI_Handler) for NMI_Handler
    startup_stm32f767xx.o(RESET) refers to stm32f7xx_it.o(i.HardFault_Handler) for HardFault_Handler
    startup_stm32f767xx.o(RESET) refers to stm32f7xx_it.o(i.MemManage_Handler) for MemManage_Handler
    startup_stm32f767xx.o(RESET) refers to stm32f7xx_it.o(i.BusFault_Handler) for BusFault_Handler
    startup_stm32f767xx.o(RESET) refers to stm32f7xx_it.o(i.UsageFault_Handler) for UsageFault_Handler
    startup_stm32f767xx.o(RESET) refers to stm32f7xx_it.o(i.SVC_Handler) for SVC_Handler
    startup_stm32f767xx.o(RESET) refers to stm32f7xx_it.o(i.DebugMon_Handler) for DebugMon_Handler
    startup_stm32f767xx.o(RESET) refers to stm32f7xx_it.o(i.PendSV_Handler) for PendSV_Handler
    startup_stm32f767xx.o(RESET) refers to stm32f7xx_it.o(i.SysTick_Handler) for SysTick_Handler
    startup_stm32f767xx.o(RESET) refers to stm32f7xx_it.o(i.DMA1_Stream0_IRQHandler) for DMA1_Stream0_IRQHandler
    startup_stm32f767xx.o(RESET) refers to stm32f7xx_it.o(i.DMA1_Stream1_IRQHandler) for DMA1_Stream1_IRQHandler
    startup_stm32f767xx.o(RESET) refers to stm32f7xx_it.o(i.TIM8_TRG_COM_TIM14_IRQHandler) for TIM8_TRG_COM_TIM14_IRQHandler
    startup_stm32f767xx.o(RESET) refers to stm32f7xx_it.o(i.DMA2_Stream0_IRQHandler) for DMA2_Stream0_IRQHandler
    startup_stm32f767xx.o(RESET) refers to stm32f7xx_it.o(i.DMA2_Stream3_IRQHandler) for DMA2_Stream3_IRQHandler
    startup_stm32f767xx.o(RESET) refers to stm32f7xx_it.o(i.OTG_FS_IRQHandler) for OTG_FS_IRQHandler
    startup_stm32f767xx.o(RESET) refers to stm32f7xx_it.o(i.DMA2_Stream5_IRQHandler) for DMA2_Stream5_IRQHandler
    startup_stm32f767xx.o(RESET) refers to stm32f7xx_it.o(i.DMA2_Stream6_IRQHandler) for DMA2_Stream6_IRQHandler
    startup_stm32f767xx.o(.text) refers to system_stm32f7xx.o(i.SystemInit) for SystemInit
    startup_stm32f767xx.o(.text) refers to entry.o(.ARM.Collect$$$$00000000) for __main
    main.o(i.MX_DMA_Init) refers to stm32f7xx_hal_cortex.o(i.HAL_NVIC_SetPriority) for HAL_NVIC_SetPriority
    main.o(i.MX_DMA_Init) refers to stm32f7xx_hal_cortex.o(i.HAL_NVIC_EnableIRQ) for HAL_NVIC_EnableIRQ
    main.o(i.MX_GPIO_Init) refers to stm32f7xx_hal_gpio.o(i.HAL_GPIO_WritePin) for HAL_GPIO_WritePin
    main.o(i.MX_GPIO_Init) refers to stm32f7xx_hal_gpio.o(i.HAL_GPIO_Init) for HAL_GPIO_Init
    main.o(i.MX_SPI2_Init) refers to stm32f7xx_hal_spi.o(i.HAL_SPI_Init) for HAL_SPI_Init
    main.o(i.MX_SPI2_Init) refers to main.o(.bss) for .bss
    main.o(i.MX_SPI3_Init) refers to stm32f7xx_hal_spi.o(i.HAL_SPI_Init) for HAL_SPI_Init
    main.o(i.MX_SPI3_Init) refers to main.o(.bss) for .bss
    main.o(i.MX_SPI4_Init) refers to stm32f7xx_hal_spi.o(i.HAL_SPI_Init) for HAL_SPI_Init
    main.o(i.MX_SPI4_Init) refers to main.o(.bss) for .bss
    main.o(i.MX_SPI5_Init) refers to stm32f7xx_hal_spi.o(i.HAL_SPI_Init) for HAL_SPI_Init
    main.o(i.MX_SPI5_Init) refers to main.o(.bss) for .bss
    main.o(i.MX_SPI6_Init) refers to stm32f7xx_hal_spi.o(i.HAL_SPI_Init) for HAL_SPI_Init
    main.o(i.MX_SPI6_Init) refers to main.o(.bss) for .bss
    main.o(i.SystemClock_Config) refers to stm32f7xx_hal_rcc.o(i.HAL_RCC_OscConfig) for HAL_RCC_OscConfig
    main.o(i.SystemClock_Config) refers to stm32f7xx_hal_pwr_ex.o(i.HAL_PWREx_EnableOverDrive) for HAL_PWREx_EnableOverDrive
    main.o(i.SystemClock_Config) refers to stm32f7xx_hal_rcc.o(i.HAL_RCC_ClockConfig) for HAL_RCC_ClockConfig
    main.o(i.SystemClock_Config) refers to stm32f7xx_hal_rcc_ex.o(i.HAL_RCCEx_PeriphCLKConfig) for HAL_RCCEx_PeriphCLKConfig
    main.o(i.SystemClock_Config) refers to stm32f7xx_hal_rcc.o(i.HAL_RCC_MCOConfig) for HAL_RCC_MCOConfig
    main.o(i.SystemClock_Config) refers to stm32f7xx_hal_rcc.o(i.HAL_RCC_GetHCLKFreq) for HAL_RCC_GetHCLKFreq
    main.o(i.SystemClock_Config) refers to stm32f7xx_hal_cortex.o(i.HAL_SYSTICK_Config) for HAL_SYSTICK_Config
    main.o(i.SystemClock_Config) refers to stm32f7xx_hal_cortex.o(i.HAL_SYSTICK_CLKSourceConfig) for HAL_SYSTICK_CLKSourceConfig
    main.o(i.SystemClock_Config) refers to stm32f7xx_hal_cortex.o(i.HAL_NVIC_SetPriority) for HAL_NVIC_SetPriority
    main.o(i.main) refers to stm32f7xx_hal.o(i.HAL_Init) for HAL_Init
    main.o(i.main) refers to main.o(i.SystemClock_Config) for SystemClock_Config
    main.o(i.main) refers to main.o(i.MX_GPIO_Init) for MX_GPIO_Init
    main.o(i.main) refers to main.o(i.MX_DMA_Init) for MX_DMA_Init
    main.o(i.main) refers to main.o(i.MX_SPI3_Init) for MX_SPI3_Init
    main.o(i.main) refers to main.o(i.MX_SPI2_Init) for MX_SPI2_Init
    main.o(i.main) refers to main.o(i.MX_SPI6_Init) for MX_SPI6_Init
[...]
    stored_packets                           0x20031ccc   Data          16  fifo.o(.bss)
    .bss                                     0x20031cdc   Section       80  ff.o(.bss)
    Files                                    0x20031cdc   Data          80  ff.o(.bss)
    .bss                                     0x20031d2c   Section       12  ff_gen_drv.o(.bss)
    HEAP                                     0x20031d38   Section    61440  startup_stm32f767xx.o(HEAP)
    STACK                                    0x20040d38   Section    61440  startup_stm32f767xx.o(STACK)

    Global Symbols

    Symbol Name                              Value     Ov Type        Size  Object(Section)

    BuildAttributes$$THM_ISAv4$E$P$D$K$B$S$7EM$VFPv5_D16$PE$PLD8$A:L22UL41UL21$X:L11$S22US41US21$IEEE1$IW$USESV6$~STKCKD$USESV7$~SHL$OSPACE$EBA8$MICROLIB$REQ8$PRES8$EABIv2 0x00000000   Number         0  anon$$obj.o ABSOLUTE
    __ARM_use_no_argv                        0x00000000   Number         0  main.o ABSOLUTE
    __cpp_initialize__aeabi_                  - Undefined Weak Reference
    __cxa_finalize                            - Undefined Weak Reference
    _clock_init                               - Undefined Weak Reference
    _microlib_exit                            - Undefined Weak Reference
    __Vectors_Size                           0x000001f8   Number         0  startup_stm32f767xx.o ABSOLUTE
    __Vectors                                0x08000000   Data           4  startup_stm32f767xx.o(RESET)
    __Vectors_End                            0x080001f8   Data           0  startup_stm32f767xx.o(RESET)
    __main                                   0x080001f9   Thumb Code     0  entry.o(.ARM.Collect$$$$00000000)
    _main_stk                                0x080001f9   Thumb Code     0  entry2.o(.ARM.Collect$$$$00000001)
    _main_scatterload                        0x080001fd   Thumb Code     0  entry5.o(.ARM.Collect$$$$00000004)
    __main_after_scatterload                 0x08000201   Thumb Code     0  entry5.o(.ARM.Collect$$$$00000004)
    _main_clock                              0x08000201   Thumb Code     0  entry7b.o(.ARM.Collect$$$$00000008)
    _main_cpp_init                           0x08000201   Thumb Code     0  entry8b.o(.ARM.Collect$$$$0000000A)
    _main_init                               0x08000201   Thumb Code     0  entry9a.o(.ARM.Collect$$$$0000000B)
    __rt_final_cpp                           0x08000209   Thumb Code     0  entry10a.o(.ARM.Collect$$$$0000000D)
    __rt_final_exit                          0x08000209   Thumb Code     0  entry11a.o(.ARM.Collect$$$$0000000F)
    Reset_Handler                            0x0800020d   Thumb Code     8  startup_stm32f767xx.o(.text)
    ADC_IRQHandler                           0x08000227   Thumb Code     0  startup_stm32f767xx.o(.text)
    CAN1_RX0_IRQHandler                      0x08000227   Thumb Code     0  startup_stm32f767xx.o(.text)
    CAN1_RX1_IRQHandler                      0x08000227   Thumb Code     0  startup_stm32f767xx.o(.text)
    CAN1_SCE_IRQHandler                      0x08000227   Thumb Code     0  startup_stm32f767xx.o(.text)
    CAN1_TX_IRQHandler                       0x08000227   Thumb Code     0  startup_stm32f767xx.o(.text)
    CAN2_RX0_IRQHandler                      0x08000227   Thumb Code     0  startup_stm32f767xx.o(.text)
    CAN2_RX1_IRQHandler                      0x08000227   Thumb Code     0  startup_stm32f767xx.o(.text)
    CAN2_SCE_IRQHandler                      0x08000227   Thumb Code     0  startup_stm32f767xx.o(.text)
    CAN2_TX_IRQHandler                       0x08000227   Thumb Code     0  startup_stm32f767xx.o(.text)
    CAN3_RX0_IRQHandler                      0x08000227   Thumb Code     0  startup_stm32f767xx.o(.text)
    CAN3_RX1_IRQHandler                      0x08000227   Thumb Code     0  startup_stm32f767xx.o(.text)
    CAN3_SCE_IRQHandler                      0x08000227   Thumb Code     0  startup_stm32f767xx.o(.text)
    CAN3_TX_IRQHandler                       0x08000227   Thumb Code     0  startup_stm32f767xx.o(.text)
    CEC_IRQHandler                           0x08000227   Thumb Code     0  startup_stm32f767xx.o(.text)
    DCMI_IRQHandler                          0x08000227   Thumb Code     0  startup_stm32f767xx.o(.text)
    DFSDM1_FLT0_IRQHandler                   0x08000227   Thumb Code     0  startup_stm32f767xx.o(.text)
    DFSDM1_FLT1_IRQHandler                   0x08000227   Thumb Code     0  startup_stm32f767xx.o(.text)
    DFSDM1_FLT2_IRQHandler                   0x08000227   Thumb Code     0  startup_stm32f767xx.o(.text)
    DFSDM1_FLT3_IRQHandler                   0x08000227   Thumb Code     0  startup_stm32f767xx.o(.text)
    DMA1_Stream2_IRQHandler                  0x08000227   Thumb Code     0  startup_stm32f767xx.o(.text)
    DMA1_Stream3_IRQHandler                  0x08000227   Thumb Code     0  startup_stm32f767xx.o(.text)
    DMA1_Stream4_IRQHandler                  0x08000227   Thumb Code     0  startup_stm32f767xx.o(.text)
    DMA1_Stream5_IRQHandler                  0x08000227   Thumb Code     0  startup_stm32f767xx.o(.text)
    DMA1_Stream6_IRQHandler                  0x08000227   Thumb Code     0  startup_stm32f767xx.o(.text)
    DMA1_Stream7_IRQHandler                  0x08000227   Thumb Code     0  startup_stm32f767xx.o(.text)
    DMA2D_IRQHandler                         0x08000227   Thumb Code     0  startup_stm32f767xx.o(.text)
    DMA2_Stream1_IRQHandler                  0x08000227   Thumb Code     0  startup_stm32f767xx.o(.text)
    DMA2_Stream2_IRQHandler                  0x08000227   Thumb Code     0  startup_stm32f767xx.o(.text)
    DMA2_Stream4_IRQHandler                  0x08000227   Thumb Code     0  startup_stm32f767xx.o(.text)
    DMA2_Stream7_IRQHandler                  0x08000227   Thumb Code     0  startup_stm32f767xx.o(.text)
    ETH_IRQHandler                           0x08000227   Thumb Code     0  startup_stm32f767xx.o(.text)
    ETH_WKUP_IRQHandler                      0x08000227   Thumb Code     0  startup_stm32f767xx.o(.text)
    EXTI0_IRQHandler                         0x08000227   Thumb Code     0  startup_stm32f767xx.o(.text)
    EXTI15_10_IRQHandler                     0x08000227   Thumb Code     0  startup_stm32f767xx.o(.text)
    EXTI1_IRQHandler                         0x08000227   Thumb Code     0  startup_stm32f767xx.o(.text)
    EXTI2_IRQHandler                         0x08000227   Thumb Code     0  startup_stm32f767xx.o(.text)
    EXTI3_IRQHandler                         0x08000227   Thumb Code     0  startup_stm32f767xx.o(.text)
    EXTI4_IRQHandler                         0x08000227   Thumb Code     0  startup_stm32f767xx.o(.text)
    EXTI9_5_IRQHandler                       0x08000227   Thumb Code     0  startup_stm32f767xx.o(.text)
    FLASH_IRQHandler                         0x08000227   Thumb Code     0  startup_stm32f767xx.o(.text)
    FMC_IRQHandler                           0x08000227   Thumb Code     0  startup_stm32f767xx.o(.text)
    FPU_IRQHandler                           0x08000227   Thumb Code     0  startup_stm32f767xx.o(.text)
    I2C1_ER_IRQHandler                       0x08000227   Thumb Code     0  startup_stm32f767xx.o(.text)
    I2C1_EV_IRQHandler                       0x08000227   Thumb Code     0  startup_stm32f767xx.o(.text)
    I2C2_ER_IRQHandler                       0x08000227   Thumb Code     0  startup_stm32f767xx.o(.text)
    I2C2_EV_IRQHandler                       0x08000227   Thumb Code     0  startup_stm32f767xx.o(.text)
    I2C3_ER_IRQHandler                       0x08000227   Thumb Code     0  startup_stm32f767xx.o(.text)
    I2C3_EV_IRQHandler                       0x08000227   Thumb Code     0  startup_stm32f767xx.o(.text)
    I2C4_ER_IRQHandler                       0x08000227   Thumb Code     0  startup_stm32f767xx.o(.text)
    I2C4_EV_IRQHandler                       0x08000227   Thumb Code     0  startup_stm32f767xx.o(.text)
    JPEG_IRQHandler                          0x08000227   Thumb Code     0  startup_stm32f767xx.o(.text)
    LPTIM1_IRQHandler                        0x08000227   Thumb Code     0  startup_stm32f767xx.o(.text)
    LTDC_ER_IRQHandler                       0x08000227   Thumb Code     0  startup_stm32f767xx.o(.text)
    LTDC_IRQHandler                          0x08000227   Thumb Code     0  startup_stm32f767xx.o(.text)
    MDIOS_IRQHandler                         0x08000227   Thumb Code     0  startup_stm32f767xx.o(.text)
    OTG_FS_WKUP_IRQHandler                   0x08000227   Thumb Code     0  startup_stm32f767xx.o(.text)
    OTG_HS_EP1_IN_IRQHandler                 0x08000227   Thumb Code     0  startup_stm32f767xx.o(.text)
    OTG_HS_EP1_OUT_IRQHandler                0x08000227   Thumb Code     0  startup_stm32f767xx.o(.text)
    OTG_HS_IRQHandler                        0x08000227   Thumb Code     0  startup_stm32f767xx.o(.text)
    OTG_HS_WKUP_IRQHandler                   0x08000227   Thumb Code     0  startup_stm32f767xx.o(.text)
    PVD_IRQHandler                           0x08000227   Thumb Code     0  startup_stm32f767xx.o(.text)
    QUADSPI_IRQHandler                       0x08000227   Thumb Code     0  startup_stm32f767xx.o(.text)
    RCC_IRQHandler                           0x08000227   Thumb Code     0  startup_stm32f767xx.o(.text)
    RNG_IRQHandler                           0x08000227   Thumb Code     0  startup_stm32f767xx.o(.text)
    RTC_Alarm_IRQHandler                     0x08000227   Thumb Code     0  startup_stm32f767xx.o(.text)
    RTC_WKUP_IRQHandler                      0x08000227   Thumb Code     0  startup_stm32f767xx.o(.text)
    SAI1_IRQHandler                          0x08000227   Thumb Code     0  startup_stm32f767xx.o(.text)
    SAI2_IRQHandler                          0x08000227   Thumb Code     0  startup_stm32f767xx.o(.text)
    SDMMC1_IRQHandler                        0x08000227   Thumb Code     0  startup_stm32f767xx.o(.text)
    SDMMC2_IRQHandler                        0x08000227   Thumb Code     0  startup_stm32f767xx.o(.text)
    SPDIF_RX_IRQHandler                      0x08000227   Thumb Code     0  startup_stm32f767xx.o(.text)
    SPI1_IRQHandler                          0x08000227   Thumb Code     0  startup_stm32f767xx.o(.text)
    SPI2_IRQHandler                          0x08000227   Thumb Code     0  startup_stm32f767xx.o(.text)
    SPI3_IRQHandler                          0x08000227   Thumb Code     0  startup_stm32f767xx.o(.text)
    SPI4_IRQHandler                          0x08000227   Thumb Code     0  startup_stm32f767xx.o(.text)
    SPI5_IRQHandler                          0x08000227   Thumb Code     0  startup_stm32f767xx.o(.text)
    SPI6_IRQHandler                          0x08000227   Thumb Code     0  startup_stm32f767xx.o(.text)
    TAMP_STAMP_IRQHandler                    0x08000227   Thumb Code     0  startup_stm32f767xx.o(.text)
    TIM1_BRK_TIM9_IRQHandler                 0x08000227   Thumb Code     0  startup_stm32f767xx.o(.text)
    TIM1_CC_IRQHandler                       0x08000227   Thumb Code     0  startup_stm32f767xx.o(.text)
    TIM1_TRG_COM_TIM11_IRQHandler            0x08000227   Thumb Code     0  startup_stm32f767xx.o(.text)
    TIM1_UP_TIM10_IRQHandler                 0x08000227   Thumb Code     0  startup_stm32f767xx.o(.text)
    TIM2_IRQHandler                          0x08000227   Thumb Code     0  startup_stm32f767xx.o(.text)
    TIM3_IRQHandler                          0x08000227   Thumb Code     0  startup_stm32f767xx.o(.text)
    TIM4_IRQHandler                          0x08000227   Thumb Code     0  startup_stm32f767xx.o(.text)
    TIM5_IRQHandler                          0x08000227   Thumb Code     0  startup_stm32f767xx.o(.text)
    TIM6_DAC_IRQHandler                      0x08000227   Thumb Code     0  startup_stm32f767xx.o(.text)
    TIM7_IRQHandler                          0x08000227   Thumb Code     0  startup_stm32f767xx.o(.text)
    TIM8_BRK_TIM12_IRQHandler                0x08000227   Thumb Code     0  startup_stm32f767xx.o(.text)
    TIM8_CC_IRQHandler                       0x08000227   Thumb Code     0  startup_stm32f767xx.o(.text)
    TIM8_UP_TIM13_IRQHandler                 0x08000227   Thumb Code     0  startup_stm32f767xx.o(.text)
    UART4_IRQHandler                         0x08000227   Thumb Code     0  startup_stm32f767xx.o(.text)
    UART5_IRQHandler                         0x08000227   Thumb Code     0  startup_stm32f767xx.o(.text)
    UART7_IRQHandler                         0x08000227   Thumb Code     0  startup_stm32f767xx.o(.text)
    UART8_IRQHandler                         0x08000227   Thumb Code     0  startup_stm32f767xx.o(.text)
    USART1_IRQHandler                        0x08000227   Thumb Code     0  startup_stm32f767xx.o(.text)
    USART2_IRQHandler                        0x08000227   Thumb Code     0  startup_stm32f767xx.o(.text)
    USART3_IRQHandler                        0x08000227   Thumb Code     0  startup_stm32f767xx.o(.text)
    USART6_IRQHandler                        0x08000227   Thumb Code     0  startup_stm32f767xx.o(.text)
    WWDG_IRQHandler                          0x08000227   Thumb Code     0  startup_stm32f767xx.o(.text)
    __aeabi_uldivmod                         0x08000231   Thumb Code    98  uldiv.o(.text)
    __aeabi_memcpy                           0x08000293   Thumb Code    36  memcpya.o(.text)
    __aeabi_memcpy4                          0x08000293   Thumb Code     0  memcpya.o(.text)
    __aeabi_memcpy8                          0x08000293   Thumb Code     0  memcpya.o(.text)
    __aeabi_memset                           0x080002b7   Thumb Code    14  memseta.o(.text)
    __aeabi_memset4                          0x080002b7   Thumb Code     0  memseta.o(.text)
    __aeabi_memset8                          0x080002b7   Thumb Code     0  memseta.o(.text)
    __aeabi_memclr                           0x080002c5   Thumb Code     4  memseta.o(.text)
    __aeabi_memclr4                          0x080002c5   Thumb Code     0  memseta.o(.text)
    __aeabi_memclr8                          0x080002c5   Thumb Code     0  memseta.o(.text)
    _memset$wrapper                          0x080002c9   Thumb Code    18  memseta.o(.text)
    __aeabi_llsl                             0x080002db   Thumb Code    30  llshl.o(.text)
    _ll_shift_l                              0x080002db   Thumb Code     0  llshl.o(.text)
    __aeabi_llsr                             0x080002f9   Thumb Code    32  llushr.o(.text)
    _ll_ushift_r                             0x080002f9   Thumb Code     0  llushr.o(.text)
    __scatterload                            0x08000319   Thumb Code    28  init.o(.text)
    __scatterload_rt2                        0x08000319   Thumb Code     0  init.o(.text)
    __decompress                             0x0800033d   Thumb Code     0  __dczerorl2.o(.text)
    __decompress1                            0x0800033d   Thumb Code    86  __dczerorl2.o(.text)
    BSP_SD_GetCardInfo                       0x080003b1   Thumb Code     8  bsp_driver_sd.o(i.BSP_SD_GetCardInfo)
    BSP_SD_GetCardState                      0x080003bd   Thumb Code    20  bsp_driver_sd.o(i.BSP_SD_GetCardState)
    BSP_SD_Init                              0x080003d5   Thumb Code    48  bsp_driver_sd.o(i.BSP_SD_Init)
    BSP_SD_ReadBlocks                        0x08000409   Thumb Code    26  bsp_driver_sd.o(i.BSP_SD_ReadBlocks)
    BSP_SD_WriteBlocks                       0x08000429   Thumb Code    26  bsp_driver_sd.o(i.BSP_SD_WriteBlocks)
    BusFault_Handler                         0x08000449   Thumb Code     2  stm32f7xx_it.o(i.BusFault_Handler)
    DMA1_Stream0_IRQHandler                  0x0800044d   Thumb Code     6  stm32f7xx_it.o(i.DMA1_Stream0_IRQHandler)
    DMA1_Stream1_IRQHandler                  0x08000459   Thumb Code     6  stm32f7xx_it.o(i.DMA1_Stream1_IRQHandler)
    DMA2_Stream0_IRQHandler                  0x08000465   Thumb Code     6  stm32f7xx_it.o(i.DMA2_Stream0_IRQHandler)
    DMA2_Stream3_IRQHandler                  0x08000471   Thumb Code     6  stm32f7xx_it.o(i.DMA2_Stream3_IRQHandler)
    DMA2_Stream5_IRQHandler                  0x0800047d   Thumb Code     6  stm32f7xx_it.o(i.DMA2_Stream5_IRQHandler)
    DMA2_Stream6_IRQHandler                  0x08000489   Thumb Code     6  stm32f7xx_it.o(i.DMA2_Stream6_IRQHandler)
    DebugMon_Handler                         0x08000539   Thumb Code     2  stm32f7xx_it.o(i.DebugMon_Handler)
    FATFS_LinkDriver                         0x0800053b   Thumb Code     6  ff_gen_drv.o(i.FATFS_LinkDriver)
    FATFS_LinkDriverEx                       0x08000541   Thumb Code    58  ff_gen_drv.o(i.FATFS_LinkDriverEx)
    HAL_DMA_IRQHandler                       0x08000581   Thumb Code   412  stm32f7xx_hal_dma.o(i.HAL_DMA_IRQHandler)
    HAL_DMA_Init                             0x08000721   Thumb Code   222  stm32f7xx_hal_dma.o(i.HAL_DMA_Init)
    HAL_DMA_Start_IT                         0x08000805   Thumb Code   122  stm32f7xx_hal_dma.o(i.HAL_DMA_Start_IT)
    HAL_Delay                                0x08000881   Thumb Code    32  stm32f7xx_hal.o(i.HAL_Delay)
    HAL_GPIO_Init                            0x080008a5   Thumb Code   418  stm32f7xx_hal_gpio.o(i.HAL_GPIO_Init)
    HAL_GPIO_WritePin                        0x08000a7d   Thumb Code    10  stm32f7xx_hal_gpio.o(i.HAL_GPIO_WritePin)
    HAL_GetTick                              0x08000a89   Thumb Code     6  stm32f7xx_hal.o(i.HAL_GetTick)
    HAL_IncTick                              0x08000a95   Thumb Code    12  stm32f7xx_hal.o(i.HAL_IncTick)
    HAL_Init                                 0x08000aa5   Thumb Code    22  stm32f7xx_hal.o(i.HAL_Init)
    HAL_InitTick                             0x08000abd   Thumb Code    54  stm32f7xx_hal.o(i.HAL_InitTick)
    HAL_MspInit                              0x08000afd   Thumb Code   126  stm32f7xx_hal_msp.o(i.HAL_MspInit)
    HAL_NVIC_EnableIRQ                       0x08000b81   Thumb Code    22  stm32f7xx_hal_cortex.o(i.HAL_NVIC_EnableIRQ)
    HAL_NVIC_SetPriority                     0x08000b99   Thumb Code    60  stm32f7xx_hal_cortex.o(i.HAL_NVIC_SetPriority)
    HAL_NVIC_SetPriorityGrouping             0x08000bd9   Thumb Code    28  stm32f7xx_hal_cortex.o(i.HAL_NVIC_SetPriorityGrouping)
    HAL_PCDEx_ActivateLPM                    0x08000bfd   Thumb Code    34  stm32f7xx_hal_pcd_ex.o(i.HAL_PCDEx_ActivateLPM)
    HAL_PCDEx_LPM_Callback                   0x08000c25   Thumb Code     2  stm32f7xx_hal_pcd_ex.o(i.HAL_PCDEx_LPM_Callback)
    HAL_PCDEx_SetRxFiFo                      0x08000c27   Thumb Code     8  stm32f7xx_hal_pcd_ex.o(i.HAL_PCDEx_SetRxFiFo)
    HAL_PCDEx_SetTxFiFo                      0x08000c2f   Thumb Code    72  stm32f7xx_hal_pcd_ex.o(i.HAL_PCDEx_SetTxFiFo)
    HAL_PCD_ConnectCallback                  0x08000c77   Thumb Code     8  usbd_conf.o(i.HAL_PCD_ConnectCallback)
    HAL_PCD_DataInStageCallback              0x08000c7f   Thumb Code    18  usbd_conf.o(i.HAL_PCD_DataInStageCallback)
    HAL_PCD_DataOutStageCallback             0x08000c91   Thumb Code    20  usbd_conf.o(i.HAL_PCD_DataOutStageCallback)
    HAL_PCD_DisconnectCallback               0x08000ca5   Thumb Code     8  usbd_conf.o(i.HAL_PCD_DisconnectCallback)
    HAL_PCD_EP_Close                         0x08000cad   Thumb Code    68  stm32f7xx_hal_pcd.o(i.HAL_PCD_EP_Close)
    HAL_PCD_EP_ClrStall                      0x08000cf1   Thumb Code    94  stm32f7xx_hal_pcd.o(i.HAL_PCD_EP_ClrStall)
    HAL_PCD_EP_Open                          0x08000d4f   Thumb Code    86  stm32f7xx_hal_pcd.o(i.HAL_PCD_EP_Open)
    HAL_PCD_EP_Receive                       0x08000da5   Thumb Code    68  stm32f7xx_hal_pcd.o(i.HAL_PCD_EP_Receive)
    HAL_PCD_EP_SetStall                      0x08000de9   Thumb Code   110  stm32f7xx_hal_pcd.o(i.HAL_PCD_EP_SetStall)
    HAL_PCD_EP_Transmit                      0x08000e57   Thumb Code    68  stm32f7xx_hal_pcd.o(i.HAL_PCD_EP_Transmit)
    HAL_PCD_IRQHandler                       0x08000e9d   Thumb Code  1344  stm32f7xx_hal_pcd.o(i.HAL_PCD_IRQHandler)
    HAL_PCD_ISOINIncompleteCallback          0x08001425   Thumb Code     8  usbd_conf.o(i.HAL_PCD_ISOINIncompleteCallback)
    HAL_PCD_ISOOUTIncompleteCallback         0x0800142d   Thumb Code     8  usbd_conf.o(i.HAL_PCD_ISOOUTIncompleteCallback)
    HAL_PCD_Init                             0x08001435   Thumb Code   208  stm32f7xx_hal_pcd.o(i.HAL_PCD_Init)
    HAL_PCD_MspInit                          0x08001505   Thumb Code    94  usbd_conf.o(i.HAL_PCD_MspInit)
    HAL_PCD_ResetCallback                    0x0800156d   Thumb Code    32  usbd_conf.o(i.HAL_PCD_ResetCallback)
    HAL_PCD_ResumeCallback                   0x0800158d   Thumb Code     8  usbd_conf.o(i.HAL_PCD_ResumeCallback)
    HAL_PCD_SOFCallback                      0x08001595   Thumb Code     8  usbd_conf.o(i.HAL_PCD_SOFCallback)
    HAL_PCD_SetAddress                       0x0800159d   Thumb Code    36  stm32f7xx_hal_pcd.o(i.HAL_PCD_SetAddress)
    HAL_PCD_SetupStageCallback               0x080015c1   Thumb Code    14  usbd_conf.o(i.HAL_PCD_SetupStageCallback)
    HAL_PCD_Start                            0x080015cf   Thumb Code    42  stm32f7xx_hal_pcd.o(i.HAL_PCD_Start)
    HAL_PCD_SuspendCallback                  0x080015f9   Thumb Code    44  usbd_conf.o(i.HAL_PCD_SuspendCallback)
    HAL_PWREx_EnableOverDrive                0x08001629   Thumb Code   100  stm32f7xx_hal_pwr_ex.o(i.HAL_PWREx_EnableOverDrive)
    HAL_RCCEx_PeriphCLKConfig                0x08001695   Thumb Code  1336  stm32f7xx_hal_rcc_ex.o(i.HAL_RCCEx_PeriphCLKConfig)
    HAL_RCC_ClockConfig                      0x08001bd1   Thumb Code   282  stm32f7xx_hal_rcc.o(i.HAL_RCC_ClockConfig)
    HAL_RCC_GetHCLKFreq                      0x08001cfd   Thumb Code     6  stm32f7xx_hal_rcc.o(i.HAL_RCC_GetHCLKFreq)
    HAL_RCC_GetSysClockFreq                  0x08001d09   Thumb Code    88  stm32f7xx_hal_rcc.o(i.HAL_RCC_GetSysClockFreq)
    HAL_RCC_MCOConfig                        0x08001d6d   Thumb Code   130  stm32f7xx_hal_rcc.o(i.HAL_RCC_MCOConfig)
    HAL_RCC_OscConfig                        0x08001e01   Thumb Code   814  stm32f7xx_hal_rcc.o(i.HAL_RCC_OscConfig)
    HAL_SD_ConfigWideBusOperation            0x0800213d   Thumb Code   120  stm32f7xx_hal_sd.o(i.HAL_SD_ConfigWideBusOperation)
    HAL_SD_GetCardCSD                        0x080021b5   Thumb Code   506  stm32f7xx_hal_sd.o(i.HAL_SD_GetCardCSD)
    HAL_SD_GetCardInfo                       0x080023af   Thumb Code    36  stm32f7xx_hal_sd.o(i.HAL_SD_GetCardInfo)
    HAL_SD_GetCardState                      0x080023d3   Thumb Code    44  stm32f7xx_hal_sd.o(i.HAL_SD_GetCardState)
    HAL_SD_Init                              0x080023ff   Thumb Code    54  stm32f7xx_hal_sd.o(i.HAL_SD_Init)
    HAL_SD_InitCard                          0x08002435   Thumb Code    92  stm32f7xx_hal_sd.o(i.HAL_SD_InitCard)
    HAL_SD_MspInit                           0x08002491   Thumb Code   176  stm32f7xx_hal_msp.o(i.HAL_SD_MspInit)
    HAL_SD_ReadBlocks                        0x08002575   Thumb Code   432  stm32f7xx_hal_sd.o(i.HAL_SD_ReadBlocks)
    HAL_SD_WriteBlocks                       0x08002725   Thumb Code   418  stm32f7xx_hal_sd.o(i.HAL_SD_WriteBlocks)
    HAL_SPI_DMAPause                         0x080028c7   Thumb Code    38  stm32f7xx_hal_spi.o(i.HAL_SPI_DMAPause)
    HAL_SPI_ErrorCallback                    0x080028ed   Thumb Code     2  stm32f7xx_hal_spi.o(i.HAL_SPI_ErrorCallback)
    HAL_SPI_Init                             0x080028ef   Thumb Code   196  stm32f7xx_hal_spi.o(i.HAL_SPI_Init)
    HAL_SPI_MspInit                          0x080029b5   Thumb Code   492  stm32f7xx_hal_msp.o(i.HAL_SPI_MspInit)
    HAL_SPI_Receive_DMA                      0x08002c05   Thumb Code   258  stm32f7xx_hal_spi.o(i.HAL_SPI_Receive_DMA)
    HAL_SPI_RxCpltCallback                   0x08002d15   Thumb Code   288  stm32f7xx_it.o(i.HAL_SPI_RxCpltCallback)
    HAL_SPI_RxHalfCpltCallback               0x08002e69   Thumb Code   156  stm32f7xx_it.o(i.HAL_SPI_RxHalfCpltCallback)
    HAL_SPI_TransmitReceive_DMA              0x08002f2d   Thumb Code   410  stm32f7xx_hal_spi.o(i.HAL_SPI_TransmitReceive_DMA)
    HAL_SPI_TxRxCpltCallback                 0x080030dd   Thumb Code     2  stm32f7xx_hal_spi.o(i.HAL_SPI_TxRxCpltCallback)
    HAL_SPI_TxRxHalfCpltCallback             0x080030df   Thumb Code     2  stm32f7xx_hal_spi.o(i.HAL_SPI_TxRxHalfCpltCallback)
    HAL_SYSTICK_CLKSourceConfig              0x080030e1   Thumb Code    24  stm32f7xx_hal_cortex.o(i.HAL_SYSTICK_CLKSourceConfig)
    HAL_SYSTICK_Callback                     0x080030f9   Thumb Code     2  stm32f7xx_hal_cortex.o(i.HAL_SYSTICK_Callback)
    HAL_SYSTICK_Config                       0x080030fb   Thumb Code    38  stm32f7xx_hal_cortex.o(i.HAL_SYSTICK_Config)
    HAL_SYSTICK_IRQHandler                   0x08003121   Thumb Code     8  stm32f7xx_hal_cortex.o(i.HAL_SYSTICK_IRQHandler)
    HAL_TIMEx_BreakCallback                  0x08003129   Thumb Code     2  stm32f7xx_hal_tim_ex.o(i.HAL_TIMEx_BreakCallback)
    HAL_TIMEx_CommutationCallback            0x0800312b   Thumb Code     2  stm32f7xx_hal_tim_ex.o(i.HAL_TIMEx_CommutationCallback)
    HAL_TIM_Base_Init                        0x0800312d   Thumb Code    54  stm32f7xx_hal_tim.o(i.HAL_TIM_Base_Init)
    HAL_TIM_Base_MspInit                     0x08003165   Thumb Code    50  stm32f7xx_hal_msp.o(i.HAL_TIM_Base_MspInit)
    HAL_TIM_IC_CaptureCallback               0x080031a1   Thumb Code     2  stm32f7xx_hal_tim.o(i.HAL_TIM_IC_CaptureCallback)
    HAL_TIM_IRQHandler                       0x080031a3   Thumb Code   382  stm32f7xx_hal_tim.o(i.HAL_TIM_IRQHandler)
    HAL_TIM_OC_DelayElapsedCallback          0x08003321   Thumb Code     2  stm32f7xx_hal_tim.o(i.HAL_TIM_OC_DelayElapsedCallback)
    HAL_TIM_PWM_PulseFinishedCallback        0x08003323   Thumb Code     2  stm32f7xx_hal_tim.o(i.HAL_TIM_PWM_PulseFinishedCallback)
    HAL_TIM_PeriodElapsedCallback            0x08003325   Thumb Code     2  stm32f7xx_hal_tim.o(i.HAL_TIM_PeriodElapsedCallback)
    HAL_TIM_TriggerCallback                  0x08003327   Thumb Code     2  stm32f7xx_hal_tim.o(i.HAL_TIM_TriggerCallback)
    HardFault_Handler                        0x08003329   Thumb Code     2  stm32f7xx_it.o(i.HardFault_Handler)
    MX_FATFS_Init                            0x080033b9   Thumb Code    18  fatfs.o(i.MX_FATFS_Init)
    MX_USB_DEVICE_Init                       0x080036f5   Thumb Code    38  usb_device.o(i.MX_USB_DEVICE_Init)
    MemManage_Handler                        0x0800372d   Thumb Code     2  stm32f7xx_it.o(i.MemManage_Handler)
    NMI_Handler                              0x0800372f   Thumb Code     2  stm32f7xx_it.o(i.NMI_Handler)
    OTG_FS_IRQHandler                        0x08003755   Thumb Code     6  stm32f7xx_it.o(i.OTG_FS_IRQHandler)
    PendSV_Handler                           0x080037f7   Thumb Code     2  stm32f7xx_it.o(i.PendSV_Handler)
    SDMMC_CmdAppCommand                      0x080037f9   Thumb Code    50  stm32f7xx_ll_sdmmc.o(i.SDMMC_CmdAppCommand)
    SDMMC_CmdAppOperCommand                  0x0800382d   Thumb Code    48  stm32f7xx_ll_sdmmc.o(i.SDMMC_CmdAppOperCommand)
    SDMMC_CmdBlockLength                     0x08003861   Thumb Code    50  stm32f7xx_ll_sdmmc.o(i.SDMMC_CmdBlockLength)
    SDMMC_CmdBusWidth                        0x08003893   Thumb Code    50  stm32f7xx_ll_sdmmc.o(i.SDMMC_CmdBusWidth)
    SDMMC_CmdGoIdleState                     0x080038c5   Thumb Code    76  stm32f7xx_ll_sdmmc.o(i.SDMMC_CmdGoIdleState)
    SDMMC_CmdOperCond                        0x08003915   Thumb Code    94  stm32f7xx_ll_sdmmc.o(i.SDMMC_CmdOperCond)
    SDMMC_CmdReadMultiBlock                  0x08003979   Thumb Code    50  stm32f7xx_ll_sdmmc.o(i.SDMMC_CmdReadMultiBlock)
    SDMMC_CmdReadSingleBlock                 0x080039ab   Thumb Code    50  stm32f7xx_ll_sdmmc.o(i.SDMMC_CmdReadSingleBlock)
    SDMMC_CmdSelDesel                        0x080039dd   Thumb Code    48  stm32f7xx_ll_sdmmc.o(i.SDMMC_CmdSelDesel)
    SDMMC_CmdSendCID                         0x08003a0d   Thumb Code    42  stm32f7xx_ll_sdmmc.o(i.SDMMC_CmdSendCID)
    SDMMC_CmdSendCSD                         0x08003a37   Thumb Code    46  stm32f7xx_ll_sdmmc.o(i.SDMMC_CmdSendCSD)
    SDMMC_CmdSendSCR                         0x08003a65   Thumb Code    48  stm32f7xx_ll_sdmmc.o(i.SDMMC_CmdSendSCR)
    SDMMC_CmdSendStatus                      0x08003a95   Thumb Code    50  stm32f7xx_ll_sdmmc.o(i.SDMMC_CmdSendStatus)
    SDMMC_CmdSetRelAdd                       0x08003ac7   Thumb Code    48  stm32f7xx_ll_sdmmc.o(i.SDMMC_CmdSetRelAdd)
    SDMMC_CmdStopTransfer                    0x08003af9   Thumb Code    46  stm32f7xx_ll_sdmmc.o(i.SDMMC_CmdStopTransfer)
    SDMMC_CmdWriteMultiBlock                 0x08003b2d   Thumb Code    50  stm32f7xx_ll_sdmmc.o(i.SDMMC_CmdWriteMultiBlock)
    SDMMC_CmdWriteSingleBlock                0x08003b5f   Thumb Code    50  stm32f7xx_ll_sdmmc.o(i.SDMMC_CmdWriteSingleBlock)
    SDMMC_ConfigData                         0x08003b91   Thumb Code    38  stm32f7xx_ll_sdmmc.o(i.SDMMC_ConfigData)
    SDMMC_GetPowerState                      0x08003de9   Thumb Code     8  stm32f7xx_ll_sdmmc.o(i.SDMMC_GetPowerState)
    SDMMC_GetResponse                        0x08003df1   Thumb Code    12  stm32f7xx_ll_sdmmc.o(i.SDMMC_GetResponse)
    SDMMC_Init                               0x08003dfd   Thumb Code    34  stm32f7xx_ll_sdmmc.o(i.SDMMC_Init)
    SDMMC_PowerState_ON                      0x08003e1f   Thumb Code     8  stm32f7xx_ll_sdmmc.o(i.SDMMC_PowerState_ON)
    SDMMC_ReadFIFO                           0x08003e27   Thumb Code     6  stm32f7xx_ll_sdmmc.o(i.SDMMC_ReadFIFO)
    SDMMC_SendCommand                        0x08003e2d   Thumb Code    34  stm32f7xx_ll_sdmmc.o(i.SDMMC_SendCommand)
    SDMMC_WriteFIFO                          0x08003e4f   Thumb Code    10  stm32f7xx_ll_sdmmc.o(i.SDMMC_WriteFIFO)
    SD_initialize                            0x08004179   Thumb Code    28  sd_diskio.o(i.SD_initialize)
    SD_ioctl                                 0x08004199   Thumb Code    84  sd_diskio.o(i.SD_ioctl)
    SD_read                                  0x080041f1   Thumb Code    38  sd_diskio.o(i.SD_read)
    SD_status                                0x08004217   Thumb Code     4  sd_diskio.o(i.SD_status)
    SD_write                                 0x0800421d   Thumb Code    38  sd_diskio.o(i.SD_write)
    SVC_Handler                              0x08004513   Thumb Code     2  stm32f7xx_it.o(i.SVC_Handler)
    SysTick_Handler                          0x08004515   Thumb Code    14  stm32f7xx_it.o(i.SysTick_Handler)
    SystemClock_Config                       0x08004525   Thumb Code   218  main.o(i.SystemClock_Config)
    SystemInit                               0x08004609   Thumb Code    68  system_stm32f7xx.o(i.SystemInit)
    TIM8_TRG_COM_TIM14_IRQHandler            0x0800465d   Thumb Code     6  stm32f7xx_it.o(i.TIM8_TRG_COM_TIM14_IRQHandler)
    TIM_Base_SetConfig                       0x08004669   Thumb Code   158  stm32f7xx_hal_tim.o(i.TIM_Base_SetConfig)
    USBD_AUDIO_RegisterInterface             0x0800488d   Thumb Code    10  usbd_audio.o(i.USBD_AUDIO_RegisterInterface)
    USBD_ClrClassConfig                      0x0800498d   Thumb Code    14  usbd_core.o(i.USBD_ClrClassConfig)
    USBD_CtlContinueRx                       0x0800499b   Thumb Code    16  usbd_ioreq.o(i.USBD_CtlContinueRx)
    USBD_CtlContinueSendData                 0x080049ab   Thumb Code    16  usbd_ioreq.o(i.USBD_CtlContinueSendData)
    USBD_CtlError                            0x080049bb   Thumb Code    22  usbd_ctlreq.o(i.USBD_CtlError)
    USBD_CtlPrepareRx                        0x080049d1   Thumb Code    30  usbd_ioreq.o(i.USBD_CtlPrepareRx)
    USBD_CtlReceiveStatus                    0x080049ef   Thumb Code    22  usbd_ioreq.o(i.USBD_CtlReceiveStatus)
    USBD_CtlSendData                         0x08004a05   Thumb Code    26  usbd_ioreq.o(i.USBD_CtlSendData)
    USBD_CtlSendStatus                       0x08004a1f   Thumb Code    22  usbd_ioreq.o(i.USBD_CtlSendStatus)
    USBD_FS_ConfigStrDescriptor              0x08004a35   Thumb Code    16  usbd_desc.o(i.USBD_FS_ConfigStrDescriptor)
    USBD_FS_DeviceDescriptor                 0x08004a59   Thumb Code     8  usbd_desc.o(i.USBD_FS_DeviceDescriptor)
    USBD_FS_InterfaceStrDescriptor           0x08004a65   Thumb Code    16  usbd_desc.o(i.USBD_FS_InterfaceStrDescriptor)
    USBD_FS_LangIDStrDescriptor              0x08004a89   Thumb Code     8  usbd_desc.o(i.USBD_FS_LangIDStrDescriptor)
    USBD_FS_ManufacturerStrDescriptor        0x08004a95   Thumb Code    16  usbd_desc.o(i.USBD_FS_ManufacturerStrDescriptor)
    USBD_FS_ProductStrDescriptor             0x08004abd   Thumb Code    16  usbd_desc.o(i.USBD_FS_ProductStrDescriptor)
    USBD_FS_SerialStrDescriptor              0x08004ae5   Thumb Code    16  usbd_desc.o(i.USBD_FS_SerialStrDescriptor)
    USBD_GetString                           0x08004be9   Thumb Code    72  usbd_ctlreq.o(i.USBD_GetString)
    USBD_Init                                0x08004c31   Thumb Code    42  usbd_core.o(i.USBD_Init)
    USBD_LL_ClearStallEP                     0x08004c5b   Thumb Code    32  usbd_conf.o(i.USBD_LL_ClearStallEP)
    USBD_LL_CloseEP                          0x08004c7b   Thumb Code    32  usbd_conf.o(i.USBD_LL_CloseEP)
    USBD_LL_DataInStage                      0x08004c9b   Thumb Code   170  usbd_core.o(i.USBD_LL_DataInStage)
    USBD_LL_DataOutStage                     0x08004d45   Thumb Code   106  usbd_core.o(i.USBD_LL_DataOutStage)
    USBD_LL_DevConnected                     0x08004daf   Thumb Code     4  usbd_core.o(i.USBD_LL_DevConnected)
    USBD_LL_DevDisconnected                  0x08004db3   Thumb Code    22  usbd_core.o(i.USBD_LL_DevDisconnected)
    USBD_LL_Init                             0x08004dc9   Thumb Code   102  usbd_conf.o(i.USBD_LL_Init)
    USBD_LL_IsStallEP                        0x08004e49   Thumb Code    32  usbd_conf.o(i.USBD_LL_IsStallEP)
    USBD_LL_IsoINIncomplete                  0x08004e69   Thumb Code     4  usbd_core.o(i.USBD_LL_IsoINIncomplete)
    USBD_LL_IsoOUTIncomplete                 0x08004e6d   Thumb Code     4  usbd_core.o(i.USBD_LL_IsoOUTIncomplete)
    USBD_LL_OpenEP                           0x08004e71   Thumb Code    38  usbd_conf.o(i.USBD_LL_OpenEP)
    USBD_LL_PrepareReceive                   0x08004e97   Thumb Code    32  usbd_conf.o(i.USBD_LL_PrepareReceive)
    USBD_LL_Reset                            0x08004eb7   Thumb Code    64  usbd_core.o(i.USBD_LL_Reset)
    USBD_LL_Resume                           0x08004ef7   Thumb Code    12  usbd_core.o(i.USBD_LL_Resume)
    USBD_LL_SOF                              0x08004f03   Thumb Code    24  usbd_core.o(i.USBD_LL_SOF)
    USBD_LL_SetSpeed                         0x08004f1b   Thumb Code     6  usbd_core.o(i.USBD_LL_SetSpeed)
    USBD_LL_SetUSBAddress                    0x08004f21   Thumb Code    32  usbd_conf.o(i.USBD_LL_SetUSBAddress)
    USBD_LL_SetupStage                       0x08004f41   Thumb Code    86  usbd_core.o(i.USBD_LL_SetupStage)
    USBD_LL_StallEP                          0x08004f97   Thumb Code    32  usbd_conf.o(i.USBD_LL_StallEP)
    USBD_LL_Start                            0x08004fb7   Thumb Code    32  usbd_conf.o(i.USBD_LL_Start)
    USBD_LL_Suspend                          0x08004fd7   Thumb Code    18  usbd_core.o(i.USBD_LL_Suspend)
    USBD_LL_Transmit                         0x08004fe9   Thumb Code    32  usbd_conf.o(i.USBD_LL_Transmit)
    USBD_ParseSetupRequest                   0x08005009   Thumb Code    40  usbd_ctlreq.o(i.USBD_ParseSetupRequest)
    USBD_RegisterClass                       0x08005031   Thumb Code    18  usbd_core.o(i.USBD_RegisterClass)
    USBD_SetClassConfig                      0x08005043   Thumb Code    22  usbd_core.o(i.USBD_SetClassConfig)
    USBD_Start                               0x080050cd   Thumb Code    10  usbd_core.o(i.USBD_Start)
    USBD_StdDevReq                           0x080050d7   Thumb Code   242  usbd_ctlreq.o(i.USBD_StdDevReq)
    USBD_StdEPReq                            0x080051c9   Thumb Code   222  usbd_ctlreq.o(i.USBD_StdEPReq)
    USBD_StdItfReq                           0x080052a7   Thumb Code    52  usbd_ctlreq.o(i.USBD_StdItfReq)
    USB_ActivateEndpoint                     0x080052dd   Thumb Code   124  stm32f7xx_ll_usb.o(i.USB_ActivateEndpoint)
    USB_ActivateSetup                        0x0800535d   Thumb Code    52  stm32f7xx_ll_usb.o(i.USB_ActivateSetup)
    USB_CoreInit                             0x08005391   Thumb Code   106  stm32f7xx_ll_usb.o(i.USB_CoreInit)
    USB_DeactivateEndpoint                   0x08005439   Thumb Code   110  stm32f7xx_ll_usb.o(i.USB_DeactivateEndpoint)
    USB_DevConnect                           0x080054a7   Thumb Code    24  stm32f7xx_ll_usb.o(i.USB_DevConnect)
    USB_DevDisconnect                        0x080054bf   Thumb Code    24  stm32f7xx_ll_usb.o(i.USB_DevDisconnect)
    USB_DevInit                              0x080054d9   Thumb Code   342  stm32f7xx_ll_usb.o(i.USB_DevInit)
    USB_DisableGlobalInt                     0x08005641   Thumb Code    12  stm32f7xx_ll_usb.o(i.USB_DisableGlobalInt)
    USB_EP0StartXfer                         0x0800564d   Thumb Code   316  stm32f7xx_ll_usb.o(i.USB_EP0StartXfer)
    USB_EP0_OutStart                         0x0800578d   Thumb Code    62  stm32f7xx_ll_usb.o(i.USB_EP0_OutStart)
    USB_EPClearStall                         0x080057cb   Thumb Code   100  stm32f7xx_ll_usb.o(i.USB_EPClearStall)
    USB_EPSetStall                           0x0800582f   Thumb Code    94  stm32f7xx_ll_usb.o(i.USB_EPSetStall)
    USB_EPStartXfer                          0x0800588d   Thumb Code   534  stm32f7xx_ll_usb.o(i.USB_EPStartXfer)
    USB_EnableGlobalInt                      0x08005aa9   Thumb Code    12  stm32f7xx_ll_usb.o(i.USB_EnableGlobalInt)
    USB_FlushRxFifo                          0x08005ab5   Thumb Code    28  stm32f7xx_ll_usb.o(i.USB_FlushRxFifo)
    USB_FlushTxFifo                          0x08005ad5   Thumb Code    32  stm32f7xx_ll_usb.o(i.USB_FlushTxFifo)
    USB_GetDevSpeed                          0x08005af9   Thumb Code    62  stm32f7xx_ll_usb.o(i.USB_GetDevSpeed)
    USB_GetMode                              0x08005b37   Thumb Code     8  stm32f7xx_ll_usb.o(i.USB_GetMode)
    USB_ReadDevAllInEpInterrupt              0x08005b3f   Thumb Code    14  stm32f7xx_ll_usb.o(i.USB_ReadDevAllInEpInterrupt)
    USB_ReadDevAllOutEpInterrupt             0x08005b4d   Thumb Code    14  stm32f7xx_ll_usb.o(i.USB_ReadDevAllOutEpInterrupt)
    USB_ReadDevInEPInterrupt                 0x08005b5b   Thumb Code    32  stm32f7xx_ll_usb.o(i.USB_ReadDevInEPInterrupt)
    USB_ReadDevOutEPInterrupt                0x08005b7b   Thumb Code    16  stm32f7xx_ll_usb.o(i.USB_ReadDevOutEPInterrupt)
    USB_ReadInterrupts                       0x08005b8b   Thumb Code     8  stm32f7xx_ll_usb.o(i.USB_ReadInterrupts)
    USB_ReadPacket                           0x08005b93   Thumb Code    30  stm32f7xx_ll_usb.o(i.USB_ReadPacket)
    USB_SetCurrentMode                       0x08005bb1   Thumb Code    44  stm32f7xx_ll_usb.o(i.USB_SetCurrentMode)
    USB_SetDevAddress                        0x08005bdd   Thumb Code    34  stm32f7xx_ll_usb.o(i.USB_SetDevAddress)
    USB_WritePacket                          0x08005c01   Thumb Code    44  stm32f7xx_ll_usb.o(i.USB_WritePacket)
    UsageFault_Handler                       0x08005c2d   Thumb Code     2  stm32f7xx_it.o(i.UsageFault_Handler)
    _Error_Handler                           0x08005c2f   Thumb Code     2  main.o(i._Error_Handler)
    __scatterload_copy                       0x08005c31   Thumb Code    14  handlers.o(i.__scatterload_copy)
    __scatterload_null                       0x08005c3f   Thumb Code     2  handlers.o(i.__scatterload_null)
    __scatterload_zeroinit                   0x08005c41   Thumb Code    14  handlers.o(i.__scatterload_zeroinit)
    disk_initialize                          0x08006171   Thumb Code    34  diskio.o(i.disk_initialize)
    disk_ioctl                               0x08006199   Thumb Code    20  diskio.o(i.disk_ioctl)
    disk_read                                0x080061b1   Thumb Code    22  diskio.o(i.disk_read)
    disk_status                              0x080061cd   Thumb Code    16  diskio.o(i.disk_status)
    disk_write                               0x080061e1   Thumb Code    22  diskio.o(i.disk_write)
    f_close                                  0x080061fd   Thumb Code    40  ff.o(i.f_close)
    f_mount                                  0x08006225   Thumb Code    84  ff.o(i.f_mount)
    f_open                                   0x0800627d   Thumb Code   534  ff.o(i.f_open)
    f_sync                                   0x08006499   Thumb Code   142  ff.o(i.f_sync)
    f_write                                  0x08006527   Thumb Code   430  ff.o(i.f_write)
    free                                     0x080069dd   Thumb Code    76  malloc.o(i.free)
    get_fattime                              0x08006b17   Thumb Code     4  fatfs.o(i.get_fattime)
    get_packet                               0x08006b59   Thumb Code    38  fifo.o(i.get_packet)
    main                                     0x08006c51   Thumb Code   266  main.o(i.main)
    malloc                                   0x08006d9d   Thumb Code    92  malloc.o(i.malloc)
    put_samples                              0x08006f89   Thumb Code   100  fifo.o(i.put_samples)
    SD_Driver                                0x080071b8   Data          20  sd_diskio.o(.constdata)
    AHBPrescTable                            0x080071d4   Data          16  system_stm32f7xx.o(.constdata)
    Region$$Table$$Base                      0x08007280   Number         0  anon$$obj.o(Region$$Table)
    Region$$Table$$Limit                     0x080072a0   Number         0  anon$$obj.o(Region$$Table)
    mynewdiskPath                            0x20000000   Data           4  main.o(.data)
    retSD                                    0x20000005   Data           1  fatfs.o(.data)
    SDPath                                   0x20000006   Data           4  fatfs.o(.data)
    FS_Desc                                  0x2000000c   Data          28  usbd_desc.o(.data)
    USBD_LangIDDesc                          0x20000028   Data           4  usbd_desc.o(.data)
    USBD_FS_DeviceDesc                       0x2000002c   Data          18  usbd_desc.o(.data)
    USBD_AUDIO_fops_FS                       0x20000040   Data          28  usbd_audio_if.o(.data)
    flag5                                    0x2000005c   Data           4  stm32f7xx_it.o(.data)
    flag4                                    0x20000060   Data           4  stm32f7xx_it.o(.data)
    flag6                                    0x20000064   Data           4  stm32f7xx_it.o(.data)
    flag3                                    0x20000068   Data           4  stm32f7xx_it.o(.data)
    packetCounter                            0x2000006c   Data           4  stm32f7xx_it.o(.data)
    dataWriten                               0x20000070   Data           4  stm32f7xx_it.o(.data)
    uwTickFreq                               0x20000080   Data           1  stm32f7xx_hal.o(.data)
    uwTickPrio                               0x20000084   Data           4  stm32f7xx_hal.o(.data)
    uwTick                                   0x20000088   Data           4  stm32f7xx_hal.o(.data)
    SystemCoreClock                          0x2000008c   Data           4  system_stm32f7xx.o(.data)
    USBD_AUDIO                               0x2000009c   Data          56  usbd_audio.o(.data)
    __microlib_freelist                      0x20000144   Data           4  mvars.o(.data)
    __microlib_freelist_initialised          0x20000148   Data           4  mvars.o(.data)
    hsd2                                     0x2000014c   Data         132  main.o(.bss)
    hspi2                                    0x200001d0   Data         100  main.o(.bss)
    hspi3                                    0x20000234   Data         100  main.o(.bss)
    hspi4                                    0x20000298   Data         100  main.o(.bss)
    hspi5                                    0x200002fc   Data         100  main.o(.bss)
    hspi6                                    0x20000360   Data         100  main.o(.bss)
    htim14                                   0x200003c4   Data          64  main.o(.bss)
    receiveBuffer5                           0x20000404   Data       19200  main.o(.bss)
    receiveBuffer4                           0x20004f04   Data       19200  main.o(.bss)
    receiveBuffer6                           0x20009a04   Data       19200  main.o(.bss)
    receiveBuffer3                           0x2000e504   Data       19200  main.o(.bss)
    mynewdiskFatFs                           0x20013004   Data        4148  main.o(.bss)
    File                                     0x20014038   Data        4144  main.o(.bss)
    hdma_sdmmc2_tx                           0x20015068   Data          96  main.o(.bss)
    hdma_spi2_rx                             0x200150c8   Data          96  main.o(.bss)
    hdma_spi3_rx                             0x20015128   Data          96  main.o(.bss)
    hdma_spi4_rx                             0x20015188   Data          96  main.o(.bss)
    hdma_spi5_rx                             0x200151e8   Data          96  main.o(.bss)
    hdma_spi6_rx                             0x20015248   Data          96  main.o(.bss)
    hUsbDeviceFS                             0x200152a8   Data         548  usb_device.o(.bss)
    hpcd_USB_OTG_FS                          0x200154cc   Data        1024  usbd_conf.o(.bss)
    USBD_StrDesc                             0x200158cc   Data         512  usbd_desc.o(.bss)
    storageBuffer                            0x20015acc   Data       76800  stm32f7xx_it.o(.bss)
    USB_fifo                                 0x200286cc   Data       38400  fifo.o(.bss)
    disk                                     0x20031d2c   Data          12  ff_gen_drv.o(.bss)
    __heap_base                              0x20031d38   Data           0  startup_stm32f767xx.o(HEAP)
    __heap_limit                             0x20040d38   Data           0  startup_stm32f767xx.o(HEAP)
    __initial_sp                             0x2004fd38   Data           0  startup_stm32f767xx.o(STACK)



==============================================================================

Memory Map of the image

  Image Entry point : 0x080001f9

  Load Region LR_IROM1 (Base: 0x08000000, Size: 0x000073ec, Max: 0x00200000, ABSOLUTE, COMPRESSED[0x00007368])

    Execution Region ER_IROM1 (Exec base: 0x08000000, Load base: 0x08000000, Size: 0x000072a0, Max: 0x00200000, ABSOLUTE)

    Exec Addr    Load Addr    Size         Type   Attr      Idx    E Section Name        Object

    0x08000000   0x08000000   0x000001f8   Data   RO            3    RESET               startup_stm32f767xx.o
    0x080001f8   0x080001f8   0x00000000   Code   RO         5815  * .ARM.Collect$$$$00000000  mc_w.l(entry.o)
    0x080001f8   0x080001f8   0x00000004   Code   RO         5854    .ARM.Collect$$$$00000001  mc_w.l(entry2.o)
    0x080001fc   0x080001fc   0x00000004   Code   RO         5857    .ARM.Collect$$$$00000004  mc_w.l(entry5.o)
    0x08000200   0x08000200   0x00000000   Code   RO         5859    .ARM.Collect$$$$00000008  mc_w.l(entry7b.o)
    0x08000200   0x08000200   0x00000000   Code   RO         5861    .ARM.Collect$$$$0000000A  mc_w.l(entry8b.o)
    0x08000200   0x08000200   0x00000008   Code   RO         5862    .ARM.Collect$$$$0000000B  mc_w.l(entry9a.o)
    0x08000208   0x08000208   0x00000000   Code   RO         5864    .ARM.Collect$$$$0000000D  mc_w.l(entry10a.o)
    0x08000208   0x08000208   0x00000000   Code   RO         5866    .ARM.Collect$$$$0000000F  mc_w.l(entry11a.o)
    0x08000208   0x08000208   0x00000004   Code   RO         5855    .ARM.Collect$$$$00002712  mc_w.l(entry2.o)
    0x0800020c   0x0800020c   0x00000024   Code   RO            4    .text               startup_stm32f767xx.o
    0x08000230   0x08000230   0x00000062   Code   RO         5818    .text               mc_w.l(uldiv.o)
    0x08000292   0x08000292   0x00000024   Code   RO         5820    .text               mc_w.l(memcpya.o)
    0x080002b6   0x080002b6   0x00000024   Code   RO         5822    .text               mc_w.l(memseta.o)
    0x080002da   0x080002da   0x0000001e   Code   RO         5868    .text               mc_w.l(llshl.o)
    0x080002f8   0x080002f8   0x00000020   Code   RO         5870    .text               mc_w.l(llushr.o)
    0x08000318   0x08000318   0x00000024   Code   RO         5874    .text               mc_w.l(init.o)
    0x0800033c   0x0800033c   0x00000056   Code   RO         5884    .text               mc_w.l(__dczerorl2.o)
    0x08000392   0x08000392   0x00000004   Code   RO          775    i.AUDIO_AudioCmd_FS  usbd_audio_if.o
    0x08000396   0x08000396   0x00000004   Code   RO          776    i.AUDIO_DeInit_FS   usbd_audio_if.o
    0x0800039a   0x0800039a   0x00000004   Code   RO          777    i.AUDIO_GetState_FS  usbd_audio_if.o
    0x0800039e   0x0800039e   0x00000004   Code   RO          778    i.AUDIO_Init_FS     usbd_audio_if.o
    0x080003a2   0x080003a2   0x00000004   Code   RO          779    i.AUDIO_MuteCtl_FS  usbd_audio_if.o
    0x080003a6   0x080003a6   0x00000004   Code   RO          780    i.AUDIO_PeriodicTC_FS  usbd_audio_if.o
    0x080003aa   0x080003aa   0x00000004   Code   RO          781    i.AUDIO_VolumeCtl_FS  usbd_audio_if.o
    0x080003ae   0x080003ae   0x00000002   PAD
    0x080003b0   0x080003b0   0x0000000c   Code   RO          257    i.BSP_SD_GetCardInfo  bsp_driver_sd.o
    0x080003bc   0x080003bc   0x00000018   Code   RO          258    i.BSP_SD_GetCardState  bsp_driver_sd.o
    0x080003d4   0x080003d4   0x00000034   Code   RO          260    i.BSP_SD_Init       bsp_driver_sd.o
    0x08000408   0x08000408   0x00000020   Code   RO          262    i.BSP_SD_ReadBlocks  bsp_driver_sd.o
    0x08000428   0x08000428   0x00000020   Code   RO          265    i.BSP_SD_WriteBlocks  bsp_driver_sd.o
    0x08000448   0x08000448   0x00000002   Code   RO          847    i.BusFault_Handler  stm32f7xx_it.o
    0x0800044a   0x0800044a   0x00000002   PAD
    0x0800044c   0x0800044c   0x0000000c   Code   RO          848    i.DMA1_Stream0_IRQHandler  stm32f7xx_it.o
    0x08000458   0x08000458   0x0000000c   Code   RO          849    i.DMA1_Stream1_IRQHandler  stm32f7xx_it.o
    0x08000464   0x08000464   0x0000000c   Code   RO          850    i.DMA2_Stream0_IRQHandler  stm32f7xx_it.o
    0x08000470   0x08000470   0x0000000c   Code   RO          851    i.DMA2_Stream3_IRQHandler  stm32f7xx_it.o
    0x0800047c   0x0800047c   0x0000000c   Code   RO          852    i.DMA2_Stream5_IRQHandler  stm32f7xx_it.o
    0x08000488   0x08000488   0x0000000c   Code   RO          853    i.DMA2_Stream6_IRQHandler  stm32f7xx_it.o
    0x08000494   0x08000494   0x00000028   Code   RO         3915    i.DMA_CalcBaseAndBitshift  stm32f7xx_hal_dma.o
    0x080004bc   0x080004bc   0x00000054   Code   RO         3916    i.DMA_CheckFifoParam  stm32f7xx_hal_dma.o
    0x08000510   0x08000510   0x00000028   Code   RO         3917    i.DMA_SetConfig     stm32f7xx_hal_dma.o
    0x08000538   0x08000538   0x00000002   Code   RO          854    i.DebugMon_Handler  stm32f7xx_it.o
    0x0800053a   0x0800053a   0x00000006   Code   RO         5408    i.FATFS_LinkDriver  ff_gen_drv.o
    0x08000540   0x08000540   0x00000040   Code   RO         5409    i.FATFS_LinkDriverEx  ff_gen_drv.o
    0x08000580   0x08000580   0x000001a0   Code   RO         3923    i.HAL_DMA_IRQHandler  stm32f7xx_hal_dma.o
    0x08000720   0x08000720   0x000000e4   Code   RO         3924    i.HAL_DMA_Init      stm32f7xx_hal_dma.o
    0x08000804   0x08000804   0x0000007a   Code   RO         3928    i.HAL_DMA_Start_IT  stm32f7xx_hal_dma.o
    0x0800087e   0x0800087e   0x00000002   PAD
    0x08000880   0x08000880   0x00000024   Code   RO         4285    i.HAL_Delay         stm32f7xx_hal.o
    0x080008a4   0x080008a4   0x000001d8   Code   RO         3852    i.HAL_GPIO_Init     stm32f7xx_hal_gpio.o
    0x08000a7c   0x08000a7c   0x0000000a   Code   RO         3856    i.HAL_GPIO_WritePin  stm32f7xx_hal_gpio.o
    0x08000a86   0x08000a86   0x00000002   PAD
    0x08000a88   0x08000a88   0x0000000c   Code   RO         4295    i.HAL_GetTick       stm32f7xx_hal.o
    0x08000a94   0x08000a94   0x00000010   Code   RO         4301    i.HAL_IncTick       stm32f7xx_hal.o
    0x08000aa4   0x08000aa4   0x00000016   Code   RO         4302    i.HAL_Init          stm32f7xx_hal.o
    0x08000aba   0x08000aba   0x00000002   PAD
    0x08000abc   0x08000abc   0x00000040   Code   RO         4303    i.HAL_InitTick      stm32f7xx_hal.o
    0x08000afc   0x08000afc   0x00000084   Code   RO          987    i.HAL_MspInit       stm32f7xx_hal_msp.o
    0x08000b80   0x08000b80   0x00000016   Code   RO         1636    i.HAL_NVIC_EnableIRQ  stm32f7xx_hal_cortex.o
    0x08000b96   0x08000b96   0x00000002   PAD
    0x08000b98   0x08000b98   0x00000040   Code   RO         1642    i.HAL_NVIC_SetPriority  stm32f7xx_hal_cortex.o
    0x08000bd8   0x08000bd8   0x00000024   Code   RO         1643    i.HAL_NVIC_SetPriorityGrouping  stm32f7xx_hal_cortex.o
    0x08000bfc   0x08000bfc   0x00000028   Code   RO         1301    i.HAL_PCDEx_ActivateLPM  stm32f7xx_hal_pcd_ex.o
    0x08000c24   0x08000c24   0x00000002   Code   RO         1303    i.HAL_PCDEx_LPM_Callback  stm32f7xx_hal_pcd_ex.o
    0x08000c26   0x08000c26   0x00000008   Code   RO         1304    i.HAL_PCDEx_SetRxFiFo  stm32f7xx_hal_pcd_ex.o
    0x08000c2e   0x08000c2e   0x00000048   Code   RO         1305    i.HAL_PCDEx_SetTxFiFo  stm32f7xx_hal_pcd_ex.o
    0x08000c76   0x08000c76   0x00000008   Code   RO          518    i.HAL_PCD_ConnectCallback  usbd_conf.o
    0x08000c7e   0x08000c7e   0x00000012   Code   RO          519    i.HAL_PCD_DataInStageCallback  usbd_conf.o
    0x08000c90   0x08000c90   0x00000014   Code   RO          520    i.HAL_PCD_DataOutStageCallback  usbd_conf.o
    0x08000ca4   0x08000ca4   0x00000008   Code   RO          521    i.HAL_PCD_DisconnectCallback  usbd_conf.o
    0x08000cac   0x08000cac   0x00000044   Code   RO         1095    i.HAL_PCD_EP_Close  stm32f7xx_hal_pcd.o
    0x08000cf0   0x08000cf0   0x0000005e   Code   RO         1096    i.HAL_PCD_EP_ClrStall  stm32f7xx_hal_pcd.o
    0x08000d4e   0x08000d4e   0x00000056   Code   RO         1099    i.HAL_PCD_EP_Open   stm32f7xx_hal_pcd.o
    0x08000da4   0x08000da4   0x00000044   Code   RO         1100    i.HAL_PCD_EP_Receive  stm32f7xx_hal_pcd.o
    0x08000de8   0x08000de8   0x0000006e   Code   RO         1101    i.HAL_PCD_EP_SetStall  stm32f7xx_hal_pcd.o
    0x08000e56   0x08000e56   0x00000044   Code   RO         1102    i.HAL_PCD_EP_Transmit  stm32f7xx_hal_pcd.o
    0x08000e9a   0x08000e9a   0x00000002   PAD
    0x08000e9c   0x08000e9c   0x00000588   Code   RO         1104    i.HAL_PCD_IRQHandler  stm32f7xx_hal_pcd.o
    0x08001424   0x08001424   0x00000008   Code   RO          522    i.HAL_PCD_ISOINIncompleteCallback  usbd_conf.o
    0x0800142c   0x0800142c   0x00000008   Code   RO          523    i.HAL_PCD_ISOOUTIncompleteCallback  usbd_conf.o
    0x08001434   0x08001434   0x000000d0   Code   RO         1107    i.HAL_PCD_Init      stm32f7xx_hal_pcd.o
    0x08001504   0x08001504   0x00000068   Code   RO          525    i.HAL_PCD_MspInit   usbd_conf.o
    0x0800156c   0x0800156c   0x00000020   Code   RO          526    i.HAL_PCD_ResetCallback  usbd_conf.o
    0x0800158c   0x0800158c   0x00000008   Code   RO          527    i.HAL_PCD_ResumeCallback  usbd_conf.o
    0x08001594   0x08001594   0x00000008   Code   RO          528    i.HAL_PCD_SOFCallback  usbd_conf.o
    0x0800159c   0x0800159c   0x00000024   Code   RO         1113    i.HAL_PCD_SetAddress  stm32f7xx_hal_pcd.o
    0x080015c0   0x080015c0   0x0000000e   Code   RO          529    i.HAL_PCD_SetupStageCallback  usbd_conf.o
    0x080015ce   0x080015ce   0x0000002a   Code   RO         1115    i.HAL_PCD_Start     stm32f7xx_hal_pcd.o
    0x080015f8   0x080015f8   0x00000030   Code   RO          530    i.HAL_PCD_SuspendCallback  usbd_conf.o
    0x08001628   0x08001628   0x0000006c   Code   RO         4192    i.HAL_PWREx_EnableOverDrive  stm32f7xx_hal_pwr_ex.o
    0x08001694   0x08001694   0x0000053c   Code   RO         3613    i.HAL_RCCEx_PeriphCLKConfig  stm32f7xx_hal_rcc_ex.o
    0x08001bd0   0x08001bd0   0x0000012c   Code   RO         3506    i.HAL_RCC_ClockConfig  stm32f7xx_hal_rcc.o
    0x08001cfc   0x08001cfc   0x0000000c   Code   RO         3511    i.HAL_RCC_GetHCLKFreq  stm32f7xx_hal_rcc.o
    0x08001d08   0x08001d08   0x00000064   Code   RO         3515    i.HAL_RCC_GetSysClockFreq  stm32f7xx_hal_rcc.o
    0x08001d6c   0x08001d6c   0x00000094   Code   RO         3516    i.HAL_RCC_MCOConfig  stm32f7xx_hal_rcc.o
    0x08001e00   0x08001e00   0x0000033c   Code   RO         3518    i.HAL_RCC_OscConfig  stm32f7xx_hal_rcc.o
    0x0800213c   0x0800213c   0x00000078   Code   RO         2033    i.HAL_SD_ConfigWideBusOperation  stm32f7xx_hal_sd.o
    0x080021b4   0x080021b4   0x000001fa   Code   RO         2038    i.HAL_SD_GetCardCSD  stm32f7xx_hal_sd.o
    0x080023ae   0x080023ae   0x00000024   Code   RO         2039    i.HAL_SD_GetCardInfo  stm32f7xx_hal_sd.o
    0x080023d2   0x080023d2   0x0000002c   Code   RO         2040    i.HAL_SD_GetCardState  stm32f7xx_hal_sd.o
    0x080023fe   0x080023fe   0x00000036   Code   RO         2045    i.HAL_SD_Init       stm32f7xx_hal_sd.o
    0x08002434   0x08002434   0x0000005c   Code   RO         2046    i.HAL_SD_InitCard   stm32f7xx_hal_sd.o
    0x08002490   0x08002490   0x000000e4   Code   RO          989    i.HAL_SD_MspInit    stm32f7xx_hal_msp.o
    0x08002574   0x08002574   0x000001b0   Code   RO         2049    i.HAL_SD_ReadBlocks  stm32f7xx_hal_sd.o
    0x08002724   0x08002724   0x000001a2   Code   RO         2054    i.HAL_SD_WriteBlocks  stm32f7xx_hal_sd.o
    0x080028c6   0x080028c6   0x00000026   Code   RO         2268    i.HAL_SPI_DMAPause  stm32f7xx_hal_spi.o
    0x080028ec   0x080028ec   0x00000002   Code   RO         2272    i.HAL_SPI_ErrorCallback  stm32f7xx_hal_spi.o
    0x080028ee   0x080028ee   0x000000c4   Code   RO         2276    i.HAL_SPI_Init      stm32f7xx_hal_spi.o
    0x080029b2   0x080029b2   0x00000002   PAD
    0x080029b4   0x080029b4   0x00000250   Code   RO          991    i.HAL_SPI_MspInit   stm32f7xx_hal_msp.o
    0x08002c04   0x08002c04   0x00000110   Code   RO         2280    i.HAL_SPI_Receive_DMA  stm32f7xx_hal_spi.o
    0x08002d14   0x08002d14   0x00000154   Code   RO          855    i.HAL_SPI_RxCpltCallback  stm32f7xx_it.o
    0x08002e68   0x08002e68   0x000000c4   Code   RO          856    i.HAL_SPI_RxHalfCpltCallback  stm32f7xx_it.o
    0x08002f2c   0x08002f2c   0x000001b0   Code   RO         2286    i.HAL_SPI_TransmitReceive_DMA  stm32f7xx_hal_spi.o
    0x080030dc   0x080030dc   0x00000002   Code   RO         2292    i.HAL_SPI_TxRxCpltCallback  stm32f7xx_hal_spi.o
    0x080030de   0x080030de   0x00000002   Code   RO         2293    i.HAL_SPI_TxRxHalfCpltCallback  stm32f7xx_hal_spi.o
    0x080030e0   0x080030e0   0x00000018   Code   RO         1645    i.HAL_SYSTICK_CLKSourceConfig  stm32f7xx_hal_cortex.o
    0x080030f8   0x080030f8   0x00000002   Code   RO         1646    i.HAL_SYSTICK_Callback  stm32f7xx_hal_cortex.o
    0x080030fa   0x080030fa   0x00000026   Code   RO         1647    i.HAL_SYSTICK_Config  stm32f7xx_hal_cortex.o
    0x08003120   0x08003120   0x00000008   Code   RO         1648    i.HAL_SYSTICK_IRQHandler  stm32f7xx_hal_cortex.o
    0x08003128   0x08003128   0x00000002   Code   RO         3226    i.HAL_TIMEx_BreakCallback  stm32f7xx_hal_tim_ex.o
    0x0800312a   0x0800312a   0x00000002   Code   RO         3227    i.HAL_TIMEx_CommutationCallback  stm32f7xx_hal_tim_ex.o
    0x0800312c   0x0800312c   0x00000036   Code   RO         2594    i.HAL_TIM_Base_Init  stm32f7xx_hal_tim.o
    0x08003162   0x08003162   0x00000002   PAD
    0x08003164   0x08003164   0x0000003c   Code   RO          993    i.HAL_TIM_Base_MspInit  stm32f7xx_hal_msp.o
    0x080031a0   0x080031a0   0x00000002   Code   RO         2623    i.HAL_TIM_IC_CaptureCallback  stm32f7xx_hal_tim.o
    0x080031a2   0x080031a2   0x0000017e   Code   RO         2636    i.HAL_TIM_IRQHandler  stm32f7xx_hal_tim.o
    0x08003320   0x08003320   0x00000002   Code   RO         2639    i.HAL_TIM_OC_DelayElapsedCallback  stm32f7xx_hal_tim.o
    0x08003322   0x08003322   0x00000002   Code   RO         2666    i.HAL_TIM_PWM_PulseFinishedCallback  stm32f7xx_hal_tim.o
    0x08003324   0x08003324   0x00000002   Code   RO         2673    i.HAL_TIM_PeriodElapsedCallback  stm32f7xx_hal_tim.o
    0x08003326   0x08003326   0x00000002   Code   RO         2677    i.HAL_TIM_TriggerCallback  stm32f7xx_hal_tim.o
    0x08003328   0x08003328   0x00000002   Code   RO          857    i.HardFault_Handler  stm32f7xx_it.o
    0x0800332a   0x0800332a   0x00000002   PAD
    0x0800332c   0x0800332c   0x0000008c   Code   RO           13    i.MX_DMA_Init       main.o
    0x080033b8   0x080033b8   0x0000001c   Code   RO          429    i.MX_FATFS_Init     fatfs.o
    0x080033d4   0x080033d4   0x000001b8   Code   RO           14    i.MX_GPIO_Init      main.o
    0x0800358c   0x0800358c   0x00000048   Code   RO           15    i.MX_SPI2_Init      main.o
    0x080035d4   0x080035d4   0x00000048   Code   RO           16    i.MX_SPI3_Init      main.o
    0x0800361c   0x0800361c   0x00000048   Code   RO           17    i.MX_SPI4_Init      main.o
    0x08003664   0x08003664   0x00000048   Code   RO           18    i.MX_SPI5_Init      main.o
    0x080036ac   0x080036ac   0x00000048   Code   RO           19    i.MX_SPI6_Init      main.o
    0x080036f4   0x080036f4   0x00000038   Code   RO          467    i.MX_USB_DEVICE_Init  usb_device.o
    0x0800372c   0x0800372c   0x00000002   Code   RO          858    i.MemManage_Handler  stm32f7xx_it.o
    0x0800372e   0x0800372e   0x00000002   Code   RO          859    i.NMI_Handler       stm32f7xx_it.o
    0x08003730   0x08003730   0x00000022   Code   RO         1649    i.NVIC_SetPriority  stm32f7xx_hal_cortex.o
    0x08003752   0x08003752   0x00000002   PAD
    0x08003754   0x08003754   0x0000000c   Code   RO          860    i.OTG_FS_IRQHandler  stm32f7xx_it.o
    0x08003760   0x08003760   0x00000096   Code   RO         1118    i.PCD_WriteEmptyTxFifo  stm32f7xx_hal_pcd.o
    0x080037f6   0x080037f6   0x00000002   Code   RO          861    i.PendSV_Handler    stm32f7xx_it.o
    0x080037f8   0x080037f8   0x00000032   Code   RO         1766    i.SDMMC_CmdAppCommand  stm32f7xx_ll_sdmmc.o
    0x0800382a   0x0800382a   0x00000002   PAD
    0x0800382c   0x0800382c   0x00000034   Code   RO         1767    i.SDMMC_CmdAppOperCommand  stm32f7xx_ll_sdmmc.o
    0x08003860   0x08003860   0x00000032   Code   RO         1768    i.SDMMC_CmdBlockLength  stm32f7xx_ll_sdmmc.o
    0x08003892   0x08003892   0x00000032   Code   RO         1769    i.SDMMC_CmdBusWidth  stm32f7xx_ll_sdmmc.o
    0x080038c4   0x080038c4   0x00000050   Code   RO         1773    i.SDMMC_CmdGoIdleState  stm32f7xx_ll_sdmmc.o
    0x08003914   0x08003914   0x00000064   Code   RO         1775    i.SDMMC_CmdOperCond  stm32f7xx_ll_sdmmc.o
    0x08003978   0x08003978   0x00000032   Code   RO         1776    i.SDMMC_CmdReadMultiBlock  stm32f7xx_ll_sdmmc.o
    0x080039aa   0x080039aa   0x00000032   Code   RO         1777    i.SDMMC_CmdReadSingleBlock  stm32f7xx_ll_sdmmc.o
    0x080039dc   0x080039dc   0x00000030   Code   RO         1780    i.SDMMC_CmdSelDesel  stm32f7xx_ll_sdmmc.o
    0x08003a0c   0x08003a0c   0x0000002a   Code   RO         1781    i.SDMMC_CmdSendCID  stm32f7xx_ll_sdmmc.o
    0x08003a36   0x08003a36   0x0000002e   Code   RO         1782    i.SDMMC_CmdSendCSD  stm32f7xx_ll_sdmmc.o
    0x08003a64   0x08003a64   0x00000030   Code   RO         1783    i.SDMMC_CmdSendSCR  stm32f7xx_ll_sdmmc.o
    0x08003a94   0x08003a94   0x00000032   Code   RO         1784    i.SDMMC_CmdSendStatus  stm32f7xx_ll_sdmmc.o
    0x08003ac6   0x08003ac6   0x00000030   Code   RO         1785    i.SDMMC_CmdSetRelAdd  stm32f7xx_ll_sdmmc.o
    0x08003af6   0x08003af6   0x00000002   PAD
    0x08003af8   0x08003af8   0x00000034   Code   RO         1787    i.SDMMC_CmdStopTransfer  stm32f7xx_ll_sdmmc.o
    0x08003b2c   0x08003b2c   0x00000032   Code   RO         1789    i.SDMMC_CmdWriteMultiBlock  stm32f7xx_ll_sdmmc.o
    0x08003b5e   0x08003b5e   0x00000032   Code   RO         1790    i.SDMMC_CmdWriteSingleBlock  stm32f7xx_ll_sdmmc.o
    0x08003b90   0x08003b90   0x00000026   Code   RO         1791    i.SDMMC_ConfigData  stm32f7xx_ll_sdmmc.o
    0x08003bb6   0x08003bb6   0x00000002   PAD
    0x08003bb8   0x08003bb8   0x0000011c   Code   RO         1792    i.SDMMC_GetCmdResp1  stm32f7xx_ll_sdmmc.o
    0x08003cd4   0x08003cd4   0x00000050   Code   RO         1793    i.SDMMC_GetCmdResp2  stm32f7xx_ll_sdmmc.o
    0x08003d24   0x08003d24   0x00000040   Code   RO         1794    i.SDMMC_GetCmdResp3  stm32f7xx_ll_sdmmc.o
    0x08003d64   0x08003d64   0x00000084   Code   RO         1795    i.SDMMC_GetCmdResp6  stm32f7xx_ll_sdmmc.o
    0x08003de8   0x08003de8   0x00000008   Code   RO         1799    i.SDMMC_GetPowerState  stm32f7xx_ll_sdmmc.o
    0x08003df0   0x08003df0   0x0000000c   Code   RO         1800    i.SDMMC_GetResponse  stm32f7xx_ll_sdmmc.o
    0x08003dfc   0x08003dfc   0x00000022   Code   RO         1801    i.SDMMC_Init        stm32f7xx_ll_sdmmc.o
    0x08003e1e   0x08003e1e   0x00000008   Code   RO         1803    i.SDMMC_PowerState_ON  stm32f7xx_ll_sdmmc.o
    0x08003e26   0x08003e26   0x00000006   Code   RO         1804    i.SDMMC_ReadFIFO    stm32f7xx_ll_sdmmc.o
    0x08003e2c   0x08003e2c   0x00000022   Code   RO         1805    i.SDMMC_SendCommand  stm32f7xx_ll_sdmmc.o
    0x08003e4e   0x08003e4e   0x0000000a   Code   RO         1807    i.SDMMC_WriteFIFO   stm32f7xx_ll_sdmmc.o
    0x08003e58   0x08003e58   0x00000020   Code   RO          369    i.SD_CheckStatus    sd_diskio.o
    0x08003e78   0x08003e78   0x000000d6   Code   RO         2062    i.SD_FindSCR        stm32f7xx_hal_sd.o
    0x08003f4e   0x08003f4e   0x000000e6   Code   RO         2063    i.SD_InitCard       stm32f7xx_hal_sd.o
    0x08004034   0x08004034   0x000000a6   Code   RO         2064    i.SD_PowerON        stm32f7xx_hal_sd.o
    0x080040da   0x080040da   0x0000004e   Code   RO         2066    i.SD_WideBus_Disable  stm32f7xx_hal_sd.o
    0x08004128   0x08004128   0x0000004e   Code   RO         2067    i.SD_WideBus_Enable  stm32f7xx_hal_sd.o
    0x08004176   0x08004176   0x00000002   PAD
    0x08004178   0x08004178   0x00000020   Code   RO          370    i.SD_initialize     sd_diskio.o
    0x08004198   0x08004198   0x00000058   Code   RO          371    i.SD_ioctl          sd_diskio.o
    0x080041f0   0x080041f0   0x00000026   Code   RO          372    i.SD_read           sd_diskio.o
    0x08004216   0x08004216   0x00000004   Code   RO          373    i.SD_status         sd_diskio.o
    0x0800421a   0x0800421a   0x00000002   PAD
    0x0800421c   0x0800421c   0x00000026   Code   RO          374    i.SD_write          sd_diskio.o
    0x08004242   0x08004242   0x00000022   Code   RO         2304    i.SPI_DMAError      stm32f7xx_hal_spi.o
    0x08004264   0x08004264   0x0000000a   Code   RO         2305    i.SPI_DMAHalfReceiveCplt  stm32f7xx_hal_spi.o
    0x0800426e   0x0800426e   0x0000000a   Code   RO         2307    i.SPI_DMAHalfTransmitReceiveCplt  stm32f7xx_hal_spi.o
    0x08004278   0x08004278   0x00000056   Code   RO         2308    i.SPI_DMAReceiveCplt  stm32f7xx_hal_spi.o
    0x080042ce   0x080042ce   0x0000005c   Code   RO         2311    i.SPI_DMATransmitReceiveCplt  stm32f7xx_hal_spi.o
    0x0800432a   0x0800432a   0x00000074   Code   RO         2313    i.SPI_EndRxTransaction  stm32f7xx_hal_spi.o
    0x0800439e   0x0800439e   0x00000048   Code   RO         2314    i.SPI_EndRxTxTransaction  stm32f7xx_hal_spi.o
    0x080043e6   0x080043e6   0x000000a0   Code   RO         2319    i.SPI_WaitFifoStateUntilTimeout  stm32f7xx_hal_spi.o
    0x08004486   0x08004486   0x0000008c   Code   RO         2320    i.SPI_WaitFlagStateUntilTimeout  stm32f7xx_hal_spi.o
    0x08004512   0x08004512   0x00000002   Code   RO          862    i.SVC_Handler       stm32f7xx_it.o
    0x08004514   0x08004514   0x0000000e   Code   RO          863    i.SysTick_Handler   stm32f7xx_it.o
    0x08004522   0x08004522   0x00000002   PAD
    0x08004524   0x08004524   0x000000e4   Code   RO           20    i.SystemClock_Config  main.o
    0x08004608   0x08004608   0x00000054   Code   RO         4956    i.SystemInit        system_stm32f7xx.o
    0x0800465c   0x0800465c   0x0000000c   Code   RO          864    i.TIM8_TRG_COM_TIM14_IRQHandler  stm32f7xx_it.o
    0x08004668   0x08004668   0x000000cc   Code   RO         2678    i.TIM_Base_SetConfig  stm32f7xx_hal_tim.o
    0x08004734   0x08004734   0x00000018   Code   RO         5721    i.USBD_AUDIO_DataIn  usbd_audio.o
    0x0800474c   0x0800474c   0x00000074   Code   RO         5722    i.USBD_AUDIO_DataOut  usbd_audio.o
    0x080047c0   0x080047c0   0x0000002c   Code   RO         5723    i.USBD_AUDIO_DeInit  usbd_audio.o
    0x080047ec   0x080047ec   0x00000034   Code   RO         5724    i.USBD_AUDIO_EP0_RxReady  usbd_audio.o
    0x08004820   0x08004820   0x00000004   Code   RO         5725    i.USBD_AUDIO_EP0_TxReady  usbd_audio.o
    0x08004824   0x08004824   0x0000000c   Code   RO         5726    i.USBD_AUDIO_GetCfgDesc  usbd_audio.o
    0x08004830   0x08004830   0x0000000c   Code   RO         5727    i.USBD_AUDIO_GetDeviceQualifierDesc  usbd_audio.o
    0x0800483c   0x0800483c   0x00000048   Code   RO         5728    i.USBD_AUDIO_Init   usbd_audio.o
    0x08004884   0x08004884   0x00000004   Code   RO         5729    i.USBD_AUDIO_IsoINIncomplete  usbd_audio.o
    0x08004888   0x08004888   0x00000004   Code   RO         5730    i.USBD_AUDIO_IsoOutIncomplete  usbd_audio.o
    0x0800488c   0x0800488c   0x0000000a   Code   RO         5731    i.USBD_AUDIO_RegisterInterface  usbd_audio.o
    0x08004896   0x08004896   0x00000002   PAD
    0x08004898   0x08004898   0x00000024   Code   RO         5732    i.USBD_AUDIO_SOF    usbd_audio.o
    0x080048bc   0x080048bc   0x000000d0   Code   RO         5733    i.USBD_AUDIO_Setup  usbd_audio.o
    0x0800498c   0x0800498c   0x0000000e   Code   RO         5458    i.USBD_ClrClassConfig  usbd_core.o
    0x0800499a   0x0800499a   0x00000010   Code   RO         5661    i.USBD_CtlContinueRx  usbd_ioreq.o
    0x080049aa   0x080049aa   0x00000010   Code   RO         5662    i.USBD_CtlContinueSendData  usbd_ioreq.o
    0x080049ba   0x080049ba   0x00000016   Code   RO         5596    i.USBD_CtlError     usbd_ctlreq.o
    0x080049d0   0x080049d0   0x0000001e   Code   RO         5663    i.USBD_CtlPrepareRx  usbd_ioreq.o
    0x080049ee   0x080049ee   0x00000016   Code   RO         5664    i.USBD_CtlReceiveStatus  usbd_ioreq.o
    0x08004a04   0x08004a04   0x0000001a   Code   RO         5665    i.USBD_CtlSendData  usbd_ioreq.o
    0x08004a1e   0x08004a1e   0x00000016   Code   RO         5666    i.USBD_CtlSendStatus  usbd_ioreq.o
    0x08004a34   0x08004a34   0x00000024   Code   RO          707    i.USBD_FS_ConfigStrDescriptor  usbd_desc.o
    0x08004a58   0x08004a58   0x0000000c   Code   RO          708    i.USBD_FS_DeviceDescriptor  usbd_desc.o
    0x08004a64   0x08004a64   0x00000024   Code   RO          709    i.USBD_FS_InterfaceStrDescriptor  usbd_desc.o
    0x08004a88   0x08004a88   0x0000000c   Code   RO          710    i.USBD_FS_LangIDStrDescriptor  usbd_desc.o
    0x08004a94   0x08004a94   0x00000028   Code   RO          711    i.USBD_FS_ManufacturerStrDescriptor  usbd_desc.o
    0x08004abc   0x08004abc   0x00000028   Code   RO          712    i.USBD_FS_ProductStrDescriptor  usbd_desc.o
    0x08004ae4   0x08004ae4   0x00000024   Code   RO          713    i.USBD_FS_SerialStrDescriptor  usbd_desc.o
    0x08004b08   0x08004b08   0x000000e0   Code   RO         5597    i.USBD_GetDescriptor  usbd_ctlreq.o
    0x08004be8   0x08004be8   0x00000048   Code   RO         5598    i.USBD_GetString    usbd_ctlreq.o
    0x08004c30   0x08004c30   0x0000002a   Code   RO         5460    i.USBD_Init         usbd_core.o
    0x08004c5a   0x08004c5a   0x00000020   Code   RO          531    i.USBD_LL_ClearStallEP  usbd_conf.o
    0x08004c7a   0x08004c7a   0x00000020   Code   RO          532    i.USBD_LL_CloseEP   usbd_conf.o
    0x08004c9a   0x08004c9a   0x000000aa   Code   RO         5461    i.USBD_LL_DataInStage  usbd_core.o
    0x08004d44   0x08004d44   0x0000006a   Code   RO         5462    i.USBD_LL_DataOutStage  usbd_core.o
    0x08004dae   0x08004dae   0x00000004   Code   RO         5463    i.USBD_LL_DevConnected  usbd_core.o
    0x08004db2   0x08004db2   0x00000016   Code   RO         5464    i.USBD_LL_DevDisconnected  usbd_core.o
    0x08004dc8   0x08004dc8   0x00000080   Code   RO          537    i.USBD_LL_Init      usbd_conf.o
    0x08004e48   0x08004e48   0x00000020   Code   RO          538    i.USBD_LL_IsStallEP  usbd_conf.o
    0x08004e68   0x08004e68   0x00000004   Code   RO         5465    i.USBD_LL_IsoINIncomplete  usbd_core.o
    0x08004e6c   0x08004e6c   0x00000004   Code   RO         5466    i.USBD_LL_IsoOUTIncomplete  usbd_core.o
    0x08004e70   0x08004e70   0x00000026   Code   RO          539    i.USBD_LL_OpenEP    usbd_conf.o
    0x08004e96   0x08004e96   0x00000020   Code   RO          540    i.USBD_LL_PrepareReceive  usbd_conf.o
    0x08004eb6   0x08004eb6   0x00000040   Code   RO         5467    i.USBD_LL_Reset     usbd_core.o
    0x08004ef6   0x08004ef6   0x0000000c   Code   RO         5468    i.USBD_LL_Resume    usbd_core.o
    0x08004f02   0x08004f02   0x00000018   Code   RO         5469    i.USBD_LL_SOF       usbd_core.o
    0x08004f1a   0x08004f1a   0x00000006   Code   RO         5470    i.USBD_LL_SetSpeed  usbd_core.o
    0x08004f20   0x08004f20   0x00000020   Code   RO          541    i.USBD_LL_SetUSBAddress  usbd_conf.o
    0x08004f40   0x08004f40   0x00000056   Code   RO         5471    i.USBD_LL_SetupStage  usbd_core.o
    0x08004f96   0x08004f96   0x00000020   Code   RO          542    i.USBD_LL_StallEP   usbd_conf.o
    0x08004fb6   0x08004fb6   0x00000020   Code   RO          543    i.USBD_LL_Start     usbd_conf.o
    0x08004fd6   0x08004fd6   0x00000012   Code   RO         5472    i.USBD_LL_Suspend   usbd_core.o
    0x08004fe8   0x08004fe8   0x00000020   Code   RO          545    i.USBD_LL_Transmit  usbd_conf.o
    0x08005008   0x08005008   0x00000028   Code   RO         5599    i.USBD_ParseSetupRequest  usbd_ctlreq.o
    0x08005030   0x08005030   0x00000012   Code   RO         5473    i.USBD_RegisterClass  usbd_core.o
    0x08005042   0x08005042   0x00000016   Code   RO         5475    i.USBD_SetClassConfig  usbd_core.o
    0x08005058   0x08005058   0x00000074   Code   RO         5600    i.USBD_SetConfig    usbd_ctlreq.o
    0x080050cc   0x080050cc   0x0000000a   Code   RO         5476    i.USBD_Start        usbd_core.o
    0x080050d6   0x080050d6   0x000000f2   Code   RO         5601    i.USBD_StdDevReq    usbd_ctlreq.o
    0x080051c8   0x080051c8   0x000000de   Code   RO         5602    i.USBD_StdEPReq     usbd_ctlreq.o
    0x080052a6   0x080052a6   0x00000034   Code   RO         5603    i.USBD_StdItfReq    usbd_ctlreq.o
    0x080052da   0x080052da   0x00000002   PAD
    0x080052dc   0x080052dc   0x00000080   Code   RO         1350    i.USB_ActivateEndpoint  stm32f7xx_ll_usb.o
    0x0800535c   0x0800535c   0x00000034   Code   RO         1351    i.USB_ActivateSetup  stm32f7xx_ll_usb.o
    0x08005390   0x08005390   0x00000070   Code   RO         1353    i.USB_CoreInit      stm32f7xx_ll_usb.o
    0x08005400   0x08005400   0x00000038   Code   RO         1354    i.USB_CoreReset     stm32f7xx_ll_usb.o
    0x08005438   0x08005438   0x0000006e   Code   RO         1356    i.USB_DeactivateEndpoint  stm32f7xx_ll_usb.o
    0x080054a6   0x080054a6   0x00000018   Code   RO         1357    i.USB_DevConnect    stm32f7xx_ll_usb.o
    0x080054be   0x080054be   0x00000018   Code   RO         1358    i.USB_DevDisconnect  stm32f7xx_ll_usb.o
    0x080054d6   0x080054d6   0x00000002   PAD
    0x080054d8   0x080054d8   0x00000168   Code   RO         1359    i.USB_DevInit       stm32f7xx_ll_usb.o
    0x08005640   0x08005640   0x0000000c   Code   RO         1360    i.USB_DisableGlobalInt  stm32f7xx_ll_usb.o
    0x0800564c   0x0800564c   0x00000140   Code   RO         1363    i.USB_EP0StartXfer  stm32f7xx_ll_usb.o
    0x0800578c   0x0800578c   0x0000003e   Code   RO         1364    i.USB_EP0_OutStart  stm32f7xx_ll_usb.o
    0x080057ca   0x080057ca   0x00000064   Code   RO         1365    i.USB_EPClearStall  stm32f7xx_ll_usb.o
    0x0800582e   0x0800582e   0x0000005e   Code   RO         1366    i.USB_EPSetStall    stm32f7xx_ll_usb.o
    0x0800588c   0x0800588c   0x0000021c   Code   RO         1367    i.USB_EPStartXfer   stm32f7xx_ll_usb.o
    0x08005aa8   0x08005aa8   0x0000000c   Code   RO         1368    i.USB_EnableGlobalInt  stm32f7xx_ll_usb.o
    0x08005ab4   0x08005ab4   0x00000020   Code   RO         1369    i.USB_FlushRxFifo   stm32f7xx_ll_usb.o
    0x08005ad4   0x08005ad4   0x00000024   Code   RO         1370    i.USB_FlushTxFifo   stm32f7xx_ll_usb.o
    0x08005af8   0x08005af8   0x0000003e   Code   RO         1372    i.USB_GetDevSpeed   stm32f7xx_ll_usb.o
    0x08005b36   0x08005b36   0x00000008   Code   RO         1374    i.USB_GetMode       stm32f7xx_ll_usb.o
    0x08005b3e   0x08005b3e   0x0000000e   Code   RO         1381    i.USB_ReadDevAllInEpInterrupt  stm32f7xx_ll_usb.o
    0x08005b4c   0x08005b4c   0x0000000e   Code   RO         1382    i.USB_ReadDevAllOutEpInterrupt  stm32f7xx_ll_usb.o
    0x08005b5a   0x08005b5a   0x00000020   Code   RO         1383    i.USB_ReadDevInEPInterrupt  stm32f7xx_ll_usb.o
    0x08005b7a   0x08005b7a   0x00000010   Code   RO         1384    i.USB_ReadDevOutEPInterrupt  stm32f7xx_ll_usb.o
    0x08005b8a   0x08005b8a   0x00000008   Code   RO         1385    i.USB_ReadInterrupts  stm32f7xx_ll_usb.o
    0x08005b92   0x08005b92   0x0000001e   Code   RO         1386    i.USB_ReadPacket    stm32f7xx_ll_usb.o
    0x08005bb0   0x08005bb0   0x0000002c   Code   RO         1388    i.USB_SetCurrentMode  stm32f7xx_ll_usb.o
    0x08005bdc   0x08005bdc   0x00000022   Code   RO         1389    i.USB_SetDevAddress  stm32f7xx_ll_usb.o
    0x08005bfe   0x08005bfe   0x00000002   PAD
    0x08005c00   0x08005c00   0x0000002c   Code   RO         1393    i.USB_WritePacket   stm32f7xx_ll_usb.o
    0x08005c2c   0x08005c2c   0x00000002   Code   RO          865    i.UsageFault_Handler  stm32f7xx_it.o
    0x08005c2e   0x08005c2e   0x00000002   Code   RO           21    i._Error_Handler    main.o
    0x08005c30   0x08005c30   0x0000000e   Code   RO         5878    i.__scatterload_copy  mc_w.l(handlers.o)
    0x08005c3e   0x08005c3e   0x00000002   Code   RO         5879    i.__scatterload_null  mc_w.l(handlers.o)
    0x08005c40   0x08005c40   0x0000000e   Code   RO         5880    i.__scatterload_zeroinit  mc_w.l(handlers.o)
    0x08005c4e   0x08005c4e   0x00000002   PAD
    0x08005c50   0x08005c50   0x00000070   Code   RO         5072    i.check_fs          ff.o
    0x08005cc0   0x08005cc0   0x0000005c   Code   RO         5073    i.chk_lock          ff.o
    0x08005d1c   0x08005d1c   0x00000020   Code   RO         5074    i.clear_lock        ff.o
    0x08005d3c   0x08005d3c   0x00000026   Code   RO         5075    i.clmt_clust        ff.o
    0x08005d62   0x08005d62   0x00000018   Code   RO         5076    i.clust2sect        ff.o
    0x08005d7a   0x08005d7a   0x000000a6   Code   RO         5077    i.create_chain      ff.o
    0x08005e20   0x08005e20   0x000000bc   Code   RO         5078    i.create_name       ff.o
    0x08005edc   0x08005edc   0x00000034   Code   RO         5079    i.dec_lock          ff.o
    0x08005f10   0x08005f10   0x00000066   Code   RO         5080    i.dir_find          ff.o
    0x08005f76   0x08005f76   0x00000002   PAD
    0x08005f78   0x08005f78   0x00000102   Code   RO         5081    i.dir_next          ff.o
    0x0800607a   0x0800607a   0x00000066   Code   RO         5083    i.dir_register      ff.o
    0x080060e0   0x080060e0   0x0000008e   Code   RO         5085    i.dir_sdi           ff.o
    0x0800616e   0x0800616e   0x00000002   PAD
    0x08006170   0x08006170   0x00000028   Code   RO         5017    i.disk_initialize   diskio.o
    0x08006198   0x08006198   0x00000018   Code   RO         5018    i.disk_ioctl        diskio.o
    0x080061b0   0x080061b0   0x0000001c   Code   RO         5019    i.disk_read         diskio.o
    0x080061cc   0x080061cc   0x00000014   Code   RO         5020    i.disk_status       diskio.o
    0x080061e0   0x080061e0   0x0000001c   Code   RO         5021    i.disk_write        diskio.o
    0x080061fc   0x080061fc   0x00000028   Code   RO         5086    i.f_close           ff.o
    0x08006224   0x08006224   0x00000058   Code   RO         5093    i.f_mount           ff.o
    0x0800627c   0x0800627c   0x0000021c   Code   RO         5094    i.f_open            ff.o
    0x08006498   0x08006498   0x0000008e   Code   RO         5103    i.f_sync            ff.o
    0x08006526   0x08006526   0x000001ae   Code   RO         5106    i.f_write           ff.o
    0x080066d4   0x080066d4   0x0000028c   Code   RO         5107    i.find_volume       ff.o
    0x08006960   0x08006960   0x0000007a   Code   RO         5108    i.follow_path       ff.o
    0x080069da   0x080069da   0x00000002   PAD
    0x080069dc   0x080069dc   0x00000050   Code   RO         5826    i.free              mc_w.l(malloc.o)
    0x08006a2c   0x08006a2c   0x000000ea   Code   RO         5109    i.get_fat           ff.o
    0x08006b16   0x08006b16   0x00000004   Code   RO          430    i.get_fattime       fatfs.o
    0x08006b1a   0x08006b1a   0x0000003c   Code   RO         5111    i.get_ldnumber      ff.o
    0x08006b56   0x08006b56   0x00000002   PAD
    0x08006b58   0x08006b58   0x00000030   Code   RO         1048    i.get_packet        fifo.o
    0x08006b88   0x08006b88   0x00000080   Code   RO         5112    i.inc_lock          ff.o
    0x08006c08   0x08006c08   0x00000026   Code   RO         5113    i.ld_clust          ff.o
    0x08006c2e   0x08006c2e   0x00000016   Code   RO         5114    i.ld_dword          ff.o
    0x08006c44   0x08006c44   0x0000000a   Code   RO         5115    i.ld_word           ff.o
    0x08006c4e   0x08006c4e   0x00000002   PAD
    0x08006c50   0x08006c50   0x0000014c   Code   RO           22    i.main              main.o
    0x08006d9c   0x08006d9c   0x0000006c   Code   RO         5827    i.malloc            mc_w.l(malloc.o)
    0x08006e08   0x08006e08   0x00000012   Code   RO         5116    i.mem_cpy           ff.o
    0x08006e1a   0x08006e1a   0x00000002   PAD
    0x08006e1c   0x08006e1c   0x0000000e   Code   RO         5117    i.mem_set           ff.o
    0x08006e2a   0x08006e2a   0x00000032   Code   RO         5118    i.move_window       ff.o
    0x08006e5c   0x08006e5c   0x0000012c   Code   RO         5119    i.put_fat           ff.o
    0x08006f88   0x08006f88   0x00000070   Code   RO         1049    i.put_samples       fifo.o
    0x08006ff8   0x08006ff8   0x00000074   Code   RO         5122    i.remove_chain      ff.o
    0x0800706c   0x0800706c   0x00000028   Code   RO         5123    i.st_clust          ff.o
    0x08007094   0x08007094   0x00000010   Code   RO         5124    i.st_dword          ff.o
    0x080070a4   0x080070a4   0x00000008   Code   RO         5125    i.st_word           ff.o
    0x080070ac   0x080070ac   0x00000088   Code   RO         5126    i.sync_fs           ff.o
    0x08007134   0x08007134   0x00000052   Code   RO         5127    i.sync_window       ff.o
    0x08007186   0x08007186   0x00000030   Code   RO         5128    i.validate          ff.o
    0x080071b6   0x080071b6   0x00000002   PAD
    0x080071b8   0x080071b8   0x00000014   Data   RO          375    .constdata          sd_diskio.o
    0x080071cc   0x080071cc   0x00000008   Data   RO         3930    .constdata          stm32f7xx_hal_dma.o
    0x080071d4   0x080071d4   0x00000010   Data   RO         4957    .constdata          system_stm32f7xx.o
    0x080071e4   0x080071e4   0x0000009c   Data   RO         5130    .constdata          ff.o
    0x08007280   0x08007280   0x00000020   Data   RO         5876    Region$$Table       anon$$obj.o


    Execution Region RW_IRAM1 (Exec base: 0x20000000, Load base: 0x080072a0, Size: 0x0004fd38, Max: 0x00080000, ABSOLUTE, COMPRESSED[0x000000c8])

    Exec Addr    Load Addr    Size         Type   Attr      Idx    E Section Name        Object

    0x20000000   COMPRESSED   0x00000004   Data   RW           31    .data               main.o
    0x20000004   COMPRESSED   0x00000001   Data   RW          376    .data               sd_diskio.o
    0x20000005   COMPRESSED   0x00000005   Data   RW          433    .data               fatfs.o
    0x2000000a   COMPRESSED   0x00000002   PAD
    0x2000000c   COMPRESSED   0x0000001c   Data   RW          715    .data               usbd_desc.o
    0x20000028   COMPRESSED   0x00000016   Data   RW          716    .data               usbd_desc.o
    0x2000003e   COMPRESSED   0x00000002   PAD
    0x20000040   COMPRESSED   0x0000001c   Data   RW          784    .data               usbd_audio_if.o
    0x2000005c   COMPRESSED   0x00000018   Data   RW          867    .data               stm32f7xx_it.o
    0x20000074   COMPRESSED   0x0000000c   Data   RW         1052    .data               fifo.o
    0x20000080   COMPRESSED   0x0000000c   Data   RW         4309    .data               stm32f7xx_hal.o
    0x2000008c   COMPRESSED   0x00000004   Data   RW         4959    .data               system_stm32f7xx.o
    0x20000090   COMPRESSED   0x00000008   Data   RW         5131    .data               ff.o
    0x20000098   COMPRESSED   0x00000001   Data   RW         5604    .data               usbd_ctlreq.o
    0x20000099   COMPRESSED   0x00000003   PAD
    0x2000009c   COMPRESSED   0x00000038   Data   RW         5735    .data               usbd_audio.o
    0x200000d4   COMPRESSED   0x0000006e   Data   RW         5736    .data               usbd_audio.o
    0x20000142   COMPRESSED   0x00000002   PAD
    0x20000144   COMPRESSED   0x00000004   Data   RW         5872    .data               mc_w.l(mvars.o)
    0x20000148   COMPRESSED   0x00000004   Data   RW         5873    .data               mc_w.l(mvars.o)
    0x2000014c        -       0x00014f1c   Zero   RW           23    .bss                main.o
    0x20015068        -       0x00000060   Zero   RW           24    .bss                main.o
    0x200150c8        -       0x00000060   Zero   RW           25    .bss                main.o
    0x20015128        -       0x00000060   Zero   RW           26    .bss                main.o
    0x20015188        -       0x00000060   Zero   RW           27    .bss                main.o
    0x200151e8        -       0x00000060   Zero   RW           28    .bss                main.o
    0x20015248        -       0x00000060   Zero   RW           29    .bss                main.o
    0x200152a8        -       0x00000224   Zero   RW          468    .bss                usb_device.o
    0x200154cc        -       0x00000400   Zero   RW          546    .bss                usbd_conf.o
    0x200158cc        -       0x00000200   Zero   RW          714    .bss                usbd_desc.o
    0x20015acc        -       0x00012c00   Zero   RW          866    .bss                stm32f7xx_it.o
    0x200286cc        -       0x00009610   Zero   RW         1050    .bss                fifo.o
    0x20031cdc        -       0x00000050   Zero   RW         5129    .bss                ff.o
    0x20031d2c        -       0x0000000c   Zero   RW         5412    .bss                ff_gen_drv.o
    0x20031d38        -       0x0000f000   Zero   RW            2    HEAP                startup_stm32f767xx.o
    0x20040d38        -       0x0000f000   Zero   RW            1    STACK               startup_stm32f767xx.o


==============================================================================

Image component sizes


      Code (inc. data)   RO Data    RW Data    ZI Data      Debug   Object Name

       152         24          0          0          0       3535   bsp_driver_sd.o
       140         26          0          0          0       3745   diskio.o
        32         10          0          5          0       1480   fatfs.o
      4642         80        156          8         80      38161   ff.o
        70          6          0          0         12       1683   ff_gen_drv.o
       160         22          0         12      38416       1943   fifo.o
      1502        152          0          4      86364     894826   main.o
       232         14         20          1          0       4456   sd_diskio.o
        36          8        504          0     122880        836   startup_stm32f767xx.o
       150         24          0         12          0       3981   stm32f7xx_hal.o
       228         12          0          0          0      37237   stm32f7xx_hal_cortex.o
       930         16          8          0          0       5851   stm32f7xx_hal_dma.o
       482         54          0          0          0       2572   stm32f7xx_hal_gpio.o
      1012        168          0          0          0       3714   stm32f7xx_hal_msp.o
      2346         72          0          0          0      11069   stm32f7xx_hal_pcd.o
       122          6          0          0          0       3065   stm32f7xx_hal_pcd_ex.o
       108          8          0          0          0       1268   stm32f7xx_hal_pwr_ex.o
      1388         68          0          0          0       5322   stm32f7xx_hal_rcc.o
      1340         22          0          0          0       2324   stm32f7xx_hal_rcc_ex.o
      2468          0          0          0          0      13316   stm32f7xx_hal_sd.o
      1664         36          0          0          0      12664   stm32f7xx_hal_spi.o
       650         46          0          0          0       6645   stm32f7xx_hal_tim.o
         4          0          0          0          0       1674   stm32f7xx_hal_tim_ex.o
       662        140          0         24      76800      11258   stm32f7xx_it.o
      1626         42          0          0          0      22912   stm32f7xx_ll_sdmmc.o
      2380         52          0          0          0      20531   stm32f7xx_ll_usb.o
        84         16         16          4          0       1231   system_stm32f7xx.o
        56         18          0          0        548       3245   usb_device.o
       598         18          0        166          0      12672   usbd_audio.o
        28          0          0         28          0       3808   usbd_audio_if.o
       706         40          0          0       1024      14046   usbd_conf.o
       626          0          0          0          0      12014   usbd_core.o
       990         28          0          1          0       8076   usbd_ctlreq.o
       212        116          0         50        512       5191   usbd_desc.o
       132          0          0          0          0       4544   usbd_ioreq.o

    ----------------------------------------------------------------------
     28014       1344        736        324     326636    1180895   Object Totals
         0          0         32          0          0          0   (incl. Generated)
        56          0          0          9          0          0   (incl. Padding)

    ----------------------------------------------------------------------

      Code (inc. data)   RO Data    RW Data    ZI Data      Debug   Library Member Name

        86          0          0          0          0          0   __dczerorl2.o
         0          0          0          0          0          0   entry.o
         0          0          0          0          0          0   entry10a.o
         0          0          0          0          0          0   entry11a.o
         8          4          0          0          0          0   entry2.o
         4          0          0          0          0          0   entry5.o
         0          0          0          0          0          0   entry7b.o
         0          0          0          0          0          0   entry8b.o
         8          4          0          0          0          0   entry9a.o
        30          0          0          0          0          0   handlers.o
        36          8          0          0          0         68   init.o
        30          0          0          0          0         68   llshl.o
        32          0          0          0          0         68   llushr.o
       188         20          0          0          0        160   malloc.o
        36          0          0          0          0         68   memcpya.o
        36          0          0          0          0        108   memseta.o
         0          0          0          8          0          0   mvars.o
        98          0          0          0          0         92   uldiv.o

    ----------------------------------------------------------------------
       594         36          0          8          0        632   Library Totals
         2          0          0          0          0          0   (incl. Padding)

    ----------------------------------------------------------------------

      Code (inc. data)   RO Data    RW Data    ZI Data      Debug   Library Name

       592         36          0          8          0        632   mc_w.l

    ----------------------------------------------------------------------
       594         36          0          8          0        632   Library Totals

    ----------------------------------------------------------------------

==============================================================================


      Code (inc. data)   RO Data    RW Data    ZI Data      Debug   

     28608       1380        736        332     326636    1151151   Grand Totals
     28608       1380        736        200     326636    1151151   ELF Image Totals (compressed)
     28608       1380        736        200          0          0   ROM Totals

==============================================================================

    Total RO  Size (Code + RO Data)                29344 (  28.66kB)
    Total RW  Size (RW Data + ZI Data)            326968 ( 319.30kB)
    Total ROM Size (Code + RO Data + RW Data)      29544 (  28.85kB)

==============================================================================

