<html>
<body>
<pre>
<h1>µVision Build Log</h1>
<h2>Tool Versions:</h2>
IDE-Version: µVision V5.24.2.0
Copyright (C) 2017 ARM Ltd and ARM Germany GmbH. All rights reserved.
License Information: - -, -, LIC=----
 
Tool Versions:
Toolchain:       MDK-Lite  Version: 5.24.1
Toolchain Path:  C:\Keil_v5\ARM\ARMCC\Bin
C Compiler:      Armcc.exe V5.06 update 5 (build 528)
Assembler:       Armasm.exe V5.06 update 5 (build 528)
Linker/Locator:  ArmLink.exe V5.06 update 5 (build 528)
Library Manager: ArmAr.exe V5.06 update 5 (build 528)
Hex Converter:   FromElf.exe V5.06 update 5 (build 528)
CPU DLL:         SARMCM3.DLL V5.24.1
Dialog DLL:      DCM.DLL V1.16.0.0
Target DLL:      STLink\ST-LINKIII-KEIL_SWO.dll V3.0.1.0
Dialog DLL:      TCM.DLL V1.32.0.0
 
<h2>Project:</h2>
C:\Users\User\Documents\BM_repo\BM_fw\MDK-ARM\BM_fw.uvprojx
Project File Date:  12/07/2018

<h2>Output:</h2>
*** Using Compiler 'V5.06 update 5 (build 528)', folder: 'C:\Keil_v5\ARM\ARMCC\Bin'
Rebuild target 'BM_fw'
assembling startup_stm32f767xx.s...
compiling fifo.c...
compiling fileSystem.c...
..\Src\fileSystem.c(32): warning:  #550-D: variable "file_no"  was set but never used
    int file_no = 0;
..\Src\fileSystem.c(33): warning:  #177-D: variable "file_size"  was declared but never referenced
    int file_size = 0, logs = 0;
..\Src\fileSystem.c(33): warning:  #177-D: variable "logs"  was declared but never referenced
    int file_size = 0, logs = 0;
..\Src\fileSystem.c: 3 warnings, 0 errors
compiling main.c...
compiling bsp_driver_sd.c...
compiling sd_diskio.c...
compiling fatfs.c...
compiling usb_device.c...
compiling usbd_conf.c...
compiling usbd_desc.c...
compiling usbd_audio_if.c...
compiling stm32f7xx_it.c...
compiling stm32f7xx_hal_msp.c...
compiling stm32f7xx_hal_pcd.c...
compiling stm32f7xx_hal_pcd_ex.c...
compiling stm32f7xx_ll_usb.c...
compiling stm32f7xx_hal_cortex.c...
compiling stm32f7xx_ll_sdmmc.c...
compiling stm32f7xx_hal_sd.c...
compiling stm32f7xx_hal_spi.c...
compiling stm32f7xx_hal_tim.c...
compiling stm32f7xx_hal_tim_ex.c...
compiling stm32f7xx_hal_rcc.c...
compiling stm32f7xx_hal_rcc_ex.c...
compiling stm32f7xx_hal_flash.c...
compiling stm32f7xx_hal_flash_ex.c...
compiling stm32f7xx_hal_gpio.c...
compiling stm32f7xx_hal_dma.c...
compiling stm32f7xx_hal_dma_ex.c...
compiling stm32f7xx_hal_pwr.c...
compiling stm32f7xx_hal_pwr_ex.c...
compiling stm32f7xx_hal.c...
compiling stm32f7xx_hal_i2c_ex.c...
compiling stm32f7xx_hal_i2c.c...
compiling system_stm32f7xx.c...
compiling syscall.c...
compiling diskio.c...
compiling ff.c...
compiling ff_gen_drv.c...
compiling usbd_core.c...
compiling usbd_ctlreq.c...
compiling usbd_ioreq.c...
compiling usbd_audio.c...
linking...
Program Size: Code=29796 RO-data=736 RW-data=396 ZI-data=364220  
FromELF: creating hex file...
"BM_fw\BM_fw.axf" - 0 Error(s), 3 Warning(s).

<h2>Software Packages used:</h2>

Package Vendor: ARM
                http://www.keil.com/pack/ARM.CMSIS.5.0.1.pack
                ARM.CMSIS.5.0.1
                CMSIS (Cortex Microcontroller Software Interface Standard)
   * Component: CORE Version: 5.0.1

Package Vendor: Keil
                http://www.keil.com/pack/Keil.STM32F7xx_DFP.2.9.0.pack
                Keil.STM32F7xx_DFP.2.9.0
                STMicroelectronics STM32F7 Series Device Support, Drivers and Examples

<h2>Collection of Component include folders:</h2>
  .\RTE\_BM_fw
  C:\Keil_v5\ARM\PACK\ARM\CMSIS\5.0.1\CMSIS\Include
  C:\Keil_v5\ARM\PACK\Keil\STM32F7xx_DFP\2.9.0\Drivers\CMSIS\Device\ST\STM32F7xx\Include

<h2>Collection of Component Files used:</h2>

   * Component: ARM::CMSIS:CORE:5.0.1
Build Time Elapsed:  00:03:08
</pre>
</body>
</html>
